
15.dsk
DIAL Name	TBLK	TLEN	BBLK	BLEN
---------	----	----	----	----
X-READ2 	 643	  75	  17	  10
XY-READ2	 124	  76	 246	  11
XY-READ1	 545	  76	 257	  11
MARK12  	    	    	 470	   7
PIP     	    	    	 477	  21
FOCAL12 	    	    	 520	  25
*DUMMY  	    	    	 243	   3
X-READ1 	  27	  75	   6	  11
*DUMMIE 	    	    	 242	   1
*X-RR   	    	    	 236	   4
*RRA    	    	    	 232	   4
*RRB    	    	    	 226	   4
*RRC    	    	    	 222	   4
..YE3   	    	    	    	    
..YE4   	    	    	    	    
..SIC1  	    	    	    	    
..YE4B  	    	    	    	    
..YESYS 	    	    	    	    
..1     	    	    	    	    
..SIC2  	    	    	    	    
..CALL1 	    	    	    	    
..2     	    	    	    	    
..3     	    	    	    	    
..4A    	    	    	    	    
..4B    	    	    	    	    
..RATCH 	    	    	    	    
..5A    	    	    	    	    
..CALLNC	    	    	    	    
..HISQ2 	    	    	    	    
..AL-MS1	    	    	    	    
