
DIAL Name	TBLK	TLEN	BBLK	BLEN
---------	----	----	----	----
*EYE5   	    	    	 261	   4
TESTIBI 	 265	   1	 266	   2
SIKEBEAT	 174	  30	 224	   6
MARK12  	    	    	 470	   7
PIP     	    	    	 477	  21
FOCAL12 	    	    	 520	  25
PSYCHIBI	 545	  35	 242	   7
*EYE1   	    	    	 164	   4
*EYE2   	    	    	 160	   4
*EYEDATA	    	    	 157	   1
*HORDATA	    	    	 156	   1
*VERDATA	    	    	 155	   1
*EYES   	    	    	 151	   4
*EYE3   	    	    	 255	   4
*EYE4   	    	    	 251	   4
MUSIC1  	 240	   2	 236	   2
*EYE4B  	    	    	 141	   4
*EYESYS 	    	    	 232	   4
*E1     	    	    	 170	   4
MUSIC2  	 147	   2	 136	   3
RECALL1 	 606	  14	 132	   4
*E2     	    	    	 126	   4
*E3     	    	    	 122	   4
*E4A    	    	    	 116	   4
*E4B    	    	    	 112	   4
WORDUNIT	  57	  27	 622	   5
*E5A    	    	    	 106	   4
SENTTEST	 146	   1	    	    
*DECODE 	    	    	 602	   4
DIAL-MS1	    	    	 650	  20
SENT1   	 627	   2	    	    
PERCUNIT	  32	  25	 631	   5
BACKUNIT	   6	  24	 636	   5
DISCUNIT	 742	  26	 670	   7
PER1UNIT	 714	  26	 643	   5
*DISCSUM	    	    	 145	   1
*DISCAN1	    	    	 677	   4
*EYEHOR 	    	    	 703	   4
