
17.dsk
DIAL Name	TBLK	TLEN	BBLK	BLEN
---------	----	----	----	----
SHONUM  	 242	   5	    	    
PARLLEL3	 217	  23	 263	   5
CHANGLET	 174	  23	    	    
MARK12  	    	    	 470	   7
PIP     	    	    	 477	  21
FLASHES1	 255	   1	    	    
FLASHES2	 254	   1	    	    
FOCAL12 	    	    	 545	  25
PARLLEL2	 137	  22	 132	   5
..5-S1D1	    	    	    	    
..5-S1D2	    	    	    	    
..5-S2D9	    	    	    	    
*PAR2AN1	    	    	 112	   4
..5-S1D3	    	    	    	    
..5S1D1A	    	    	    	    
..5-S1D4	    	    	    	    
..5-S2D1	    	    	    	    
..5S1D3A	    	    	    	    
..5S1D2A	    	    	    	    
..5-S1D5	    	    	    	    
RECALL1 	 520	  25	 256	   5
..5-S3D1	    	    	    	    
..5S1D4A	    	    	    	    
..5S2D1A	    	    	    	    
..5-S2D2	    	    	    	    
..5S2D2A	    	    	    	    
..5S2D5A	    	    	    	    
..5S2D3A	    	    	    	    
..5S3D2A	    	    	    	    
DIAL-MS1	    	    	 650	  20
..5S2D6A	    	    	    	    
..5-S3D3	    	    	    	    
..5-S2D4	    	    	    	    
..5S2D4A	    	    	    	    
..5S1D5A	    	    	    	    
..5-S3D7	    	    	    	    
..5-S1D6	    	    	    	    
*PAR2POL	    	    	  70	   4
..5-S3D4	    	    	    	    
..5-S2D5	    	    	    	    
..5S3D3A	    	    	    	    
..5S3D4A	    	    	    	    
..5-S1D7	    	    	    	    
..5-S3D5	    	    	    	    
..5S3D5A	    	    	    	    
..5-S1D8	    	    	    	    
..5-S2D6	    	    	    	    
..5-S3D6	    	    	    	    
..5-S1D9	    	    	    	    
..5-S2D7	    	    	    	    
..5S3D7A	    	    	    	    
..5S3D6A	    	    	    	    
..5-S2D8	    	    	    	    
..5S2D7A	    	    	    	    
..5S2D8A	    	    	    	    
..5-S3D8	    	    	    	    
..5S3D8A	    	    	    	    
..5S1D9A	    	    	    	    
..5S1D8A	    	    	    	    
..5S1D7A	    	    	    	    
..5S1D6A	    	    	    	    
..5S3D9A	    	    	    	    
..5-S3D9	    	    	    	    
