
DIAL Name	TBLK	TLEN	BBLK	BLEN
---------	----	----	----	----
SMITH58 	 257	  11	    	    
FOCAL12 	    	    	 470	  25
*XY-R1  	    	    	 253	   4
QSMITH58	 566	   5	    	    
*XY-R2A 	    	    	 247	   4
*XY-R2B 	    	    	 243	   4
SMTH218 	 573	  10	    	    
QSMTH218	 603	   4	    	    
SMITH46 	 607	  12	    	    
QSMITH46	 621	   5	    	    
SMTH230 	 104	  13	    	    
QSMTH230	 117	   4	    	    
SMTH234 	  67	  15	    	    
*X-R2A  	    	    	 237	   4
*X-R1   	    	    	 233	   4
*X-R2B  	    	    	 227	   4
QSMTH234	 223	   4	    	    
DUCKS-1 	 220	   3	    	    
*DUMMY  	    	    	 215	   3
*TEXTAN1	    	    	 211	   4
*XY-R3  	    	    	 205	   4
*X-R3   	    	    	 201	   4
*X-R3A  	    	    	 515	   4
*XY-R3A 	    	    	 175	   4
*XY-R2  	    	    	 521	   4
*X-R2   	    	    	 171	   4
SMTH266 	 157	  12	    	    
QSMTH266	 525	   3	    	    
RAP27   	 530	  14	    	    
QRAP27  	 153	   4	    	    
**      	    	    	 147	   4
*X-R4   	    	    	 544	   4
*XY-R4  	    	    	 143	   4
RAP97   	 550	  16	    	    
QRAP97  	 137	   4	    	    
*COLE1  	    	    	 133	   4
TACH2   	 125	   6	  64	   3
TACH3   	 626	  10	    	    
*TEMP   	    	    	 124	   1
*RECO2E 	    	    	  60	   4
TACH    	 636	   6	    	    
