
DIAL Name	TBLK	TLEN	BBLK	BLEN
---------	----	----	----	----
*RECO2I 	    	    	 264	   4
X-READ3A	 545	  74	 163	  11
XY-READ3	 641	  74	 140	  11
MARK12  	    	    	 470	   7
PIP     	    	    	 477	  21
FOCAL12 	    	    	 520	  25
..YEAN1 	    	    	    	    
X-READ1 	  27	  75	 740	  11
..YESTAT	    	    	    	    
..YEAN2A	    	    	    	    
..YEAN2B	    	    	    	    
..ERDATA	    	    	    	    
..YES   	    	    	    	    
..YE3   	    	    	    	    
..YE4   	    	    	    	    
..SIC1  	    	    	    	    
..YE4B  	    	    	    	    
..YESYS 	    	    	    	    
..1     	    	    	    	    
..SIC2  	    	    	    	    
..CALL1 	    	    	    	    
..2     	    	    	    	    
..3     	    	    	    	    
..4A    	    	    	    	    
..4B    	    	    	    	    
..RATCH 	    	    	    	    
..5A    	    	    	    	    
..CALLNC	    	    	    	    
..HISQ2 	    	    	    	    
..AL-MS1	    	    	    	    
