
27.dsk
DIAL Name	TBLK	TLEN	BBLK	BLEN
---------	----	----	----	----
PREMOVE 	 242	  26	    	    
SACPACK 	 217	  23	    	    
EYEPROG1	 164	  33	    	    
MARK12  	    	    	 470	   7
PIP     	    	    	 477	  21
FOCAL12 	    	    	 520	  25
X-READ4 	  67	  75	 570	  12
PRTC12-F	    	    	 556	  12
X-READ4T	 602	  75	  55	  12
SACPACK1	  27	  26	 545	   5
TACH2   	 677	  10	    	    
TACH    	 707	   6	    	    
TACH3-20	 715	   6	    	    
..YE3   	    	    	    	    
..YE4   	    	    	    	    
..SIC1  	    	    	    	    
..YE4B  	    	    	    	    
..YESYS 	    	    	    	    
..1     	    	    	    	    
..SIC2  	    	    	    	    
..CALL1 	    	    	    	    
..2     	    	    	    	    
..3     	    	    	    	    
..4A    	    	    	    	    
..4B    	    	    	    	    
..RATCH 	    	    	    	    
..5A    	    	    	    	    
..CALLNC	    	    	    	    
..HISQ2 	    	    	    	    
..AL-MS1	    	    	    	    
