
DIAL Name	TBLK	TLEN	BBLK	BLEN
---------	----	----	----	----
*MAKEM1 	    	    	 264	   4
TACHEYE 	 570	  22	    	    
*PRACT1 	    	    	 256	   1
MARK12  	    	    	 470	   7
PIP     	    	    	 477	  21
FOCAL12 	    	    	 520	  25
SACSYS1 	 223	  33	    	    
PRTC12-F	    	    	 556	  12
CARDS1  	 151	  15	    	    
EYETACH1	 166	  35	 257	   5
*TEST2  	    	    	 545	   2
EYETACH2	 113	  36	 547	   5
EYESCOP1	  46	  45	 612	   7
STR18-1 	 621	   6	    	    
STR18-2 	 627	   6	    	    
STR18-3 	 635	   6	    	    
STR18-4 	 643	   6	    	    
STR18-5 	 651	   6	    	    
STR18-6 	 657	   6	    	    
STR18-7 	 665	   6	    	    
STR18-8 	 673	   6	    	    
EYESCOP2	   0	  46	 701	   7
EYESCOP3	 710	  47	 757	   7
CATHY1  	    	    	 766	   4
..4B    	    	    	    	    
..RATCH 	    	    	    	    
..5A    	    	    	    	    
..CALLNC	    	    	    	    
..HISQ2 	    	    	    	    
..AL-MS1	    	    	    	    
