
DIAL Name	TBLK	TLEN	BBLK	BLEN
---------	----	----	----	----
*PTREP-1	    	    	 262	   6
*PTREP-2	    	    	 254	   6
*PTREP-3	    	    	 246	   6
MARK12  	    	    	 470	   7
PIP     	    	    	 477	  21
FOCAL12 	    	    	 520	  25
*PTREP-4	    	    	 240	   6
PRTC12-F	    	    	 556	  12
EYESCOP6	  45	  37	 224	   6
STR18C-3	    	    	 545	   6
STR18C-5	    	    	 570	   6
STR18C-4	    	    	 160	   6
STR18C-6	    	    	 576	   6
PARTREP2	 104	  42	 232	   6
STR18C-7	    	    	 152	   6
STR18C-8	    	    	 604	   6
WHOLREP1	 612	  46	 215	   7
*PR2AN1 	    	    	 211	   4
*P2-5-2 	    	    	 207	   2
*P2-5-3 	    	    	 205	   2
*P2-5-4 	    	    	 203	   2
*P2-5-5 	    	    	 201	   2
*P2-5-6 	    	    	 177	   2
*P2-5-7 	    	    	 175	   2
*P2-5-8 	    	    	 173	   2
*P2-5-9 	    	    	 171	   2
*P2-5-10	    	    	 167	   2
*P2-5-11	    	    	 150	   2
*P2-5-12	    	    	 146	   2
*P2-5-13	    	    	 553	   2
*P2-5-14	    	    	  43	   2
*P2-5-15	    	    	  41	   2
*P2-5-16	    	    	  37	   2
*PR2AN2 	    	    	  33	   4
*P2-5   	    	    	 660	  36
*PR2COMB	    	    	  27	   4
*PR2TRAN	    	    	  23	   4
*PR2REV 	    	    	  17	   4
*PCTPOOL	    	    	  13	   4
*MAKEOBS	    	    	   7	   4
*CHISQ  	    	    	   3	   4
*SPCOND 	    	    	 716	   4
*P2-7   	    	    	 722	  50
*E5-Q3  	    	    	 166	   1
*E5-Q6  	    	    	 555	   1
*E5-D3  	    	    	   2	   1
*E5-D6  	    	    	   1	   1
*E5-Q3P 	    	    	   0	   1
*E5-Q6P 	    	    	 772	   1
