
DIAL Name	TBLK	TLEN	BBLK	BLEN
---------	----	----	----	----
EYESCOP4	 221	  47	 212	   7
*F-2-24 	    	    	 210	   2
*FLAN4  	    	    	 570	   4
MARK12  	    	    	 470	   7
PIP     	    	    	 477	  21
FOCAL12 	    	    	 520	  25
*AN1    	    	    	 574	   4
PRTC12-F	    	    	 556	  12
*AN2    	    	    	 600	   4
*NF-4-21	    	    	 206	   2
*F-4-22 	    	    	 204	   2
*NF-4C  	    	    	 174	  10
*F-4-23 	    	    	 172	   2
*NF-4-24	    	    	 170	   2
*F-1-19 	    	    	 166	   2
STR18-3 	 635	   6	    	    
STR18-4 	 643	   6	    	    
STR18-5 	 651	   6	    	    
STR18-6 	 657	   6	    	    
STR18-7 	 665	   6	    	    
STR18-8 	 673	   6	    	    
*NF-1-20	    	    	 164	   2
*NF-1-21	    	    	 162	   2
*F-1-22 	    	    	 160	   2
*NF-1C  	    	    	 150	  10
*F-1C   	    	    	 545	  10
PARTREP1	 112	  36	 101	   7
*F-1-23 	    	    	 604	   2
*NF-1-24	    	    	 606	   2
*NF-4-20	    	    	 110	   2
*AN5A   	    	    	 610	   4
*AN5    	    	    	 614	   4
*AN6    	    	    	  75	   4
*SCRATCH	    	    	 555	   1
..-4B   	    	    	    	    
*F-2-17 	    	    	 630	   2
*NF-2-18	    	    	  64	   2
*NF-2-19	    	    	 632	   2
*F-2-20 	    	    	  62	   2
*F-2C   	    	    	  52	  10
*NF-2C  	    	    	  42	  10
*NF-4-17	    	    	  40	   2
..-4-17 	    	    	    	    
*F-4-18 	    	    	  34	   2
*NF-1-17	    	    	  32	   2
*F-1-18 	    	    	  30	   2
*F-4-19 	    	    	  26	   2
..F-4-20	    	    	    	    
..F-4C  	    	    	    	    
*F-4C   	    	    	 701	  10
*F-2-21 	    	    	  12	   2
*NF-2-22	    	    	  10	   2
..-5-2  	    	    	    	    
..F-5-3 	    	    	    	    
..F-5-4 	    	    	    	    
..-5-6  	    	    	    	    
..F-5-7 	    	    	    	    
..F-5-8 	    	    	    	    
..-5-9  	    	    	    	    
..-5-5  	    	    	    	    
..F-5   	    	    	    	    
..-5    	    	    	    	    
*NF-2-23	    	    	 741	   2
