
DIAL Name	TBLK	TLEN	BBLK	BLEN
---------	----	----	----	----
EYESCOP4	 221	  47	 212	   7
*NF-2-25	    	    	 210	   2
*FLAN4  	    	    	 570	   4
MARK12  	    	    	 470	   7
PIP     	    	    	 477	  21
FOCAL12 	    	    	 520	  25
*AN1    	    	    	 574	   4
PRTC12-F	    	    	 556	  12
*AN2    	    	    	 600	   4
*F-2-26 	    	    	 206	   2
*F-2-27 	    	    	 204	   2
*NF-2-28	    	    	 202	   2
*NF-2-29	    	    	 200	   2
*F-2-30 	    	    	 176	   2
*NF-2D  	    	    	 166	  10
STR18-3 	 635	   6	    	    
STR18-4 	 643	   6	    	    
STR18-5 	 651	   6	    	    
STR18-6 	 657	   6	    	    
STR18-7 	 665	   6	    	    
STR18-8 	 673	   6	    	    
*F-2D   	    	    	 156	  10
*NF-4-25	    	    	 154	   2
*F-4-26 	    	    	 152	   2
*F-4-27 	    	    	 150	   2
*NF-4-28	    	    	 545	   2
PARTREP1	 701	  37	 142	   6
*NF-4-29	    	    	 547	   2
*F-4-30 	    	    	 551	   2
*NF-4D  	    	    	 604	  10
*F-4D   	    	    	 614	  10
*F-2-31 	    	    	 553	   2
*NF-2-32	    	    	 110	   2
*F-4-31 	    	    	  77	   2
*NF-4-32	    	    	  75	   2
*MAST   	  73	   2	    	    
*MAKE1  	    	    	  67	   4
*MAKE2  	    	    	 624	   4
*TYPE1  	    	    	  63	   4
*MASTER 	    	    	  55	   6
*AN3    	    	    	 630	   4
*AN4    	    	    	  51	   4
*AN5    	    	    	  45	   4
*AN5A   	    	    	  41	   4
*NF-1-25	    	    	  37	   2
*F-1-26 	    	    	  35	   2
*NF-1D  	    	    	  25	  10
*F-1D   	    	    	  15	  10
*SCRATCH	    	    	 555	   1
*PTREP-1	    	    	 134	   6
*PTREP-2	    	    	 126	   6
*PTREP-3	    	    	 120	   6
*PTREP-4	    	    	 112	   6
*F-1-27 	    	    	 106	   2
*NF-1-28	    	    	 104	   2
*NF-1-29	    	    	 102	   2
*F-1-30 	    	    	  13	   2
*F-1-31 	    	    	  11	   2
*NF-1-32	    	    	   7	   2
*AN7    	    	    	   3	   4
*ESTCOR1	    	    	 740	   4
..-5    	    	    	    	    
..F-2-23	    	    	    	    
