
algol12.dsk
DIAL Name	TBLK	TLEN	BBLK	BLEN
---------	----	----	----	----
FOCAL12 	    	    	 243	  25
PIP     	    	    	 470	  21
MARK12  	    	    	 511	   7
NEXTCH  	 237	   4	    	    
NEXSYM  	 224	  13	    	    
XXNEXSYM	 175	  13	 221	   3
PPNEXSYM	 165	  10	    	    
MAGSPY  	    	    	 210	  10
NEXSYM**	 520	  10	    	    
LIFE    	    	    	 612	  21
CATACAL 	    	    	 107	  21
EYEPACK1	    	    	 154	  11
PATTERNS	 530	   3	 533	   2
DFORTRAN	 535	  12	 151	   3
DFORTAN 	    	    	 146	   3
DFORT   	 134	  12	 547	   3
FLXDISPX	  12	  75	 552	   6
..INMAX 	    	    	    	    
..STEST 	    	    	    	    
..SISI2 	    	    	    	    
TAPEDUMP	    	    	 564	  12
PLSHGHT 	    	    	 576	  11
..COND  	    	    	    	    
..SISI1 	    	    	    	    
..NTEG  	    	    	    	    
..SHIST 	    	    	    	    
..INTEST	    	    	    	    
..NTIND 	    	    	    	    
..TYPLT 	    	    	    	    
..TCH   	    	    	    	    
..OISSON	    	    	    	    
..INTEG 	    	    	    	    
..      	    	    	    	    
..IFF   	    	    	    	    
..WKLOOK	    	    	    	    
..EMP   	    	    	    	    
..RTEMP 	    	    	    	    
..SRPD  	    	    	    	    
..EST   	    	    	    	    
..SFIX  	    	    	    	    
..PDANAL	    	    	    	    
..SUBT  	    	    	    	    
SINPRE  	    	    	 660	  12
ADCON   	    	    	 732	  12
..0CAL  	    	    	    	    
