
DIAL Name	TBLK	TLEN	BBLK	BLEN
---------	----	----	----	----
*RECO2-1	    	    	 264	   4
*NC-DATA	    	    	 262	   2
*NO-DATA	    	    	 260	   2
MARK12  	    	    	 470	   7
PIP     	    	    	 477	  21
FOCAL12 	    	    	 520	  25
..YEAN1 	    	    	    	    
..READ1 	    	    	    	    
..YESTAT	    	    	    	    
..YEAN2A	    	    	    	    
..YEAN2B	    	    	    	    
..ERDATA	    	    	    	    
..YES   	    	    	    	    
..YE3   	    	    	    	    
..YE4   	    	    	    	    
..SIC1  	    	    	    	    
..YE4B  	    	    	    	    
..YESYS 	    	    	    	    
..1     	    	    	    	    
..SIC2  	    	    	    	    
..CALL1 	    	    	    	    
..2     	    	    	    	    
..3     	    	    	    	    
..4A    	    	    	    	    
..4B    	    	    	    	    
..RATCH 	    	    	    	    
..5A    	    	    	    	    
..CALLNC	    	    	    	    
..HISQ2 	    	    	    	    
..AL-MS1	    	    	    	    
