
DIAL Name	TBLK	TLEN	BBLK	BLEN
---------	----	----	----	----
..ADER. 	    	    	    	    
..G01-3.	    	    	    	    
..G11-4.	    	    	    	    
..ITLIZ.	    	    	    	    
..EETIN.	    	    	    	    
..LLOON.	    	    	    	    
..G04-4.	    	    	    	    
..OINDX.	    	    	    	    
..AND A.	    	    	    	    
..A-DTST	    	    	    	    
..DATA12	    	    	    	    
..MAGSPY	    	    	    	    
..FRQANA	    	    	    	    
..DIAL  	    	    	    	    
..FREQ12	    	    	    	    
..WAVES 	    	    	    	    
..B.BALL	    	    	    	    
..BASMEM	    	    	    	    
..SOLACE	    	    	    	    
..MUSIC 	    	    	    	    
CATACAL 	    	    	 242	  21
NMRSIM  	    	    	 222	  20
TISA    	    	    	 526	  20
ADTAPE  	    	    	 546	  16
ADCON   	    	    	 564	  12
SIGAVG1 	    	    	 576	  10
SINPRE  	    	    	 141	  12
SIGAVG2 	    	    	 131	  10
GREETING	    	    	 776	   1
INDEXSRC	 263	   5	    	    
SIGAVG4 	    	    	 617	  12
FOCAL4K 	    	    	 110	  21
..RSIME 	    	    	    	    
MARK12  	    	    	 511	   7
PIP     	    	    	 470	  21
LIFE    	    	    	 651	  21
FOCAL-12	    	    	 711	  25
TISAV2  	    	    	 736	  20
BINLOAD 	    	    	 520	   3
FFTD    	    	    	 672	  17
..RE    	    	    	    	    
..CAL4K 	    	    	    	    
..ROLS  	    	    	    	    
..T     	    	    	    	    
..ADER  	    	    	    	    
..ITLIZE	    	    	    	    
..G0    	    	    	    	    
..G1    	    	    	    	    
..LLOON 	    	    	    	    
..T     	    	    	    	    
..IT    	    	    	    	    
..-15-70	    	    	    	    
