
lap6a-3l.dsk
LAP6 Name	TBLK	TLEN	BBLK	BLEN
---------	----	----	----	----
PROGOFOP	    	    	   0	  12
NEW INDX	 332	   5	 330	   2
GUIDE CL	    	    	 400	   1
QA SUB  	    	    	 403	   1
CAST L8 	    	    	 337	   2
MARK L8 	    	    	 341	   3
COPY8   	    	    	 344	   3
COMPAR  	    	    	 347	   3
INDEX MS	 352	   4	    	    
MATHOB  	    	    	 356	   2
LMATHM  	 360	   1	    	    
LMATHB  	    	    	 361	   1
CHRIS   	 362	   3	    	    
CHRISB  	    	    	 365	   2
CHRISM  	 404	  12	    	    
CRAIG   	 367	   4	 373	   3
XFER    	 453	  11	    	    
BARRYD  	 426	  13	    	    
IODIS   	 442	   5	    	    
IOTTY   	 447	   4	    	    
HARHPX  	    	    	1376	   2
HARHP   	    	    	 401	   2
HHXFER  	 464	   4	 416	   1
STRTHH  	 422	   1	 423	   1
ALTMOD  	 424	   1	    	    
CPRO    	    	    	 470	   4
