
leap-copy-2.dsk
LAP6 Name	TBLK	TLEN	BBLK	BLEN
---------	----	----	----	----
PROGOFOP	    	    	   0	  12
NEW INDX	 332	   5	 330	   2
GUIDE CL	    	    	 400	   1
QA SUB  	    	    	 403	   1
CAST L8 	    	    	 337	   2
MARK L8 	    	    	 341	   3
COPY8   	    	    	 344	   3
COMPAR  	    	    	 347	   3
INDEX MS	 352	   4	    	    
LISTONG 	 356	  12	 466	   3
SAMN    	 370	   2	    	    
ISOSET  	 372	   2	    	    
ISOPLT  	 374	   2	    	    
QIKDIV  	 376	   1	    	    
DIVSUB  	 401	   2	    	    
IOSUBS  	 404	  21	    	    
KONSTANT	 425	   1	    	    
FALLTHRU	 426	   1	    	    
JUMP-FF 	 427	   1	    	    
IOCHAR  	 430	   5	    	    
CUTESUBS	 435	   3	    	    
IOLINE  	 440	   7	    	    
IOTAPE  	 447	   4	    	    
LOOKIE  	 453	   4	    	    
DESCRIBE	 457	   7	    	    
TECSUB  	 471	   2	    	    
EXPNTL  	 473	   2	    	    
NATLOG  	 475	   2	    	    
SQROOT  	 477	   1	    	    
DBLFLT  	 500	  10	    	    
DFTAGS  	 510	   2	    	    
IFORL8  	 512	   5	    	    
MSGDIS  	 136	   2	    	    
OFORL8  	 517	   5	    	    
SPFLT   	 524	   4	    	    
