
nagel-2.dsk
LAP6 Name	TBLK	TLEN	BBLK	BLEN
---------	----	----	----	----
PROGOFOP	 314	  62	    	    
USE     	 410	   1	 400	  10
RNQA    	 414	  16	    	    
TEMP    	 215	   7	    	    
RNQA02  	  73	  16	    	    
RDDB    	 412	   2	    	    
JUN30   	 446	   6	4454	  12
STR     	 435	   2	    	    
LINC1   	 311	   3	 437	   1
PROG    	 224	  62	    	    
SAVE8   	    	    	7500	  10
JUL10   	 510	   6	7516	   7
TEMP1   	 434	   1	    	    
QNA     	 440	   6	    	    
RANQAYZW	 557	  12	 307	   2
A       	 571	  41	 153	  10
MATSTA  	 306	   1	    	    
MATSTB  	 150	   3	    	    
MATSTC  	 476	   2	7432	   2
TEMP2   	 205	  10	    	    
D2B2DT  	 176	   7	    	    
BETH01  	 713	  33	 111	   6
DIST    	 633	   1	 634	   5
BETH02  	   7	  33	 746	   6
KENA01  	 525	  32	 466	  10
RNQA01  	 646	  12	    	    
MATST   	 163	  13	    	    
MATSTD  	 123	  25	    	    
MATSTD8 	 411	   1	    	    
MATSTE  	 660	  26	  63	  10
