
DIAL Name	TBLK	TLEN	BBLK	BLEN
---------	----	----	----	----
*HEADR  	    	    	 264	   4
*SHOW   	    	    	 260	   4
*MON    	    	    	 254	   4
*ROW    	    	    	 250	   4
*BIN    	    	    	 244	   4
PRTFIL  	    	    	 470	 252
*HOLD   	    	    	 240	   4
*CROSS  	    	    	 234	   4
*VAI    	    	    	 230	   4
FOCAL12 	    	    	 203	  25
..RA    	    	    	    	    
..RB    	    	    	    	    
..RC    	    	    	    	    
..YE3   	    	    	    	    
..YE4   	    	    	    	    
..SIC1  	    	    	    	    
..YE4B  	    	    	    	    
..YESYS 	    	    	    	    
..1     	    	    	    	    
..SIC2  	    	    	    	    
..CALL1 	    	    	    	    
..2     	    	    	    	    
..3     	    	    	    	    
..4A    	    	    	    	    
..4B    	    	    	    	    
..RATCH 	    	    	    	    
..5A    	    	    	    	    
..CALLNC	    	    	    	    
..HISQ2 	    	    	    	    
..AL-MS1	    	    	    	    
