
DIAL Name	TBLK	TLEN	BBLK	BLEN
---------	----	----	----	----
TRIGCOL 	    	    	 250	   6
MAGSPY  	    	    	 231	  10
TAPEDUMP	    	    	 210	  12
SYSTEM  	    	    	   0	 200
GLITCH  	    	    	 264	   4
DATCOL  	    	    	 243	   5
PRINTDAT	    	    	 256	   5
FOURIER 	    	    	 500	   5
MARK12  	    	    	 222	   7
MRK12B  	    	    	 471	   7
FORCHN  	    	    	 201	   7
FOURENS 	    	    	 505	   7
DISRATIO	    	    	 514	   6
RATIOB  	    	    	 522	  13
RATIO   	    	    	 241	   2
INNAME  	 672	   2	    	    
OUTNAME 	 535	   2	    	    
KEYVAL  	 470	   1	    	    
PIP     	    	    	 563	  21
MSTRFOC 	 263	   1	    	    
CHISQR  	    	    	 537	   5
UTEST   	    	    	 544	   5
FOCFILE 	    	    	 551	   6
DIALMAKE	    	    	 604	   5
KEY1    	 200	   1	    	    
OUT1    	 557	   1	    	    
CNTRL   	 561	   1	    	    
AVERAGE 	    	    	 611	   6
AVERGEF 	    	    	 617	   7
AVERAGEF	    	    	 626	   7
AVGFS   	    	    	 635	   7
TTEST   	    	    	 644	   6
AVGPRTF 	    	    	 652	   3
STAT    	    	    	 655	   4
AVGPRTFS	    	    	 661	   3
CHISQRK 	    	    	 664	   3
DOBANDS 	    	    	 667	   3
SYSFILE 	    	    	 674	   5
KEYCNTRL	 560	   1	    	    
MUVTWO  	    	    	 701	   4
GLITCHD 	    	    	 705	   4
FORCHND 	    	    	 711	  11
MUVER   	 562	   1	    	    
PDP11DAT	 722	  24	 746	   3
..YCOM  	    	    	    	    
..GCOM  	    	    	    	    
..OTALL 	    	    	    	    
..TCOM  	    	    	    	    
..AVCOM 	    	    	    	    
..PLTCOM	    	    	    	    
