
sigsys-12ms-command.dsk
DIAL Name	TBLK	TLEN	BBLK	BLEN
---------	----	----	----	----
VIEW    	 146	  37	 262	   6
VIEWPRNT	 213	  20	 251	   4
PBLOCKI 	 501	  11	    	    
DECODE2 	 573	  23	 256	   4
MOD2    	 244	   5	 524	   2
MOD3    	 236	   6	 526	   2
MOD4    	 555	   6	 234	   2
MOD5    	 206	   5	 533	   2
MOD6    	 543	   5	 535	   2
MOD7    	 137	   7	 530	   2
PBLOCK  	 470	  11	    	    
MOD4-8E 	 616	  11	 125	   2
MOD36   	 512	  10	 522	   2
MOD37   	 107	   5	 553	   2
MOD40   	 127	  10	 537	   2
MOD41   	 563	   6	 541	   2
MOD10-11	 114	  10	 550	   3
MOD6-8E 	  73	  10	 571	   2
DSK     	 103	   4	    	    
EXEC38TM	  30	  43	 627	  11
