
sigsys-12ms-nice-subroutines.dsk
DIAL Name	TBLK	TLEN	BBLK	BLEN
---------	----	----	----	----
CHSET   	 264	   4	    	    
FASFIX  	 262	   2	    	    
DISKY328	 256	   4	    	    
PBLOCK  	 245	  11	    	    
PBLOCKI 	 234	  11	    	    
SAGE    	 232	   2	    	    
SAMTTY  	 230	   1	    	    
VRMS    	 225	   3	    	    
ONESET  	 222	   3	    	    
SUBINTBL	 472	   7	    	    
INPUTABL	 212	  10	 470	   2
2DILFIL 	 501	  12	    	    
COSINE  	 231	   1	    	    
ARCTAN  	 210	   2	    	    
RADIAN  	 207	   1	    	    
LOGPROG 	 550	   5	 205	   2
DFDISKY 	 201	   4	    	    
COMDISKY	 513	   5	    	    
DISKY8E 	 177	   2	    	    
DISK328E	 166	   5	    	    
ARCSIN  	 520	   2	    	    
DEGRAD  	 173	   1	    	    
3DILFIL 	 522	  14	    	    
FPPASM  	    	    	 143	  22
MONTEST 	 536	   5	 175	   2
ANTILOG 	 543	   3	    	    
LOG     	 546	   2	    	    
MAKTAP  	 137	   2	 141	   2
TU58    	 555	   7	    	    
TTEST   	 132	   5	    	    
COCALC  	 125	   5	    	    
