
DIAL Name	TBLK	TLEN	BBLK	BLEN
---------	----	----	----	----
TEXT    	 266	   2	    	    
..CPACK 	    	    	    	    
..EPROG1	    	    	    	    
MARK12  	    	    	 470	   7
PIP     	    	    	 477	  21
FOCAL12 	    	    	 520	  25
..READ4 	    	    	    	    
..TC12-F	    	    	    	    
..READ4T	    	    	    	    
..CPACK1	    	    	    	    
..CH2   	    	    	    	    
..CH    	    	    	    	    
..RC    	    	    	    	    
..YE3   	    	    	    	    
..YE4   	    	    	    	    
..SIC1  	    	    	    	    
..YE4B  	    	    	    	    
..YESYS 	    	    	    	    
..1     	    	    	    	    
..SIC2  	    	    	    	    
..CALL1 	    	    	    	    
..2     	    	    	    	    
..3     	    	    	    	    
..4A    	    	    	    	    
..4B    	    	    	    	    
..RATCH 	    	    	    	    
..5A    	    	    	    	    
..CALLNC	    	    	    	    
..HISQ2 	    	    	    	    
..AL-MS1	    	    	    	    
