
DIAL Name	TBLK	TLEN	BBLK	BLEN
---------	----	----	----	----
PIP     	    	    	 247	  21
MARK12  	1512	  50	 470	   7
FOCAL-12	    	    	 477	  26
FOCAL4K 	 776	   1	 226	  21
$THRUF0 	1562	  12	 525	   4
CATACAL 	    	    	 531	  21
MAGSPY  	    	    	 216	  10
QANDA   	 660	  17	 213	   3
MILDRED 	 677	  35	 210	   3
SIGAVG1 	    	    	 200	  10
LIFE    	    	    	 552	  21
GENASYS 	    	    	 164	   5
DIAL-MS1	    	    	 573	  20
DIAL-MS2	    	    	 144	  20
DIAL-MS3	    	    	 613	   6
DIAL-MS4	    	    	 124	  20
TISA    	    	    	 621	  20
DISPLAY 	 107	  13	 122	   2
ADTAPE  	    	    	  71	  16
ADCON   	    	    	  57	  12
NMRSIM  	    	    	  37	  20
CREF12  	    	    	 171	   7
L8SIM   	    	    	  34	   3
FFTD    	    	    	 641	  17
SIGAVG2 	    	    	  24	  10
FRED    	 734	  40	    	    
SIGAVG4 	    	    	  12	  12
SINPRE  	1450	  36	   0	  12
FFTC-1  	1000	  50	    	    
FFTC-2  	1050	  33	    	    
MILQAN  	1103	  54	    	    
SIN256  	1157	   4	    	    
LIFE B01	1163	  37	    	    
LIFE B4 	1222	  43	    	    
LIFE B5 	1265	  22	    	    
LIFE B6 	1307	  47	    	    
SIGAVG  	1356	  65	    	    
CNTRL2  	1443	   3	    	    
CNTRL4  	1506	   4	    	    
**SE2E**	 777	   1	    	    
