   1            /EXTENDED FUNCTION PACKAGE FOR FOCAL 5/69
   2            /E.A.TAFT, 6/10/69
   3            /
   4            /FSIN:  SIN(X)          X IN RADIANS
   5            /FCOS:  COS(X)          X IN RADIANS
   6            /FATN:  ARC TAN(X)      RESULT IN RADIANS
   7            /FEXP:  EXP(X)
   8            /FLOG:  LN(X)
   9            /////
  10            /DEFINITIONS
  11            FIXMRI FAD=1000
  12            FIXMRI FSB=2000
  13            FIXMRI FMY=3000
  14            FIXMRI FDV=4000
  15            FIXMRI FGT=5000
  16            FIXMRI FPT=6000
  17            FNR=7000
  18            FENT=4407
  19            FEXT=0
  20                    FIXTAB
  21            /////
  22            NEGATE= 4450
  23            GETSGN= 1045
  24            RETURN= 5500
  25            SN=     10
  26            FIX=    4452
  27            PUSHA=  4503
  28            POPA=   1413
  29            FLAC=   44
  30            FLTEMP= 7545
  31            FLTONE= 1573
  32            PDLXR=  13
  33            ERROR=  4526
  34            FLOAT=  4430
  35            FNTABF= 571
  36            BOTTOM= 27
  37            COMGO=  1164
  38            SORTJ=  4510
  39            M5=     67
  40            CNTR=   132
  41            AXIN=   10
  42            TSTERM= 4565
  43            PROC=   616
  44            ERROR5= 2735
  45            DBCONV= 5600
  46            *BOTTOM
  47 00027 5112         FCOS-1          /TOP OF TEXT
  48            *FNTABF+7
  49 00600 5335         FATN            /POINTERS TO EXTENDED FUNCTIONS
  50 00601 5202         FEXP
  51 00602 5454         FLOG
  52 00603 5117         FSIN
  53 00604 5113         FCOS
  54            /////
  55            /ENABLE A "LIBRARY DELETE" COMMAND
  56            /WHICH WILL DELETE THE EXTENDED FUNCTIONS AND
  57            /FREE MORE FOR USER AREA.
  58            *COMGO+10
  59 01174 6556         LIBRARY
  60            *6555
  61 06555 0304 LIBLST, "D
  62            /////
  63 06556 4510 LIBRARY,SORTJ           /"LIBRARY" - EXPANDABLE COMMAND
  64 06557 6554                 LIBLST-1
  65 06560 0022                 LIBGO-LIBLST
  66 06561 4526         ERROR           /ILLEGAL LIBRARY COMMAND
  67            /////
  68 06562 1067 LIBD,   TAD M5          /DELETE THE EXTENDED FUNCTIONS
  69 06563 3132         DCA CNTR
  70 06564 1375         TAD EXTAB
  71 06565 3010         DCA AXIN
  72 06566 1175         TAD PERROR
  73 06567 3410         DCA I AXIN      /SET ERROR5 POINTERS
  74 06570 2132         ISZ CNTR
  75 06571 5366         JMP .-3
  76 06572 1376         TAD DTOP
  77 06573 3027         DCA BOTTOM      /MOVE TOP POINTER UP
  78 06574 5261         JMP 6461        /OPTRET (TO REACH END OF COMMAND)
  79            /////
  80 06575 0577 EXTAB,  FNTABF+6
  81 06576 5577 DTOP,   DBCONV-1
  82 06577 6562 LIBGO,  LIBD
  83            *175
  84 00175 2735 PERROR, ERROR5
  85            /FOCAL EXTENDED FUNCTIONS
  86            *5113
  87            /       COSINE
  88 05113 4450 FCOS,   NEGATE          /COS(X)=SIN(PI/2-X)
  89 05114 4407         FENT
  90 05115 1772         FAD I PI2
  91 05116 0000         FEXT
  92            /////
  93            /       SINE
  94 05117 1045 FSIN,   GETSGN
  95 05120 7450         SNA
  96 05121 5500         RETURN          /SIN(0)=0
  97 05122 7710         SPA CLA
  98 05123 4771         JMS I NEG2      /SIN(-X)=-SIN(X)
  99 05124 3010         DCA SN
 100 05125 4407         FENT
 101 05126 4374         FDV TWOPI       /REDUCE MODULO 2 PI
 102 05127 6773         FPT I X2
 103 05130 0000         FEXT
 104 05131 4452         FIX
 105 05132 4450         NEGATE
 106 05133 4407         FENT
 107 05134 7000         FNR
 108 05135 1773         FAD I X2
 109 05136 3374         FMY TWOPI
 110 05137 6773         FPT I X2
 111 05140 2377         FSB PI
 112 05141 0000         FEXT
 113 05142 1045         GETSGN          /X<PI?
 114 05143 7710         SPA CLA
 115 05144 5353         JMP PCHECK      /YES
 116 05145 4407         FENT            /NO, SIN(X-PI)=-SIN(X)
 117 05146 6773         FPT I X2
 118 05147 0000         FEXT
 119 05150 1010         TAD SN
 120 05151 7040         CMA
 121 05152 3010         DCA SN
 122 05153 4407 PCHECK, FENT            /X<PI/2?
 123 05154 5773         FGT I X2
 124 05155 2772         FSB I PI2
 125 05156 0000         FEXT
 126 05157 1045         GETSGN
 127 05160 7710         SPA CLA
 128 05161 5367         JMP PALGO       /YES
 129 05162 4407         FENT            /NO, SIN(X)=SIN(PI-X)
 130 05163 5377         FGT PI
 131 05164 2773         FSB I X2
 132 05165 6773         FPT I X2
 133 05166 0000         FEXT
 134 05167 5770 PALGO,  JMP I .+1       /PERFORM POWER SERIES EXPANSION
 135 05170 5540                 PALG
 136            
 137 05171 5321 NEG2,   FNEG
 138 05172 5413 PI2,    PIOT
 139 05173 5325 X2,     X
 140 05174 0003 TWOPI,  0003
 141 05175 3110         3110
 142 05176 3761         3761
 143 05177 0002 PI,     0002
 144 05200 3110         3110
 145 05201 3761         3761
 146            /       EXPONENTIAL
 147 05202 1045 FEXP,   GETSGN          /TAKE ABSOLUTE VALUE
 148 05203 7710         SPA CLA
 149 05204 4321         JMS FNEG
 150 05205 3010         DCA SN
 151 05206 4407         FENT
 152 05207 3272         FMY LG2E
 153 05210 6325         FPT X
 154 05211 0000         FEXT
 155 05212 4452         FIX
 156 05213 4503         PUSHA           /SAVE INTEGER PART
 157 05214 4450         NEGATE
 158 05215 4407         FENT
 159 05216 7000         FNR
 160 05217 1325         FAD X           /RETAIN FRACTIONAL PART
 161 05220 6325         FPT X
 162 05221 3325         FMY X
 163 05222 6330         FPT XSQR
 164 05223 1267         FAD DF
 165 05224 6733         FPT I TP
 166 05225 5264         FGT CF
 167 05226 4733         FDV I TP
 168 05227 2325         FSB X
 169 05230 1256         FAD AF
 170 05231 6733         FPT I TP
 171 05232 5261         FGT BF
 172 05233 3330         FMY XSQR
 173 05234 1733         FAD I TP
 174 05235 6733         FPT I TP
 175 05236 5325         FGT X
 176 05237 4733         FDV I TP
 177 05240 3275         FMY TWO
 178 05241 1734         FAD I ONEPT
 179 05242 0000         FEXT
 180 05243 1413         POPA
 181 05244 1044         TAD FLAC
 182 05245 3044         DCA FLAC
 183 05246 2010         ISZ SN          /EXP(-X)=1/EXP(X)
 184 05247 5500         RETURN
 185 05250 4407         FENT
 186 05251 6325         FPT X
 187 05252 5734         FGT I ONEPT
 188 05253 4325         FDV X
 189 05254 0000         FEXT
 190 05255 5500         RETURN
 191            /EXP AND ARCTANGENT CONSTANTS
 192 05256 0004 AF,     0004
 193 05257 2372         2372
 194 05260 1402         1402
 195 05261 7774 BF,     7774
 196 05262 2157         2157
 197 05263 5157         5157
 198 05264 0012 CF,     0012
 199 05265 5454         5454
 200 05266 0343         0343
 201 05267 0007 DF,     0007
 202 05270 2566         2566
 203 05271 5341         5341
 204 05272 0001 LG2E,   0001
 205 05273 2705         2705
 206 05274 2435         2435
 207 05275 0002 TWO,    0002
 208 05276 2000         2000
 209 05277 0000 BET1,   0000
 210 05300 2427         2427
 211 05301 2323         2323
 212 05302 7775 BET2,   7775
 213 05303 3427         3427
 214 05304 7052         7052
 215 05305 0000 BETZ,   0000
 216 05306 2437         2437
 217 05307 1646         1646
 218 05310 7773 ALF2,   7773
 219 05311 3306         3306
 220 05312 5454         5454
 221 05313 7777 ALF1,   7777
 222 05314 3304         3304
 223 05315 4434         4434
 224 05316 0000 ALFZ,   0000
 225 05317 2437         2437
 226 05320 1643         1643
 227            /////
 228            /ROUTINE TO NEGATE FLAC AND RETURN WITH AC=7777
 229 05321 0000 FNEG,   0
 230 05322 4450         NEGATE
 231 05323 7040         CMA
 232 05324 5721         JMP I FNEG
 233            /VARIABLES
 234 05325 0000 X,      0
 235 05326 0000         0
 236 05327 0000         0
 237 05330 0000 XSQR,   0
 238 05331 0000         0
 239 05332 0000         0
 240            /POINTERS
 241 05333 7545 TP,     FLTEMP
 242 05334 1573 ONEPT,  FLTONE
 243            /      ARC TANGENT
 244 05335 1045 FATN,   GETSGN          /TAKE ABSOLUTE VALUE
 245 05336 7710         SPA CLA
 246 05337 4321         JMS FNEG
 247 05340 3010         DCA SN
 248 05341 4407         FENT
 249 05342 6325         FPT X
 250 05343 5325         FGT X
 251 05344 2734         FSB I ONEPT
 252 05345 0000         FEXT
 253 05346 1045         GETSGN
 254 05347 7710         SPA CLA
 255 05350 5357         JMP GO
 256 05351 4407         FENT
 257 05352 5734         FGT I ONEPT
 258 05353 4325         FDV X
 259 05354 6325         FPT X
 260 05355 0000         FEXT
 261 05356 7040         CMA
 262 05357 4503 GO,     PUSHA           /SIGN FLAG
 263 05360 4407         FENT
 264 05361 5325         FGT X
 265 05362 3325         FMY X
 266 05363 6330         FPT XSQR
 267 05364 3302         FMY BET2
 268 05365 1277         FAD BET1
 269 05366 3330         FMY XSQR
 270 05367 1305         FAD BETZ
 271 05370 6733         FPT I TP
 272 05371 5310         FGT ALF2
 273 05372 3330         FMY XSQR
 274 05373 1313         FAD ALF1
 275 05374 3330         FMY XSQR
 276 05375 1316         FAD ALFZ
 277 05376 3325         FMY X
 278 05377 4733         FDV I TP
 279 05400 0000         FEXT
 280 05401 2413         ISZ I PDLXR     /CHECK SIGN FLAG
 281 05402 5207         JMP EXIT2
 282 05403 4450         NEGATE          /SUBTRACT FROM PI/2
 283 05404 4407         FENT
 284 05405 1213         FAD PIOT
 285 05406 0000         FEXT
 286 05407 2010 EXIT2,  ISZ SN          /ARC TAN(-X)=-ARC TAN(X)
 287 05410 5500         RETURN
 288 05411 4450         NEGATE
 289 05412 5500         RETURN
 290            /ARCTANGENT AND LOG CONSTANTS AND POINTERS
 291 05413 0001 PIOT,   0001    /PI/2
 292 05414 3110         3110
 293 05415 3761         3761
 294 05416 7771 L8,     7771
 295 05417 4544         4544
 296 05420 1735         1735
 297 05421 7774 L7,     7774
 298 05422 2236         2236
 299 05423 4304         4304
 300 05424 7775 L6,     7775
 301 05425 4746         4746
 302 05426 0771         0771
 303 05427 7776 L5,     7776
 304 05430 2535         2535
 305 05431 3301         3301
 306 05432 7776 L4,     7776
 307 05433 4113         4113
 308 05434 7211         7211
 309 05435 7777 L3,     7777
 310 05436 2517         2517
 311 05437 0307         0307
 312 05440 7777 L2,     7777
 313 05441 4000         4000
 314 05442 4100         4100
 315 05443 0000 L1,     0000
 316 05444 3777         3777
 317 05445 7742         7742
 318 05446 0000 LOGE2,  0000
 319 05447 2613         2613
 320 05450 4414         4414
 321 05451 7545 TP1,    FLTEMP
 322 05452 1573 ONEP2,  FLTONE
 323 05453 5325 X1,     X
 324            /      LOGARITHM
 325 05454 1045 FLOG,   GETSGN
 326 05455 7550         SPA SNA
 327 05456 4526         ERROR           /ZERO OR NEGATIVE ARGUMENT
 328 05457 4407         FENT
 329 05460 6651         FPT I TP1
 330 05461 2652         FSB I ONEP2
 331 05462 0000         FEXT
 332 05463 1045         GETSGN
 333 05464 7450         SNA
 334 05465 5336         JMP ZERGO       /LOG(1)=0
 335 05466 7700         SMA CLA
 336 05467 5276         JMP STARTL
 337 05470 4407         FENT            /LOG(X)=-LOG(1/X)
 338 05471 5652         FGT I ONEP2
 339 05472 4651         FDV I TP1
 340 05473 6651         FPT I TP1
 341 05474 0000         FEXT
 342 05475 7040         CMA
 343 05476 3010 STARTL, DCA SN
 344 05477 7040         CMA
 345 05500 1651         TAD I TP1
 346 05501 4430         FLOAT
 347 05502 4407         FENT
 348 05503 3246         FMY LOGE2
 349 05504 6653         FPT I X1
 350 05505 0000         FEXT
 351 05506 7001         IAC
 352 05507 3651         DCA I TP1
 353 05510 4407         FENT
 354 05511 5651         FGT I TP1
 355 05512 2652         FSB I ONEP2
 356 05513 6651         FPT I TP1
 357 05514 3216         FMY L8
 358 05515 1221         FAD L7
 359 05516 3651         FMY I TP1
 360 05517 1224         FAD L6
 361 05520 3651         FMY I TP1
 362 05521 1227         FAD L5
 363 05522 3651         FMY I TP1
 364 05523 1232         FAD L4
 365 05524 3651         FMY I TP1
 366 05525 1235         FAD L3
 367 05526 3651         FMY I TP1
 368 05527 1240         FAD L2
 369 05530 3651         FMY I TP1
 370 05531 1243         FAD L1
 371 05532 3651         FMY I TP1
 372 05533 1653         FAD I X1
 373 05534 0000         FEXT
 374 05535 5207         JMP EXIT2
 375 05536 4430 ZERGO,  FLOAT
 376 05537 5500         RETURN
 377            /CONTINUATION OF SINE ROUTINE
 378 05540 4407 PALG,   FENT
 379 05541 5653         FGT I X1
 380 05542 4213         FDV PIOT
 381 05543 6653         FPT I X1
 382 05544 3653         FMY I X1
 383 05545 6651         FPT I TP1
 384 05546 3361         FMY C9
 385 05547 1364         FAD C7
 386 05550 3651         FMY I TP1
 387 05551 1367         FAD C5
 388 05552 3651         FMY I TP1
 389 05553 1372         FAD C3
 390 05554 3651         FMY I TP1
 391 05555 1213         FAD PIOT
 392 05556 3653         FMY I X1
 393 05557 0000         FEXT
 394 05560 5207         JMP EXIT2
 395            /SINE CONSTANTS
 396 05561 7764 C9,     7764
 397 05562 2366         2366
 398 05563 5735         5735
 399 05564 7771 C7,     7771
 400 05565 5466         5466
 401 05566 6317         6317
 402 05567 7775 C5,     7775
 403 05570 2431         2431
 404 05571 5053         5053
 405 05572 0000 C3,     0000
 406 05573 5325         5325
 407 05574 0420         0420
 408            $

AF      5256
ALF1    5313
ALF2    5310
ALFZ    5316
AXIN    0010
BET1    5277
BET2    5302
BETZ    5305
BF      5261
BOTTOM  0027
C3      5572
C5      5567
C7      5564
C9      5561
CF      5264
CNTR    0132
COMGO   1164
DBCONV  5600
DF      5267
DTOP    6576
ERROR   4526
ERROR5  2735
EXIT2   5407
EXTAB   6575
FAD     11000
FATN    5335
FCOS    5113
FDV     14000
FENT    4407
FEXP    5202
FEXT    0000
FGT     15000
FIX     4452
FLAC    0044
FLOAT   4430
FLOG    5454
FLTEMP  7545
FLTONE  1573
FMY     13000
FNEG    5321
FNR     7000
FNTABF  0571
FPT     16000
FSB     12000
FSIN    5117
GETSGN  1045
GO      5357
L1      5443
L2      5440
L3      5435
L4      5432
L5      5427
L6      5424
L7      5421
L8      5416
LG2E    5272
LIBD    6562
LIBGO   6577
LIBLST  6555
LIBRAR  6556
LOGE2   5446
M5      0067
NEG2    5171
NEGATE  4450
ONEP2   5452
ONEPT   5334
PALG    5540
PALGO   5167
PCHECK  5153
PDLXR   0013
PERROR  0175
PI      5177
PI2     5172
PIOT    5413
POPA    1413
PROC    0616 unreferenced
PUSHA   4503
RETURN  5500
SN      0010
SORTJ   4510
STARTL  5476
TP      5333
TP1     5451
TSTERM  4565 unreferenced
TWO     5275
TWOPI   5174
X       5325
X1      5453
X2      5173
XSQR    5330
ZERGO   5536
