   1            / VC8E/VR14 scope test program.
   2            
   3            / VC8E IOTs
   4            
   5            DILC=6050       / reset
   6            DICD=6051       / clear done flag
   7            DISD=6052       / skip if done
   8            DILX=6053       / load X
   9            DILY=6054    / load Y
  10            DIXY=6055    / intensify point
  11            DILE=6056    / load enable/status reg, clear AC
  12            DIRE=6056    / read enable/status reg
  13            
  14            / VC8E enable/status register bits
  15            
  16            VCDONE=4000     / done flag (read only)
  17            VCWRTH=0040     / write-through (for storage scopes)
  18            VCSTOR=0020     / store (for storage scopes)
  19            VCERAS=0010     / erase (for storage scopes)
  20            VCCOLR=0004     / color (for VR20)
  21            /VCCOLR=0002    / channel (for VR14/VR20)
  22            VCINTE=0001     / interrupt enable
  23            
  24            / VC8E dot pitch for pixels in text
  25            VCPICH=0010
  26            
  27            / Index Regs
  28            *       0010
  29 00010 0000 X0,     .-.
  30            
  31            / Globals
  32            *       0020
  33            
  34            / Main program
  35            *       0200
  36            START,                  / initialization
  37 00200 6050         DILC
  38            REPLOT,                 / main display refresh loop
  39 00201 4577         JMS I   [VCAT]
  40 00202 1200         1200
  41 00203 0300         300
  42 00204 4576         JMS I   [VCTEXT]
  43 00205 0216         STR1
  44 00206 4576         JMS I   [VCTEXT]
  45 00207 0244         STR2
  46 00210 4577         JMS I   [VCAT]
  47 00211 1400         1400
  48 00212 1400         1400
  49 00213 4576         JMS I   [VCTEXT]
  50 00214 0262         STR3
  51 00215 5201         JMP     REPLOT
  52            
  53 00216 0102 STR1,   TEXT    'ABCDEFGHIJKLM%NOPQRSTUVWXYZ%"0123456789"%@'
     00217 0304 
     00220 0506 
     00221 0710 
     00222 1112 
     00223 1314 
     00224 1545 
     00225 1617 
     00226 2021 
     00227 2223 
     00230 2425 
     00231 2627 
     00232 3031 
     00233 3245 
     00234 4260 
     00235 6162 
     00236 6364 
     00237 6566 
     00240 6770 
     00241 7142 
     00242 4500 
     00243 0000 
  54 00244 4143 STR2,   TEXT    "!#$&'()*+,-.%/:;<=>?[\]^_@"
     00245 4446 
     00246 4750 
     00247 5152 
     00250 5354 
     00251 5556 
     00252 4557 
     00253 7273 
     00254 7475 
     00255 7677 
     00256 3334 
     00257 3536 
     00260 3700 
     00261 0000 
  55 00262 2410 STR3,   TEXT    'THE BIG DOG ATE%BEANS FOR BREAKFAST@'
     00263 0540 
     00264 0211 
     00265 0740 
     00266 0417 
     00267 0740 
     00270 0124 
     00271 0545 
     00272 0205 
     00273 0116 
     00274 2340 
     00275 0617 
     00276 2240 
     00277 0222 
     00300 0501 
     00301 1306 
     00302 0123 
     00303 2400 
     00304 0000 
  56            
  57                    PAGE
  58            
  59 00400 0000 VCAT,   .-.     / Move to X,Y
  60                            / Inline param1: X coord
  61                            / Inline param2: Y coord
  62                            / Return follows with AC = 0
  63                            / Uses: VCvariables
  64 00401 7200         CLA
  65 00402 1600         TAD I   VCAT    / get X
  66 00403 3335         DCA     VCX
  67 00404 1335         TAD     VCX
  68 00405 3336         DCA     VCXTMP
  69 00406 2200         ISZ     VCAT    / bump
  70 00407 1600         TAD I   VCAT    / get Y
  71 00410 3337         DCA     VCY
  72 00411 2200         ISZ     VCAT    / bump
  73 00412 5600         JMP I   VCAT
  74            
  75 00413 0000 VCTEXT, .-.     / Display text on screen, using inline params
  76                            / Inline param1: Address of text string
  77                            / Return follows with AC = 0
  78                            / Text is packed 6-bit stripped ASCII,
  79                            / where @ marks end of string and % is CRLF.
  80                            / Uses: VCvariables
  81 00414 7200         CLA
  82 00415 1613         TAD I   VCTEXT  / get text pointer
  83 00416 3236         DCA     VCTXPT
  84 00417 2213         ISZ     VCTEXT  / bump
  85            VCTLP,
  86 00420 1636         TAD I   VCTXPT  / get a pair of characters
  87 00421 7002         BSW
  88 00422 0235         AND     C077    / extract first
  89 00423 7450         SNA             / test for end of string
  90 00424 5613         JMP I   VCTEXT  /   if so, return
  91 00425 4237         JMS     VCCHAR  / else display it
  92 00426 1636         TAD I   VCTXPT
  93 00427 0235         AND     C077    / extract second
  94 00430 7450         SNA             / test for end of string
  95 00431 5613         JMP I   VCTEXT  /   if so, return
  96 00432 4237         JMS     VCCHAR  / else display it
  97 00433 2236         ISZ     VCTXPT
  98 00434 5220         JMP     VCTLP
  99            
 100 00435 0077 C077,   0077    / mask to extract a byte
 101 00436 0000 VCTXPT, .-.     / pointer to char string
 102            
 103 00437 0000 VCCHAR, .-.     / Display char from AC on screen
 104                            / Char is in 6 bit trimmed ASCII
 105                            / returns AC=0
 106 00440 1273         TAD     NPCSGN  / compare with EOL
 107 00441 7450         SNA
 108 00442 5262         JMP     VCCHCR  / got a %, use as CRLF
 109 00443 1274         TAD     PPCSGN  / undo the damage
 110 00444 7104         CLL RAL         / 2 words per char
 111 00445 1270         TAD     VCTTAP  / make address of table entry
 112 00446 3275         DCA     VCCHPT  / save pointer to char
 113 00447 1675         TAD I   VCCHPT  / get first 2 columns
 114 00450 4276         JMS     VCDCOL  / display first column
 115 00451 4276         JMS     VCDCOL  / display second column
 116 00452 2275         ISZ     VCCHPT
 117 00453 1675         TAD I   VCCHPT  / get second 2 columns
 118 00454 4276         JMS     VCDCOL  / display third column
 119 00455 4276         JMS     VCDCOL  / display final column
 120 00456 1336         TAD     VCXTMP
 121 00457 1271         TAD     VCDOTS
 122 00460 3336         DCA     VCXTMP  / advance over interchar column
 123 00461 5637         JMP I   VCCHAR
 124            
 125 00462 1272 VCCHCR, TAD     VCDPLN  / get line pitch
 126 00463 1337         TAD     VCY     /
 127 00464 3337         DCA     VCY     / update y
 128 00465 1335         TAD     VCX
 129 00466 3336         DCA     VCXTMP  / force X to margin
 130 00467 5637         JMP I   VCCHAR
 131            
 132 00470 0541 VCTTAP, VCTTAB  / pointer to table base
 133 00471 0010 VCDOTS, VCPICH  / dot pitch, next is line pitch
 134 00472 7700 VCDPLN, 0-VCPICH-VCPICH-VCPICH-VCPICH-VCPICH-VCPICH-VCPICH-VCPICH
 135 00473 7733 NPCSGN, -0045
 136 00474 0045 PPCSGN, 0045
 137 00475 0000 VCCHPT, .-.     / pointer to column bitmap of char
 138            
 139 00476 0000 VCDCOL, .-.     / Display one column of char from AC
 140                            / Returns AC shift-right 6 bits
 141 00477 3334         DCA     VCDCSV  / save column
 142 00500 1336         TAD     VCXTMP
 143 00501 6053         DILX            / set X coord for column
 144 00502 1271         TAD     VCDOTS
 145 00503 3336         DCA     VCXTMP  / save updated X coord
 146 00504 1337         TAD     VCY     / get base Y coord
 147 00505 3340         DCA     VCYTMP  / save working copy of Y
 148 00506 4316         JMS     VCDROW  / show row 1
 149 00507 4316         JMS     VCDROW  / show row 2
 150 00510 4316         JMS     VCDROW  / show row 3
 151 00511 4316         JMS     VCDROW  / show row 4
 152 00512 4316         JMS     VCDROW  / show row 5
 153 00513 4316         JMS     VCDROW  / show row 6
 154 00514 1334         TAD     VCDCSV  / recover column
 155 00515 5676         JMP I   VCDCOL
 156            
 157 00516 0000 VCDROW, .-.     / Display a dot in a column
 158                            / on entry and exit, AC = 0
 159 00517 1340         TAD     VCYTMP
 160 00520 6054         DILY            / set Y coord for column
 161 00521 1271         TAD     VCDOTS
 162 00522 3340         DCA     VCYTMP  / save updated Y coord
 163 00523 1334         TAD     VCDCSV  / get column
 164 00524 7110         CLL RAR         / shift a bit into link
 165 00525 3334         DCA     VCDCSV  / save shifted column
 166 00526 7420         SNL
 167 00527 5716         JMP I   VCDROW  / return if no dot
 168 00530 6052         DISD
 169 00531 5330         JMP     .-1     / wait for ready
 170 00532 6055         DIXY            / intensify
 171 00533 5716         JMP I   VCDROW
 172            
 173 00534 0000 VCDCSV, .-.     / save location for column of char
 174                    
 175 00535 0000 VCX,    .-.     / starting X coord (margin)
 176 00536 0000 VCXTMP, .-.     / working copy of X coord
 177 00537 0000 VCY,    .-.     / starting Y coord (baseline)
 178 00540 0000 VCYTMP, .-.     / working copy of Y coord
 179            
 180            VCTTAB, / array of bitmaps for each character.  Format:
 181                    /  2 words per character, giving 4 wide by 6 high
 182                    /  bitmap.  Left column in low byte of first word,
 183                    /  right column in high byte of last, bottom bit in
 184                    /  least significant position.
 185                    / entries are in trimmed ASCII order
 186            
 187 00541 4136         4136;3455       / @ NULL
     00542 3455 
 188 00543 4437         4437;3744       / A
     00544 3744 
 189 00545 5177         5177;2651       / B
     00546 2651 
 190 00547 4136         4136;2241       / C
     00550 2241 
 191 00551 4177         4177;3641       / D
     00552 3641 
 192 00553 5177         5177;4151       / E
     00554 4151 
 193 00555 4477         4477;4044       / F
     00556 4044 
 194 00557 4136         4136;2645       / G
     00560 2645 
 195            
 196 00561 0477         0477;7704       / H
     00562 7704 
 197 00563 4100         4100;4177       / I
     00564 4177 
 198 00565 4102         4102;7641       / J
     00566 7641 
 199 00567 1477         1477;4122       / K
     00570 4122 
 200 00571 0177         0177;0101       / L
     00572 0101 
 201 00573 2077         2077;7720       / M
     00574 7720 
 202 00575 1077         1077;7704       / N
     00576 7704 
 203 00577 4136         4136;3641       / O
     00600 3641 
 204            
 205 00601 4477         4477;3044       / P
     00602 3044 
 206 00603 4136         4136;3743       / Q
     00604 3743 
 207 00605 4477         4477;3146       / R
     00606 3146 
 208 00607 5122         5122;2245       / S
     00610 2245 
 209 00611 4040         4040;4077       / T
     00612 4077 
 210 00613 0176         0176;7601       / U
     00614 7601 
 211 00615 0374         0374;7403       / V
     00616 7403 
 212 00617 0277         0277;7702       / W
     00620 7702 
 213            
 214 00621 1463         1463;6314       / X
     00622 6314 
 215 00623 1261         1261;7004       / Y
     00624 7004 
 216 00625 4543         4543;6151       / Z
     00626 6151 
 217 00627 7700         7700;0041       / [
     00630 0041 
 218 00631 3040         3040;0106       / \
     00632 0106 
 219 00633 4100         4100;0077       / ]
     00634 0077 
 220 00635 2000         2000;2077       / ^
     00636 2077 
 221 00637 1604         1604;0404       / _
     00640 0404 
 222            
 223 00641 0000         0000;0000       / space
     00642 0000 
 224 00643 0000         0000;0075       / !
     00644 0075 
 225 00645 6000         6000;6000       / "
     00646 6000 
 226 00647 3712         3712;3712       / #
     00650 3712 
 227 00651 7322         7322;2267       / $
     00652 2267 
 228 00653 6661         6661;4333       / % CR
     00654 4333 
 229 00655 5126         5126;0526       / &
     00656 0526 
 230 00657 5000         5000;0060       / '
     00660 0060 
 231            
 232 00661 3600         3600;0041       / (
     00662 0041 
 233 00663 4100         4100;0036       / )
     00664 0036 
 234 00665 1422         1422;2214       / *
     00666 2214 
 235 00667 0404         0404;0437       / +
     00670 0437 
 236 00671 0500         0500;0006       / ,
     00672 0006 
 237 00673 0404         0404;0404       / -
     00674 0404 
 238 00675 0300         0300;0003       / .
     00676 0003 
 239 00677 0601         0601;4030       / /
     00700 4030 
 240            
 241 00701 4537         4537;7651       / 0
     00702 7651 
 242 00703 2100         2100;0177       / 1
     00704 0177 
 243 00705 4321         4321;3145       / 2
     00706 3145 
 244 00707 4122         4122;2651       / 3
     00710 2651 
 245 00711 0474         0474;0477       / 4
     00712 0477 
 246 00713 5172         5172;4651       / 5
     00714 4651 
 247 00715 5136         5136;4651       / 6
     00716 4651 
 248 00717 4340         4340;6054       / 7
     00720 6054 
 249            
 250 00721 5126         5126;2651       / 8
     00722 2651 
 251 00723 4531         4531;3645       / 9
     00724 3645 
 252 00725 6600         6600;0066       / :
     00726 0066 
 253 00727 6500         6500;0066       / ;
     00730 0066 
 254 00731 0400         0400;2112       / <
     00732 2112 
 255 00733 1212         1212;1212       / =
     00734 1212 
 256 00735 1221         1221;0004       / >
     00736 0004 
 257 00737 5540         5540;2050       / ?
     00740 2050 
 258 00176 0413 $
     00177 0400 

C077    0435
DICD    6051 unreferenced
DILC    6050
DILE    6056 unreferenced
DILX    6053
DILY    6054
DIRE    6056 unreferenced
DISD    6052
DIXY    6055
NPCSGN  0473
PPCSGN  0474
REPLOT  0201
START   0200 unreferenced
STR1    0216
STR2    0244
STR3    0262
VCAT    0400
VCCHAR  0437
VCCHCR  0462
VCCHPT  0475
VCCOLR  0004 unreferenced
VCDCOL  0476
VCDCSV  0534
VCDONE  4000 unreferenced
VCDOTS  0471
VCDPLN  0472
VCDROW  0516
VCERAS  0010 unreferenced
VCINTE  0001 unreferenced
VCPICH  0010
VCSTOR  0020 unreferenced
VCTEXT  0413
VCTLP   0420
VCTTAB  0541
VCTTAP  0470
VCTXPT  0436
VCWRTH  0040 unreferenced
VCX     0535
VCXTMP  0536
VCY     0537
VCYTMP  0540
X0      0010 unreferenced
