   1               *60
   2 000060  6000  MUYA,   MUYS
   3 000061  6043  DVIA,   DVIS
   4 000062  6115  NMIA,   NMIS
   5 000063  6200  SHLA,   SHLS
   6 000064  6226  ASRA,   ASRS
   7 000065  6267  LSRA,   LSRS
   8 000066  6316  MQLA,   MQLS
   9 000067  6321  SCAA,   SCAS
  10 000070  6330  SCLA,   SCLS
  11 000071  6342  MQAA,   MQAS
  12 000072  6351  CLAA,   CLAS
  13 000073  6354  CAMA,   CAMS
  14 000074  0000  L,      0
  15 000075  0000  AC,     0
  16 000076  0000  MQ,     0
  17 000077  0000  SC,     0
  18               *6000
  19 006000  0000  MUYS,   0
  20 006001  7300          CLA CLL
  21 006002  3077          DCA SC
  22 006003  1600          TAD I MUYS
  23 006004  2200          ISZ MUYS
  24 006005  3240          DCA MULT1
  25 006006  3075          DCA AC
  26 006007  1241          TAD M14
  27 006010  3242          DCA M14C
  28 006011  7300  MUYS1,  CLA CLL
  29 006012  1076          TAD MQ
  30 006013  7010          RAR
  31 006014  3076          DCA MQ
  32 006015  7420  MUYS2,  SNL
  33 006016  5223          JMP MUYS3
  34 006017  7300          CLA CLL
  35 006020  1075          TAD AC
  36 006021  1240          TAD MULT1
  37 006022  3075          DCA AC
  38 006023  7200  MUYS3,  CLA
  39 006024  1075          TAD AC
  40 006025  7010          RAR
  41 006026  3075          DCA AC
  42 006027  1076          TAD MQ
  43 006030  7010          RAR
  44 006031  3076          DCA MQ
  45 006032  2077          ISZ SC
  46 006033  2242          ISZ M14C
  47 006034  5215          JMP MUYS2
  48 006035  7300          CLA CLL
  49 006036  1075          TAD AC
  50 006037  5600          JMP I MUYS
  51 006040  0000  MULT1,  0
  52 006041  7764  M14,    7764
  53 006042  0000  M14C,   0
  54 006043  0000  DVIS,   0
  55 006044  3075          DCA AC
  56 006045  3077          DCA SC
  57 006046  7100          CLL
  58 006047  1643          TAD I DVIS
  59 006050  7041          CIA
  60 006051  3312          DCA MINDIV
  61 006052  2243          ISZ DVIS
  62 006053  1313          TAD M15
  63 006054  3314          DCA M15C
  64 006055  1075          TAD AC
  65 006056  1312          TAD MINDIV
  66 006057  7420          SNL
  67 006060  5263          JMP DVIS1
  68 006061  7040          CMA
  69 006062  5643          JMP I DVIS
  70 006063  7300  DVIS1,  CLA CLL
  71 006064  7410          SKP
  72 006065  3075  DVIS2,  DCA AC
  73 006066  1076          TAD MQ
  74 006067  2077          ISZ SC
  75 006070  2314          ISZ M15C
  76 006071  7410          SKP
  77 006072  5305          JMP DVIS3
  78 006073  7004          RAL
  79 006074  3076          DCA MQ
  80 006075  1075          TAD AC
  81 006076  7004          RAL
  82 006077  3075          DCA AC
  83 006100  1075          TAD AC
  84 006101  1312          TAD MINDIV
  85 006102  7420          SNL
  86 006103  5263          JMP DVIS1
  87 006104  5265          JMP DVIS2
  88 006105  7004  DVIS3,  RAL
  89 006106  3076          DCA MQ
  90 006107  7300          CLA CLL
  91 006110  1075          TAD AC
  92 006111  5643          JMP I DVIS
  93 006112  0000  MINDIV, 0
  94 006113  7763  M15,    7763
  95 006114  0000  M15C,   0
  96 006115  0000  NMIS,   0
  97 006116  3075          DCA AC
  98 006117  3077          DCA SC
  99 006120  7204          GLK
 100 006121  3074          DCA L
 101 006122  3077          DCA SC
 102 006123  1367          TAD N26
 103 006124  3370          DCA N26C
 104 006125  7120          STL
 105 006126  1075          TAD AC
 106 006127  7450          SNA
 107 006130  1076          TAD MQ
 108 006131  7450          SNA
 109 006132  5715          JMP I NMIS
 110 006133  7300  NMIS1,  CLA CLL
 111 006134  1075          TAD AC
 112 006135  7004          RAL
 113 006136  7500          SMA
 114 006137  7020          CML
 115 006140  7420          SNL
 116 006141  5343          JMP NMIS2
 117 006142  5350          JMP NMIS3
 118 006143  7300  NMIS2,  CLA CLL
 119 006144  1074          TAD L
 120 006145  7010          RAR
 121 006146  1075          TAD AC
 122 006147  5715          JMP I NMIS
 123 006150  7300  NMIS3,  CLA CLL
 124 006151  1076          TAD MQ
 125 006152  7004          RAL
 126 006153  3076          DCA MQ
 127 006154  1075          TAD AC
 128 006155  7004          RAL
 129 006156  3075          DCA AC
 130 006157  7204          GLK
 131 006160  3074          DCA L
 132 006161  2077          ISZ SC
 133 006162  2370          ISZ N26C
 134 006163  5333          JMP NMIS1
 135 006164  7120          STL
 136 006165  1075          TAD AC
 137 006166  5715          JMP I NMIS
 138 006167  7752  N26,    7752
 139 006170  0000  N26C,   0
 140               *6200
 141 006200  0000  SHLS,   0
 142 006201  3075          DCA AC
 143 006202  3077          DCA SC
 144 006203  1600          TAD I SHLS
 145 006204  0225          AND MASK1
 146 006205  2200          ISZ SHLS
 147 006206  7001          IAC
 148 006207  7041          CIA
 149 006210  3224          DCA NSHL
 150 006211  7300  SHLS1,  CLA CLL
 151 006212  1076          TAD MQ
 152 006213  7004          RAL 
 153 006214  3076          DCA MQ
 154 006215  1075          TAD AC
 155 006216  7004          RAL
 156 006217  3075          DCA AC
 157 006220  2224  SHLS2,  ISZ NSHL
 158 006221  5211          JMP SHLS1
 159 006222  1075          TAD AC
 160 006223  5600          JMP I SHLS
 161 006224  0000  NSHL,   0
 162 006225  0037  MASK1,  0037
 163 006226  0000  ASRS,   0
 164 006227  3075          DCA AC
 165 006230  3077          DCA SC
 166 006231  1626          TAD I ASRS
 167 006232  0266          AND MASK2
 168 006233  2226          ISZ ASRS
 169 006234  7001          IAC
 170 006235  7041          CIA
 171 006236  3265          DCA NASR
 172 006237  1075  ASRS1,  TAD AC
 173 006240  7500          SMA
 174 006241  5252          JMP PAC
 175 006242  7120  MAC,    STL
 176 006243  7010          RAR
 177 006244  3075          DCA AC
 178 006245  1076          TAD MQ
 179 006246  7010          RAR
 180 006247  3076          DCA MQ
 181 006250  7120          STL
 182 006251  5261          JMP ASRS2
 183 006252  7100  PAC,    CLL
 184 006253  7010          RAR
 185 006254  3075          DCA AC
 186 006255  1076          TAD MQ
 187 006256  7010          RAR
 188 006257  3076          DCA MQ
 189 006260  7100          CLL
 190 006261  2265  ASRS2,  ISZ NASR
 191 006262  5237          JMP ASRS1
 192 006263  1075          TAD AC
 193 006264  5626          JMP I ASRS
 194 006265  0000  NASR,   0
 195 006266  0037  MASK2,  0037
 196 006267  0000  LSRS,   0
 197 006270  3075          DCA AC
 198 006271  3077          DCA SC
 199 006272  1667          TAD I LSRS
 200 006273  0315          AND MASK3
 201 006274  2267          ISZ LSRS
 202 006275  7001          IAC
 203 006276  7041          CIA
 204 006277  3314          DCA NLSR
 205 006300  7100  LSRS1,  CLL
 206 006301  1075          TAD AC
 207 006302  7010          RAR
 208 006303  3075          DCA AC
 209 006304  1076          TAD MQ
 210 006305  7010          RAR
 211 006306  3076          DCA MQ
 212 006307  2314          ISZ NLSR
 213 006310  5300          JMP LSRS1
 214 006311  1075          TAD AC
 215 006312  7100          CLL
 216 006313  5667          JMP I LSRS
 217 006314  0000  NLSR,   0
 218 006315  0037  MASK3,  0037
 219 006316  0000  MQLS,   0
 220 006317  3076          DCA MQ
 221 006320  5716          JMP I MQLS
 222 006321  0000  SCAS,   0
 223 006322  3075          DCA AC
 224 006323  1075          TAD AC
 225 006324  7040          CMA
 226 006325  0077          AND SC
 227 006326  1075          TAD AC
 228 006327  5721          JMP I SCAS
 229 006330  0000  SCLS,   0
 230 006331  3075          DCA AC
 231 006332  1730          TAD I SCLS
 232 006333  2330          ISZ SCLS
 233 006334  7040          CMA
 234 006335  0341          AND MASK4
 235 006336  3077          DCA SC
 236 006337  1075          TAD AC
 237 006340  5730          JMP I SCLS
 238 006341  0037  MASK4,  0037
 239 006342  0000  MQAS,   0
 240 006343  3075          DCA AC
 241 006344  1075          TAD AC
 242 006345  7040          CMA
 243 006346  0076          AND MQ
 244 006347  1075          TAD AC
 245 006350  5742          JMP I MQAS
 246 006351  0000  CLAS,   0
 247 006352  7200          CLA
 248 006353  5751          JMP I CLAS
 249 006354  0000  CAMS,   0
 250 006355  4472          JMS I CLAA
 251 006356  4466          JMS I MQLA
 252 006357  5754          JMP I CAMS
 253               $

AC      0075
ASRA    0064 unreferenced
ASRS    6226
ASRS1   6237
ASRS2   6261
CAMA    0073 unreferenced
CAMS    6354
CLAA    0072
CLAS    6351
DVIA    0061 unreferenced
DVIS    6043
DVIS1   6063
DVIS2   6065
DVIS3   6105
L       0074
LSRA    0065 unreferenced
LSRS    6267
LSRS1   6300
M14     6041
M14C    6042
M15     6113
M15C    6114
MAC     6242 unreferenced
MASK1   6225
MASK2   6266
MASK3   6315
MASK4   6341
MINDIV  6112
MQ      0076
MQAA    0071 unreferenced
MQAS    6342
MQLA    0066
MQLS    6316
MULT1   6040
MUYA    0060 unreferenced
MUYS    6000
MUYS1   6011 unreferenced
MUYS2   6015
MUYS3   6023
N26     6167
N26C    6170
NASR    6265
NLSR    6314
NMIA    0062 unreferenced
NMIS    6115
NMIS1   6133
NMIS2   6143
NMIS3   6150
NSHL    6224
PAC     6252
SC      0077
SCAA    0067 unreferenced
SCAS    6321
SCLA    0070 unreferenced
SCLS    6330
SHLA    0063 unreferenced
SHLS    6200
SHLS1   6211
SHLS2   6220 unreferenced
