   1            
   2            D00000=0000
   3            
   4                    FIELD   0
   5            
   6                    *0001
   7 00001 5602         5602
   8 00002 6655 P00002, L06655
   9            D00007=0007
  10            
  11                    *6600
  12 06600 7300         CLA CLL 
  13 06601 3367         DCA D06767
  14 06602 7402         HLT
  15 06603 7604         CLA OSR 
  16 06604 3373 L06604, DCA P06773
  17 06605 1373         TAD P06773
  18 06606 1377         TAD D06777
  19 06607 3372         DCA P06772
  20 06610 1772         TAD I P06772
  21 06611 3371         DCA D06771
  22 06612 1376 D06612, 1376
  23 06613 3772         DCA I P06772
  24 06614 7604         CLA OSR 
  25 06615 7640 D06615, 7640
  26 06616 5241         JMP L06641
  27 06617 1367         TAD D06767
  28 06620 7640         SZA CLA 
  29 06621 5234         JMP L06634
  30 06622 1773 L06622, TAD I P06773
  31 06623 0271         AND D06671
  32 06624 1272         TAD D06672
  33 06625 7640         SZA CLA 
  34 06626 5246         JMP L06646
  35 06627 2367         ISZ D06767
  36 06630 1373         TAD P06773
  37 06631 7001         IAC
  38 06632 3370         DCA D06770
  39 06633 5246         JMP L06646
  40 06634 1373 L06634, TAD P06773
  41 06635 7041         CIA
  42 06636 1370         TAD D06770
  43 06637 7640         SZA CLA 
  44 06640 5247 D06640, 5247
  45 06641 3367 L06641, DCA D06767
  46 06642 5222         JMP L06622
  47 06643 7402         HLT
  48 06644 7402         HLT
  49 06645 7402         HLT
  50 06646 4273 L06646, JMS P06673
  51 06647 1374 L06647, TAD D06774
  52 06650 7110         CLL RAR 
  53 06651 1375         TAD D06775
  54 06652 5772         JMP I P06772
  55 06653 7402         HLT
  56 06654 7402         HLT
  57 06655 3375 L06655, DCA D06775
  58 06656 7004         RAL 
  59 06657 3374         DCA D06774
  60 06660 1371 D06660, 1371
  61 06661 3772         DCA I P06772
  62 06662 6031         KSF 
  63 06663 5266         JMP L06666
  64 06664 6032         KCC
  65 06665 7402         HLT
  66 06666 1000 L06666, TAD D00000
  67 06667 5204         JMP L06604
  68 06670 7402         HLT
  69 06671 7000 D06671, 7000
  70 06672 4000 D06672, 4000
  71 06673 7402 P06673, L07402
  72 06674 4304         JMS P06704
  73 06675 1375         TAD D06775
  74 06676 4315         JMS P06715
  75 06677 1373         TAD P06773
  76 06700 4315         JMS P06715
  77 06701 1773         TAD I P06773
  78 06702 4315         JMS P06715
  79 06703 5673         JMP I P06673
  80 06704 7402 P06704, L07402
  81 06705 4351         JMS P06751
  82 06706 1374         TAD D06774
  83 06707 1350         TAD D06750
  84 06710 4361         JMS P06761
  85 06711 1314         TAD D06714
  86 06712 4361         JMS P06761
  87 06713 5704         JMP I P06704
  88 06714 0240 D06714, 0240
  89 06715 7402 P06715, L07402
  90 06716 3341         DCA D06741
  91 06717 1341         TAD D06741
  92 06720 7006         RTL 
  93 06721 7006         RTL 
  94 06722 4342         JMS P06742
  95 06723 1341         TAD D06741
  96 06724 7012         RTR 
  97 06725 7012         RTR 
  98 06726 7012         RTR 
  99 06727 4342         JMS P06742
 100 06730 1341         TAD D06741
 101 06731 7010         RAR 
 102 06732 7012         RTR 
 103 06733 4342         JMS P06742
 104 06734 1341         TAD D06741
 105 06735 4342         JMS P06742
 106 06736 1314         TAD D06714
 107 06737 4361         JMS P06761
 108 06740 5715         JMP I P06715
 109 06741 7402 D06741, 7402
 110 06742 7402 P06742, L07402
 111 06743 0347         AND D06747
 112 06744 1350         TAD D06750
 113 06745 4361         JMS P06761
 114 06746 5742         JMP I P06742
 115 06747 0007 D06747, 0007
 116 06750 0260 D06750, 0260
 117 06751 7402 P06751, L07402
 118 06752 1357         TAD D06757
 119 06753 4361         JMS P06761
 120 06754 1360         TAD D06760
 121 06755 4361         JMS P06761
 122 06756 5751         JMP I P06751
 123 06757 0215 D06757, 0215
 124 06760 0212 D06760, 0212
 125 06761 7402 P06761, L07402
 126 06762 6046         TLS
 127 06763 6041 L06763, TSF 
 128 06764 5363         JMP L06763
 129 06765 7200         CLA 
 130 06766 5761         JMP I P06761
 131 06767 0000 D06767, 0000
 132 06770 0000 D06770, 0000
 133 06771 0000 D06771, 0000
 134 06772 0000 P06772, D00000
 135 06773 7402 P06773, L07402
 136 06774 0000 D06774, 0000
 137 06775 0000 D06775, 0000
 138 06776 6001 D06776, 6001
 139 06777 7777 D06777, 7777
 140            L07402=7402
 141            $

D00000  0000
D00007  0007 unreferenced
D06612  6612 unreferenced
D06615  6615 unreferenced
D06640  6640 unreferenced
D06660  6660 unreferenced
D06671  6671
D06672  6672
D06714  6714
D06741  6741
D06747  6747
D06750  6750
D06757  6757
D06760  6760
D06767  6767
D06770  6770
D06771  6771
D06774  6774
D06775  6775
D06776  6776 unreferenced
D06777  6777
L06604  6604
L06622  6622
L06634  6634
L06641  6641
L06646  6646
L06647  6647 unreferenced
L06655  6655
L06666  6666
L06763  6763
L07402  7402
P00002  0002 unreferenced
P06673  6673
P06704  6704
P06715  6715
P06742  6742
P06751  6751
P06761  6761
P06772  6772
P06773  6773
