   1            
   2            /  BUZZTAPE READER - OCT 69
   3            XRCL=6334
   4            XRIN=6331
   5                    *7625
   6 07625 7040 START,  CMA
   7 07626 6334         XRCL            / CLEAR EXTERNAL
   8 07627 7300         CLA CLL         / REGISTER
   9 07630 4314         JMS LISN        / GET PULSE
  10 07631 4275         JMS ADTEST      / ADDRESS CODE?
  11 07632 5230         JMP .-2         / YES
  12 07633 3271         DCA GETHLD      / NO, STORE PULSE
  13 07634 1272         TAD CNTRN
  14 07635 3273         DCA CNTR        / SET UP TO COUNT BITS
  15 07636 3274       DCA VALUE       / CLEAR DATA REGISTER
  16 07637 7100         CLL
  17 07640 1271         TAD GETHLD      / GET FIRST BIT
  18 07641 7006 GO,     RTL
  19 07642 7004         RAL             / ROTATE INTO BIT 11 AND
  20 07643 7100         CLL             / CLEAN OFF SYNCH PULSE
  21 07644 3271         DCA GETHLD      / STORE RESULT
  22 07645 1274         TAD VALUE       / GET DATA WORD
  23 07646 7004         RAL
  24 07647 1271         TAD GETHLD      / ADD IN NEXT BIT
  25 07650 3274         DCA VALUE       
  26 07651 2273         ISZ CNTR        / 12 BITS YET?
  27 07652 5255         JMP .+3
  28 07653 1274         TAD VALUE       / YES, GET WHOLE WORD
  29 07654 5257         JMP .+3         / GO TO PROCESSING
  30 07655 4314         JMS LISN        / NO, GET NEXT BIT
  31 07656 5241         JMP GO
  32 07657 7000 BRANCH, NOP             / PROCESSING BRANCH
  33 07660 3670         DCA I ADD       / DEPOSIT AS DATA
  34 07661 2270         ISZ ADD         / INCREMENT ADDRESS
  35 07662 5227         JMP START+2
  36 07663 3270 ADDRS,  DCA ADD         / DEPOSIT AS ADDRESS
  37 07664 1267         TAD NORP
  38 07665 3257         DCA BRANCH      / SET BRANCH FOR DATA
  39 07666 5227         JMP START+2
  40 07667 7000 NORP,   NOP
  41 07670 0000 ADD,    0               / ADDRESS REGISTER
  42 07671 0000 GETHLD, 0
  43 07672 7764 CNTRN,  -14
  44 07673 0000 CNTR,   0
  45 07674 0000 VALUE,  0
  46 07675 0000 ADTEST, 0               / ROUTINE FOR SENSING
  47 07676 3311         DCA ADHOLD      / ADDRESS CODE
  48 07677 1311         TAD ADHOLD
  49 07700 1312         TAD ADKEY
  50 07701 7640         SZA CLA         / ADDRESS CODE?
  51 07702 5306         JMP .+4
  52 07703 1313         TAD ADPACH      / YES, SET BRANCH FOR
  53 07704 3257         DCA BRANCH      / ADDRESS CHANGE
  54 07705 5675         JMP I ADTEST
  55 07706 2275         ISZ ADTEST
  56 07707 1311         TAD ADHOLD      / NO, GET PULSE AND
  57 07710 5675         JMP I ADTEST    / RETURN
  58 07711 0000 ADHOLD, 0
  59 07712 6000 ADKEY,  -2000
  60 07713 5263 ADPACH, JMP ADDRS
  61 07714 0000 LISN,   0
  62 07715 1334         TAD SPD         / SET UP FOR
  63 07716 3335         DCA WAIT        / 50 USEC LAG
  64 07717 6331         XRIN            / LOOK FOR PULSE
  65 07720 6334         XRCL
  66 07721 7450         SNA             / SEE ONE?
  67 07722 5317         JMP .-3         / NO, LOOK AGAIN
  68 07723 3336         DCA HOLD        / YES, STORE PULSE
  69 07724 6331         XRIN
  70 07725 6334         XRCL
  71 07726 7440         SZA
  72 07727 5332         JMP .+3         / WAIT FOR 50 USEC
  73 07730 2335         ISZ WAIT        / OR ANOTHER PULSE
  74 07731 5324         JMP .-5
  75 07732 1336         TAD HOLD        / ADD FIRST PULSE
  76 07733 5714         JMP I LISN      / TO SECOND PULSE,
  77 07734 7775 SPD,    7775            / IF ANY, AND RETURN
  78 07735 0000 WAIT,   0
  79 07736 0000 HOLD,   0
  80                    $

ADD     7670
ADDRS   7663
ADHOLD  7711
ADKEY   7712
ADPACH  7713
ADTEST  7675
BRANCH  7657
CNTR    7673
CNTRN   7672
GETHLD  7671
GO      7641
HOLD    7736
LISN    7714
NORP    7667
SPD     7734
START   7625
VALUE   7674
WAIT    7735
XRCL    6334
XRIN    6331
