   1                  2               DECIMAL
   3               FIELD 1
   4               *1
   5 010001  5201  -1407
   6 010002  2002  1026
   7 010003  4001  -2047
   8 010004  0301  193
   9 010005  5201  -1407
  10 010006  5224  -1388
  11 010007  0101  65
  12 010010  0452  298
  13 010011  0120  80
  14 010012  0226  150
  15 010013  0105  69
  16 010014  0511  329
  17 010015  5066  L11
  18 010016  0003  L12,L13
  19 010017  4641  -1631
  20 010020  3400  1792
  21 010021  0031  L14
  22 010022  5233  -1381
  23 010023  5300  -1344
  24 010024  3712  L15
  25 010025  1100  576
  26 010026  5472  L16
  27 010027  1100  576
  28 010030  0121  L17
  29 010031  4612  L14,L18,-1654
  30 010032  0207  135
  31 010033  4515  -1715
  32 010034  4615  -1651
  33 010035  2002  1026
  34 010036  1126  598
  35 010037  3400  1792
  36 010040  0044  L19
  37 010041  2002  1026
  38 010042  4045  -2011
  39 010043  1500  832
  40 010044  4650  L19,-1624
  41 010045  3646  1958
  42 010046  1520  848
  43 010047  0240  160
  44 010050  2637  1439
  45 010051  4615  -1651
  46 010052  2002  1026
  47 010053  1226  662
  48 010054  4046  -2010
  49 010055  1520  848
  50 010056  0214  140
  51 010057  2640  1440
  52 010060  4615  -1651
  53 010061  2003  1027
  54 010062  0026  22
  55 010063  4034  -2020
  56 010064  0067  L20
  57 010065  1100  576
  58 010066  0031  L18
  59 010067  4615  L20,-1651
  60 010070  2002  1026
  61 010071  1526  854
  62 010072  3400  1792
  63 010073  0101  L21
  64 010074  4616  -1650
  65 010075  5201  -1407
  66 010076  1545  869
  67 010077  1611  905
  68 010100  0031  L18
  69 010101  4615  L21,-1651
  70 010102  4615  -1651
  71 010103  2003  1027
  72 010104  0033  27
  73 010105  3400  1792
  74 010106  0112  L22
  75 010107  2003  1027
  76 010110  0011  9
  77 010111  0114  L23
  78 010112  2002  L22,1026
  79 010113  0000  0
  80 010114  2545  L23,1381
  81 010115  1546  870
  82 010116  1552  874
  83 010117  4426  -1770
  84 010120  4541  -1695
  85               L17,L13=3
  86 010121  1200  640
  87 010122  0003  L24,L25
  88 010123  1300  L26,704
  89 010124  0016  L12
  90 010125  4615  -1651
  91 010126  5247  -1369
  92 010127  2734  1500
  93 010130  0135  L27
  94 010131  4615  -1651
  95 010132  4517  -1713
  96 010133  1100  576
  97 010134  0171  L28
  98 010135  1300  L27,704
  99 010136  0016  L12
 100 010137  5250  -1368
 101 010140  4615  -1651
 102 010141  2345  1253
 103 010142  1713  971
 104 010143  0016  L12
 105 010144  4617  -1649
 106 010145  4615  -1651
 107 010146  1545  869
 108 010147  1700  960
 109 010150  1300  L29,704
 110 010151  0016  L12
 111 010152  4615  -1651
 112 010153  5247  -1369
 113 010154  2734  1500
 114 010155  0160  L30
 115 010156  1100  576
 116 010157  0150  L29
 117 010160  4617  L30,-1649
 118 010161  2001  1025
 119 010162  0030  24
 120 010163  3400  1792
 121 010164  0171  L31
 122 010165  4617  -1649
 123 010166  2001  1025
 124 010167  0015  13
 125 010170  4517  -1713
 126               L31,L28,L25=3
 127 010171  1200  640
 128 010172  0004  L32,L33
 129 010173  4647  -1625
 130 010174  3400  1792
 131 010175  0203  L34
 132 010176  4634  -1636
 133 010177  4517  -1713
 134 010200  3545  1893
 135 010201  4711  -1591
 136 010202  0261  L35
 137 010203  1300  L34,704
 138 010204  0122  L24
 139 010205  4617  -1649
 140 010206  5272  -1350
 141 010207  2646  1446
 142 010210  1752  1002
 143 010211  7426  -234
 144 010212  4046  -2010
 145 010213  1752  1002
 146 010214  7626  -106
 147 010215  4034  -2020
 148 010216  0261  L36
 149 010217  4617  -1649
 150 010220  4534  -1700
 151 010221  1300  704
 152 010222  0122  L24
 153 010223  4617  -1649
 154 010224  5275  -1347
 155 010225  2634  1436
 156 010226  0251  L37
 157 010227  4634  -1636
 158 010230  5272  -1350
 159 010231  2634  1436
 160 010232  0236  L38
 161 010233  5241  -1375
 162 010234  1100  576
 163 010235  0246  L39
 164 010236  4634  L38,-1636
 165 010237  5274  -1348
 166 010240  2634  1436
 167 010241  0245  L40
 168 010242  5277  -1345
 169 010243  1100  576
 170 010244  0246  L41
 171 010245  5246  L40,-1370
 172 010246  4517  L41,L39,-1713
 173 010247  1100  576
 174 010250  0261  L42
 175 010251  4617  L37,-1649
 176 010252  0404  260
 177 010253  4634  -1636
 178 010254  4517  -1713
 179 010255  1404  772
 180 010256  4534  -1700
 181 010257  3536  1886
 182 010260  4547  -1689
 183 010261  4617  L42,L36,L35,-1649
 184 010262  5233  -1381
 185 010263  3045  1573
 186 010264  4246  -1882
 187 010265  1752  1002
 188 010266  5731  -1063
 189 010267  4617  -1649
 190 010270  5272  -1350
 191 010271  3037  1567
 192 010272  4543  -1693
 193               L33=4
 194 010273  1200  640
 195 010274  0003  L43,L44
 196 010275  4617  -1649
 197 010276  2003  1027
 198 010277  2626  1430
 199 010300  4617  -1649
 200 010301  5273  -1349
 201 010302  2640  1440
 202 010303  4617  -1649
 203 010304  2003  1027
 204 010305  2426  1302
 205 010306  4046  -2010
 206 010307  1752  1002
 207 010310  4426  -1770
 208 010311  4004  -2044
 209               
 210 010312  0357  239
 211               L44=3
 212 010313  0004  L45,L46
 213 010314  5273  -1349
 214 010315  1404  772
 215 010316  5400  -1280
 216 010317  3773  L47
 217 010320  1300  704
 218 010321  0323  L48
 219               L46=4
 220 010322  1200  640
 221               L49,L48=L49
 222 010323  0003  L50
 223 010324  4617  L51,-1649
 224 010325  2002  1026
 225 010326  0726  470
 226 010327  3400  1792
 227 010330  0347  L52
 228 010331  1300  L53,704
 229 010332  0016  L12
 230 010333  4615  -1651
 231 010334  5273  -1349
 232 010335  2734  1500
 233 010336  0343  L54
 234 010337  1100  576
 235 010340  0331  L53
 236 010341  1100  576
 237 010342  0347  L55
 238 010343  1300  L54,704
 239 010344  0172  L32
 240 010345  1100  576
 241 010346  0324  L51
 242               L55,L52,L50=3
 243 010347  1200  640
 244 010350  0003  L56,L57
 245 010351  4621  -1647
 246 010352  5203  -1405
 247 010353  2646  1446
 248 010354  2152  1130
 249 010355  0726  470
 250 010356  4046  -2010
 251 010357  2152  1130
 252 010360  1526  854
 253 010361  4004  -2044
 254               
 255 010362  0357  239
 256               L57=3
 257 010363  0005  L58,L59
 258 010364  4613  -1653
 259 010365  0205  133
 260 010366  1400  768
 261               
 262 010367  1404  772
 263 010370  0605  389
 264 010371  7514  -180
 265               
 266 010372  0014  12
 267 010373  0506  326
 268 010374  4613  -1653
 269 010375  0250  168
 270               L59=5
 271 010376  1200  640
 272 010377  0004  L60,L61
 273 010400  1404  772
 274 010401  1404  772
 275 010402  2001  1025
 276 010403  0024  20
 277 010404  2001  1025
 278 010405  0023  19
 279 010406  2504  1348
 280               
 281 010407  0357  239
 282               L61=4
 283 010410  0003  L62,L63
 284 010411  4617  -1649
 285 010412  4522  -1710
 286 010413  3545  1893
 287 010414  2313  1227
 288 010415  0172  L32
 289 010416  4642  -1630
 290 010417  4643  -1629
 291 010420  4034  -2020
 292 010421  0462  L64
 293 010422  5272  -1350
 294 010423  4622  -1646
 295 010424  2346  1254
 296 010425  1715  973
 297 010426  4522  -1710
 298 010427  1300  704
 299 010430  0172  L32
 300 010431  4642  -1630
 301 010432  4643  -1629
 302 010433  4034  -2020
 303 010434  0462  L65
 304 010435  4617  -1649
 305 010436  4523  -1709
 306 010437  1300  704
 307 010440  0172  L32
 308 010441  4642  -1630
 309 010442  4643  -1629
 310 010443  4034  -2020
 311 010444  0462  L66
 312 010445  5272  -1350
 313 010446  4623  -1645
 314 010447  2346  1254
 315 010450  1715  973
 316 010451  4523  -1709
 317 010452  1300  L67,704
 318 010453  0172  L32
 319 010454  4642  -1630
 320 010455  4643  -1629
 321 010456  4034  -2020
 322 010457  0462  L68
 323 010460  1100  576
 324 010461  0452  L67
 325 010462  3545  L68,L66,L65,L64,1893
 326 010463  4446  -1754
 327 010464  3245  1701
 328               
 329 010465  2011  1033
 330 010466  0475  L69
 331 010467  5201  L70,-1407
 332 010470  2152  1130
 333 010471  0142  98
 334 010472  0020  16
 335 010473  3400  1792
 336 010474  0527  L71
 337 010475  4622  L69,-1646
 338 010476  4620  -1648
 339 010477  1601  897
 340 010500  2634  1436
 341 010501  0525  L72
 342 010502  4623  -1645
 343 010503  4620  -1648
 344 010504  1602  898
 345 010505  2634  1436
 346 010506  0525  L73
 347 010507  3536  1886
 348 010510  4544  -1692
 349 010511  4620  -1648
 350 010512  1603  899
 351 010513  2001  1025
 352 010514  0024  20
 353 010515  4521  -1711
 354 010516  4620  -1648
 355 010517  1603  899
 356 010520  5300  -1344
 357 010521  0377  L60
 358 010522  4533  -1701
 359 010523  1100  576
 360 010524  0527  L74
 361 010525  1100  L73,L72,576
 362 010526  0467  L70
 363               L71,L75,L74=L75
 364               L63=3
 365 010527  1200  640
 366 010530  0003  L76,L77
 367 010531  4640  -1632
 368 010532  3400  1792
 369 010533  0536  L78
 370 010534  3553  1899
 371 010535  0537  L79
 372               L78,L77=3
 373 010536  1200  640
 374               L80,L79=L80
 375 010537  0004  L81
 376 010540  4640  -1632
 377 010541  3400  1792
 378 010542  0562  L82
 379 010543  4613  -1653
 380 010544  0220  144
 381 010545  0100  64
 382 010546  4625  -1643
 383 010547  2314  1228
 384 010550  0415  269
 385 010551  0635  413
 386 010552  4540  -1696
 387 010553  4613  -1653
 388 010554  0250  168
 389 010555  4614  -1652
 390 010556  5201  -1407
 391 010557  1545  869
 392 010560  1411  777
 393 010561  0566  L83
 394 010562  1404  L82,772
 395 010563  4525  -1707
 396 010564  3536  1886
 397 010565  4540  -1696
 398               L83,L81=4
 399 010566  1200  640
 400 010567  0004  L84,L85
 401 010570  1300  704
 402 010571  0530  L76
 403 010572  4613  -1653
 404 010573  0205  133
 405 010574  1400  768
 406               
 407 010575  1404  772
 408 010576  0605  389
 409 010577  5400  -1280
 410               
 411               L85=4
 412 010600  1200  640
 413 010601  0004  L86,L87
 414 010602  1300  704
 415 010603  0530  L76
 416 010604  4613  -1653
 417 010605  0205  133
 418 010606  1400  768
 419               
 420 010607  1404  772
 421 010610  0646  422
 422 010611  1302  706
 423 010612  5046  -1498
 424 010613  1452  810
 425 010614  0115  77
 426 010615  4514  -1716
 427               L87=4
 428 010616  1200  640
 429 010617  0003  L88,L89
 430 010620  4624  -1644
 431 010621  5300  -1344
 432 010622  0631  L90
 433 010623  4624  -1644
 434 010624  0403  259
 435               
 436 010625  4624  -1644
 437 010626  5201  -1407
 438 010627  1545  869
 439 010630  2457  1327
 440               L89=3
 441               L91,L90=L91
 442 010631  0004  L92
 443 010632  5211  -1399
 444 010633  5300  -1344
 445 010634  0537  L80
 446 010635  1404  772
 447 010636  5300  -1344
 448 010637  0601  L86
 449               L92=4
 450 010640  1200  640
 451 010641  0003  L93,L94
 452 010642  5234  -1380
 453 010643  5300  -1344
 454 010644  0537  L80
 455 010645  4624  -1644
 456 010646  5300  -1344
 457 010647  0601  L86
 458 010650  4624  -1644
 459 010651  0403  259
 460               
 461 010652  4624  -1644
 462 010653  5201  -1407
 463 010654  1545  869
 464 010655  2457  1327
 465               L94=3
 466 010656  0003  L95,L96
 467 010657  4645  -1627
 468 010660  3400  1792
 469 010661  0702  L97
 470 010662  5201  -1407
 471 010663  0250  168
 472 010664  4622  -1646
 473 010665  5300  -1344
 474 010666  3672  L98
 475 010667  4623  -1645
 476 010670  5300  -1344
 477 010671  3672  L98
 478 010672  5201  -1407
 479 010673  0205  133
 480 010674  4000  -2048
 481               
 482 010675  4633  -1637
 483 010676  0605  389
 484 010677  4000  -2048
 485               
 486 010700  4621  -1647
 487 010701  0600  384
 488 010702  4632  L97,-1638
 489 010703  2002  1026
 490 010704  4026  -2026
 491 010705  3400  1792
 492 010706  0714  L99
 493 010707  5217  -1393
 494 010710  5300  -1344
 495 010711  3712  L15
 496 010712  1100  576
 497 010713  0720  L100
 498 010714  4632  L99,-1638
 499 010715  5201  -1407
 500 010716  1545  869
 501 010717  3200  1664
 502 010720  4644  L100,-1628
 503 010721  4620  -1648
 504 010722  4631  -1639
 505 010723  3137  1631
 506 010724  3400  1792
 507 010725  0731  L101
 508 010726  5201  -1407
 509 010727  5300  -1344
 510 010730  3712  L15
 511 010731  4621  L101,-1647
 512 010732  5204  -1404
 513 010733  2746  1510
 514 010734  2152  1130
 515 010735  1230  664
 516 010736  3734  2012
 517 010737  0757  L102
 518 010740  4633  -1637
 519 010741  4636  -1634
 520 010742  3134  1628
 521 010743  0746  L103
 522 010744  4633  -1637
 523 010745  4536  -1698
 524 010746  4633  L103,-1637
 525 010747  5277  -1345
 526 010750  3134  1628
 527 010751  0755  L104
 528 010752  5205  -1403
 529 010753  5300  -1344
 530 010754  3712  L15
 531 010755  1100  L104,576
 532 010756  0761  L105
 533 010757  5224  L102,-1388
 534 010760  4533  -1701
 535 010761  4632  L105,-1638
 536 010762  4622  -1646
 537 010763  1701  961
 538 010764  4632  -1638
 539 010765  4623  -1645
 540 010766  1702  962
 541 010767  4632  -1638
 542 010770  2001  1025
 543 010771  0046  38
 544 010772  2123  1107
 545 010773  4633  -1637
 546 010774  1517  847
 547 010775  0312  202
 548               L96=3
 549 010776  0005  L106,L107
 550 010777  4630  L108,-1640
 551 011000  0404  260
 552 011001  5201  -1407
 553 011002  0405  261
 554 011003  1300  L109,704
 555 011004  0410  L62
 556 011005  4630  -1640
 557 011006  4533  -1701
 558 011007  4630  -1640
 559 011010  5201  -1407
 560 011011  1545  869
 561 011012  3013  1547
 562 011013  0656  L95
 563 011014  4617  -1649
 564 011015  5254  -1364
 565 011016  2634  1436
 566 011017  1027  L110
 567 011020  1405  773
 568 011021  5201  -1407
 569 011022  1504  836
 570 011023  0513  331
 571 011024  0172  L32
 572 011025  1100  576
 573 011026  1003  L109
 574 011027  5233  L110,-1381
 575 011030  5222  -1390
 576 011031  5400  -1280
 577 011032  3773  L47
 578 011033  1300  704
 579 011034  1142  L111
 580 011035  5272  -1350
 581 011036  5222  -1390
 582 011037  5400  -1280
 583 011040  3773  L47
 584 011041  1300  704
 585 011042  1142  L111
 586 011043  5235  -1379
 587 011044  5222  -1390
 588 011045  5400  -1280
 589 011046  3773  L47
 590 011047  5201  -1407
 591 011050  5300  -1344
 592 011051  0537  L80
 593 011052  1405  773
 594 011053  5300  -1344
 595 011054  0537  L80
 596 011055  1404  772
 597 011056  5300  -1344
 598 011057  0537  L80
 599 011060  4617  -1649
 600 011061  5273  -1349
 601 011062  2734  1500
 602 011063  1072  L112
 603 011064  5254  -1364
 604 011065  5222  -1390
 605 011066  5400  -1280
 606 011067  3773  L47
 607 011070  1100  576
 608 011071  0777  L108
 609 011072  1300  L112,704
 610 011073  0172  L32
 611 011074  1300  704
 612 011075  0323  L49
 613               L107=5
 614 011076  1200  640
 615 011077  0004  L113,L114
 616 011100  4621  -1647
 617 011101  0404  260
 618 011102  1300  L115,704
 619 011103  0410  L62
 620 011104  1404  772
 621 011105  4521  -1711
 622 011106  4630  -1640
 623 011107  4533  -1701
 624 011110  4630  -1640
 625 011111  5201  -1407
 626 011112  1545  869
 627 011113  3013  1547
 628 011114  0656  L95
 629 011115  4617  -1649
 630 011116  5254  -1364
 631 011117  2634  1436
 632 011120  1125  L116
 633 011121  1300  704
 634 011122  0172  L32
 635 011123  1100  576
 636 011124  1102  L115
 637 011125  4617  L116,-1649
 638 011126  5273  -1349
 639 011127  2634  1436
 640 011130  1137  L117
 641 011131  1300  704
 642 011132  0172  L32
 643 011133  1300  704
 644 011134  0323  L49
 645 011135  1100  576
 646 011136  1141  L118
 647 011137  1300  L117,704
 648 011140  0172  L32
 649               L118,L114=4
 650 011141  1200  640
 651               L119,L111=L119
 652 011142  0003  L120
 653 011143  1300  704
 654 011144  4404  L121
 655               L120=3
 656 011145  1200  640
 657 011146  0004  L122,L123
 658 011147  4644  -1628
 659 011150  4620  -1648
 660 011151  5206  -1402
 661 011152  3237  1695
 662 011153  3400  1792
 663 011154  1157  L124
 664 011155  1100  576
 665 011156  1323  L125
 666 011157  4627  L124,-1641
 667 011160  3527  1879
 668 011161  3400  1792
 669 011162  1245  L126
 670 011163  5201  -1407
 671 011164  0404  260
 672               
 673 011165  1100  576
 674 011166  1174  L127
 675 011167  5201  L128,-1407
 676 011170  4627  -1641
 677 011171  4202  -1918
 678 011172  0434  284
 679 011173  1245  L129
 680 011174  1404  L127,772
 681 011175  1605  901
 682 011176  4622  -1646
 683 011177  2634  1436
 684 011200  1243  L130
 685 011201  1404  772
 686 011202  1606  902
 687 011203  4623  -1645
 688 011204  2634  1436
 689 011205  1243  L131
 690 011206  1404  772
 691 011207  1610  904
 692 011210  5300  -1344
 693 011211  0377  L60
 694 011212  4621  -1647
 695 011213  2614  1420
 696 011214  0416  270
 697 011215  1053  555
 698 011216  0377  L60
 699 011217  4621  -1647
 700 011220  5212  -1398
 701 011221  1526  854
 702 011222  4034  -2020
 703 011223  1243  L132
 704 011224  4635  -1635
 705 011225  1404  772
 706 011226  1610  904
 707 011227  2001  1025
 708 011230  0024  20
 709 011231  2646  1446
 710 011232  2152  1130
 711 011233  1131  601
 712 011234  4034  -2020
 713 011235  1243  L133
 714 011236  1404  772
 715 011237  1607  903
 716 011240  4533  -1701
 717 011241  1100  576
 718 011242  1323  L125
 719 011243  1100  L133,L132,L131,L130,576
 720 011244  1167  L128
 721 011245  4627  L129,L126,-1641
 722 011246  2002  1026
 723 011247  2626  1430
 724 011250  3400  1792
 725 011251  1257  L134
 726 011252  5236  -1378
 727 011253  5300  -1344
 728 011254  3712  L15
 729 011255  1100  576
 730 011256  1263  L135
 731 011257  4627  L134,-1641
 732 011260  5201  -1407
 733 011261  1545  869
 734 011262  2700  1472
 735 011263  4627  L135,-1641
 736 011264  4626  -1642
 737 011265  3134  1628
 738 011266  1271  L136
 739 011267  4627  -1641
 740 011270  4526  -1706
 741 011271  4627  L136,-1641
 742 011272  4622  -1646
 743 011273  1705  965
 744 011274  4627  -1641
 745 011275  4623  -1645
 746 011276  1706  966
 747 011277  4627  -1641
 748 011300  2001  1025
 749 011301  0046  38
 750 011302  3523  1875
 751 011303  4621  -1647
 752 011304  1552  874
 753 011305  1215  653
 754 011306  1710  968
 755 011307  4624  -1644
 756 011310  4533  -1701
 757 011311  4627  -1641
 758 011312  4624  -1644
 759 011313  1707  967
 760 011314  4624  -1644
 761 011315  5201  -1407
 762 011316  1545  869
 763 011317  2446  1318
 764 011320  2746  1510
 765 011321  1617  911
 766 011322  1100  576
 767               L137,L125=L137
 768               L123=4
 769 011323  1200  640
 770 011324  0004  L138,L139
 771 011325  4624  -1644
 772 011326  4533  -1701
 773 011327  1300  704
 774 011330  0656  L95
 775 011331  4627  -1641
 776 011332  2002  1026
 777 011333  2626  1430
 778 011334  3400  1792
 779 011335  1343  L140
 780 011336  5236  -1378
 781 011337  5300  -1344
 782 011340  3712  L15
 783 011341  1100  576
 784 011342  1347  L141
 785 011343  4627  L140,-1641
 786 011344  5201  -1407
 787 011345  1545  869
 788 011346  2700  1472
 789 011347  4624  L141,-1644
 790 011350  5300  -1344
 791 011351  0567  L84
 792 011352  4627  -1641
 793 011353  4624  -1644
 794 011354  1707  967
 795 011355  4624  -1644
 796 011356  4533  -1701
 797 011357  4624  -1644
 798 011360  5201  -1407
 799 011361  1545  869
 800 011362  2446  1318
 801 011363  2720  1488
 802 011364  0100  64
 803 011365  4635  -1635
 804 011366  2346  1254
 805 011367  2115  1101
 806 011370  1710  968
 807 011371  4627  -1641
 808 011372  4622  -1646
 809 011373  1705  965
 810 011374  4627  -1641
 811 011375  4623  -1645
 812 011376  1706  966
 813 011377  5201  -1407
 814 011400  0404  260
 815               
 816 011401  1100  576
 817 011402  1410  L142
 818 011403  5201  L143,-1407
 819 011404  4627  -1641
 820 011405  4202  -1918
 821 011406  0434  284
 822 011407  1463  L144
 823 011410  1404  L142,772
 824 011411  1605  901
 825 011412  4622  -1646
 826 011413  2634  1436
 827 011414  1461  L145
 828 011415  1404  772
 829 011416  1606  902
 830 011417  4623  -1645
 831 011420  2634  1436
 832 011421  1461  L146
 833 011422  1404  772
 834 011423  1610  904
 835 011424  5300  -1344
 836 011425  0377  L60
 837 011426  4621  -1647
 838 011427  5212  -1398
 839 011430  1526  854
 840 011431  3400  1792
 841 011432  1461  L147
 842 011433  4635  -1635
 843 011434  1404  772
 844 011435  1610  904
 845 011436  2001  1025
 846 011437  0024  20
 847 011440  2646  1446
 848 011441  2152  1130
 849 011442  1131  601
 850 011443  4034  -2020
 851 011444  1461  L148
 852 011445  1404  772
 853 011446  1607  903
 854 011447  4633  -1637
 855 011450  5400  -1280
 856 011451  0363  L58
 857 011452  1404  772
 858 011453  5300  -1344
 859 011454  1464  L149
 860 011455  1404  772
 861 011456  5201  -1407
 862 011457  2504  1348
 863 011460  0400  256
 864 011461  1100  L148,L147,L146,L145,576
 865 011462  1403  L143
 866               L144,L139=4
 867 011463  1200  640
 868               L150,L149=L150
 869 011464  0004  L151
 870 011465  1404  772
 871 011466  4627  -1641
 872 011467  1605  901
 873 011470  1705  965
 874 011471  1404  772
 875 011472  4627  -1641
 876 011473  1606  902
 877 011474  1706  966
 878 011475  1404  772
 879 011476  4627  -1641
 880 011477  1607  903
 881 011500  1707  967
 882 011501  1404  772
 883 011502  4627  -1641
 884 011503  1610  904
 885 011504  1710  968
 886 011505  1404  772
 887 011506  4627  -1641
 888 011507  1611  905
 889 011510  1711  969
 890 011511  4627  -1641
 891 011512  5201  -1407
 892 011513  2545  1381
 893 011514  2712  1482
 894               L151=4
 895 011515  0006  L152,L153
 896 011516  4621  -1647
 897 011517  0404  260
 898 011520  4644  -1628
 899 011521  4620  -1648
 900 011522  5206  -1402
 901 011523  3237  1695
 902 011524  3400  1792
 903 011525  1776  L154
 904 011526  5250  -1368
 905 011527  5240  -1376
 906 011530  5400  -1280
 907 011531  3773  L47
 908 011532  4633  -1637
 909 011533  5201  -1407
 910 011534  2634  1436
 911 011535  1552  L155
 912 011536  1300  704
 913 011537  1142  L119
 914 011540  5202  -1406
 915 011541  5300  -1344
 916 011542  0537  L80
 917 011543  5250  -1368
 918 011544  5300  -1344
 919 011545  0537  L80
 920 011546  1100  576
 921 011547  2126  L156
 922 011550  1100  576
 923 011551  1774  L157
 924 011552  4633  L155,-1637
 925 011553  5202  -1406
 926 011554  2634  1436
 927 011555  1606  L158
 928 011556  1300  704
 929 011557  1142  L119
 930 011560  5202  -1406
 931 011561  5300  -1344
 932 011562  0537  L80
 933 011563  4617  L159,-1649
 934 011564  5254  -1364
 935 011565  2734  1500
 936 011566  1571  L160
 937 011567  1100  576
 938 011570  2126  L156
 939 011571  1300  L160,704
 940 011572  0172  L32
 941 011573  5203  -1405
 942 011574  5300  -1344
 943 011575  0537  L80
 944 011576  1300  704
 945 011577  0410  L62
 946 011600  1300  704
 947 011601  4546  L161
 948 011602  1100  576
 949 011603  1563  L159
 950 011604  1100  576
 951 011605  1774  L162
 952 011606  4633  L158,-1637
 953 011607  5203  -1405
 954 011610  2634  1436
 955 011611  1701  L163
 956 011612  1300  704
 957 011613  1142  L119
 958 011614  5202  -1406
 959 011615  5300  -1344
 960 011616  0537  L80
 961 011617  4617  L164,-1649
 962 011620  5254  -1364
 963 011621  2734  1500
 964 011622  1625  L165
 965 011623  1100  576
 966 011624  2126  L156
 967 011625  1300  L165,704
 968 011626  0172  L32
 969 011627  4617  -1649
 970 011630  5242  -1374
 971 011631  2634  1436
 972 011632  1670  L166
 973 011633  3536  1886
 974 011634  4550  -1688
 975 011635  1300  704
 976 011636  0172  L32
 977 011637  5205  -1403
 978 011640  5300  -1344
 979 011641  0537  L80
 980 011642  4617  L167,-1649
 981 011643  5300  -1344
 982 011644  0537  L80
 983 011645  1300  704
 984 011646  0172  L32
 985 011647  4617  -1649
 986 011650  5242  -1374
 987 011651  2734  1500
 988 011652  1655  L168
 989 011653  1100  576
 990 011654  1642  L167
 991 011655  1300  L168,704
 992 011656  0172  L32
 993 011657  3553  1899
 994 011660  0537  L80
 995 011661  4613  -1653
 996 011662  0250  168
 997 011663  3545  1893
 998 011664  5011  -1527
 999 011665  1617  L164
1000 011666  1100  576
1001 011667  1677  L169
1002 011670  1300  L166,704
1003 011671  1142  L119
1004 011672  5206  -1402
1005 011673  5300  -1344
1006 011674  0537  L80
1007 011675  1100  576
1008 011676  1617  L164
1009 011677  1100  L169,576
1010 011700  1774  L170
1011 011701  4633  L163,-1637
1012 011702  5204  -1404
1013 011703  2634  1436
1014 011704  1733  L171
1015 011705  1300  704
1016 011706  1142  L119
1017 011707  5202  -1406
1018 011710  5300  -1344
1019 011711  0537  L80
1020 011712  4617  -1649
1021 011713  5254  -1364
1022 011714  2734  1500
1023 011715  1720  L172
1024 011716  1100  576
1025 011717  2126  L156
1026 011720  1300  L172,704
1027 011721  0172  L32
1028 011722  5207  -1401
1029 011723  5300  -1344
1030 011724  0537  L80
1031 011725  1300  704
1032 011726  0410  L62
1033 011727  1300  704
1034 011730  4546  L161
1035 011731  1100  576
1036 011732  1774  L173
1037 011733  4633  L171,-1637
1038 011734  5205  -1403
1039 011735  2634  1436
1040 011736  1763  L174
1041 011737  1300  704
1042 011740  1142  L119
1043 011741  5202  -1406
1044 011742  5300  -1344
1045 011743  0537  L80
1046 011744  4617  -1649
1047 011745  5254  -1364
1048 011746  2734  1500
1049 011747  1752  L175
1050 011750  1100  576
1051 011751  2126  L156
1052 011752  1300  L175,704
1053 011753  0172  L32
1054 011754  1300  704
1055 011755  1142  L119
1056 011756  5210  -1400
1057 011757  5300  -1344
1058 011760  0537  L80
1059 011761  1100  576
1060 011762  1774  L176
1061 011763  4633  L174,-1637
1062 011764  5206  -1402
1063 011765  2634  1436
1064 011766  1774  L177
1065 011767  1300  704
1066 011770  1142  L119
1067 011771  5247  -1369
1068 011772  5300  -1344
1069 011773  0537  L80
1070 011774  1100  L177,L176,L173,L170,L162,L157,576
1071 011775  2126  L178
1072 011776  1300  L154,704
1073 011777  1146  L122
1074 012000  4617  -1649
1075 012001  5250  -1368
1076 012002  2734  1500
1077 012003  2014  L179
1078 012004  5213  -1397
1079 012005  5300  -1344
1080 012006  0537  L80
1081 012007  4633  -1637
1082 012010  5300  -1344
1083 012011  0601  L86
1084 012012  1100  576
1085 012013  2132  L180
1086 012014  3504  L179,1860
1087 012015  0546  358
1088 012016  3304  1732
1089 012017  0613  395
1090 012020  0172  L32
1091 012021  4642  L181,-1630
1092 012022  3634  1948
1093 012023  2050  L182
1094 012024  4617  -1649
1095 012025  2011  1033
1096 012026  0226  150
1097 012027  4617  -1649
1098 012030  2014  1036
1099 012031  6226  -874
1100 012032  4046  -2010
1101 012033  1720  976
1102 012034  0361  241
1103 012035  2640  1440
1104 012036  3400  1792
1105 012037  2044  L183
1106 012040  1300  704
1107 012041  5027  L184
1108 012042  1100  576
1109 012043  2046  L185
1110 012044  1300  L183,704
1111 012045  4404  L121
1112 012046  1100  L185,576
1113 012047  2064  L186
1114 012050  1300  L182,704
1115 012051  0410  L62
1116 012052  4644  -1628
1117 012053  3634  1948
1118 012054  2060  L187
1119 012055  5235  -1379
1120 012056  5300  -1344
1121 012057  3712  L15
1122 012060  3536  L187,1886
1123 012061  4546  -1690
1124 012062  1300  704
1125 012063  3522  L188
1126 012064  1405  L186,773
1127 012065  5201  -1407
1128 012066  1504  836
1129 012067  0546  358
1130 012070  1752  1002
1131 012071  5426  -1258
1132 012072  3400  1792
1133 012073  2100  L189
1134 012074  1300  704
1135 012075  0172  L32
1136 012076  1100  576
1137 012077  2021  L181
1138 012100  1405  L189,773
1139 012101  5205  -1403
1140 012102  3034  1564
1141 012103  2115  L190
1142 012104  1405  773
1143 012105  5252  -1366
1144 012106  1553  875
1145 012107  0537  L80
1146 012110  1406  774
1147 012111  5300  -1344
1148 012112  0601  L86
1149 012113  1100  576
1150 012114  2126  L191
1151 012115  5244  L190,-1372
1152 012116  5300  -1344
1153 012117  0537  L80
1154 012120  1405  773
1155 012121  5300  -1344
1156 012122  0537  L80
1157 012123  1406  774
1158 012124  5300  -1344
1159 012125  0601  L86
1160               L191,L178,L192,L156=L192
1161 012126  5251  -1367
1162 012127  5225  -1387
1163 012130  5400  -1280
1164 012131  3773  L47
1165               L193,L180=L193
1166 012132  1404  772
1167 012133  4521  -1711
1168               L153=6
1169 012134  1200  640
1170 012135  0013  L194,L195
1171 012136  4642  L196,-1630
1172 012137  3400  1792
1173 012140  2202  L197
1174 012141  1300  704
1175 012142  0410  L62
1176 012143  4617  -1649
1177 012144  5272  -1350
1178 012145  2634  1436
1179 012146  2161  L198
1180 012147  5204  -1404
1181 012150  4521  -1711
1182 012151  1300  704
1183 012152  1324  L138
1184 012153  1300  704
1185 012154  0172  L32
1186 012155  1100  576
1187 012156  2136  L196
1188 012157  1100  576
1189 012160  2200  L199
1190 012161  4617  L198,-1649
1191 012162  5233  -1381
1192 012163  2646  1446
1193 012164  1752  1002
1194 012165  4126  -1962
1195 012166  4034  -2020
1196 012167  2174  L200
1197 012170  1300  704
1198 012171  3536  L201
1199 012172  1100  576
1200 012173  2200  L202
1201 012174  5212  L200,-1398
1202 012175  4521  -1711
1203 012176  1300  704
1204 012177  1515  L152
1205 012200  1100  L202,L199,576
1206 012201  3051  L203
1207 012202  4617  L197,-1649
1208 012203  2005  1029
1209 012204  5626  -1130
1210 012205  3400  1792
1211 012206  2245  L204
1212 012207  1300  704
1213 012210  4610  L205
1214 012211  0404  260
1215 012212  1300  704
1216 012213  2135  L194
1217 012214  4617  -1649
1218 012215  2003  1027
1219 012216  2427  1303
1220 012217  3400  1792
1221 012220  2226  L206
1222 012221  1404  772
1223 012222  5300  -1344
1224 012223  0567  L84
1225 012224  1100  576
1226 012225  2243  L207
1227 012226  1300  L206,704
1228 012227  0172  L32
1229 012230  1300  704
1230 012231  0617  L88
1231 012232  0405  261
1232 012233  1404  772
1233 012234  5300  -1344
1234 012235  0567  L84
1235 012236  1300  704
1236 012237  2135  L194
1237 012240  1405  773
1238 012241  5300  -1344
1239 012242  0567  L84
1240 012243  1100  L207,576
1241 012244  3051  L208
1242 012245  4617  L204,-1649
1243 012246  2004  1028
1244 012247  4726  -1578
1245 012250  3400  1792
1246 012251  2267  L209
1247 012252  1300  704
1248 012253  0172  L32
1249 012254  1300  704
1250 012255  0410  L62
1251 012256  5204  -1404
1252 012257  4521  -1711
1253 012260  1300  704
1254 012261  1146  L122
1255 012262  4633  -1637
1256 012263  5300  -1344
1257 012264  0631  L91
1258 012265  1100  576
1259 012266  3051  L210
1260 012267  4617  L209,-1649
1261 012270  2003  1027
1262 012271  7726  -42
1263 012272  3400  1792
1264 012273  2421  L211
1265 012274  1300  704
1266 012275  0172  L32
1267 012276  1300  704
1268 012277  0410  L62
1269 012300  4644  -1628
1270 012301  3646  1958
1271 012302  2152  1130
1272 012303  0227  151
1273 012304  4034  -2020
1274 012305  2311  L212
1275 012306  5215  -1395
1276 012307  5300  -1344
1277 012310  3712  L15
1278 012311  4633  L212,-1637
1279 012312  0407  263
1280 012313  4620  -1648
1281 012314  4637  -1633
1282 012315  3246  1702
1283 012316  5137  -1441
1284 012317  3400  1792
1285 012320  2323  L213
1286 012321  3511  1865
1287 012322  2324  L214
1288 012323  5202  L213,-1406
1289 012324  0410  L214,264
1290 012325  1300  704
1291 012326  3536  L201
1292 012327  2014  1036
1293 012330  1452  810
1294 012331  2654  1452
1295 012332  3773  L47
1296 012333  4624  -1644
1297 012334  0404  260
1298 012335  4624  -1644
1299 012336  5201  -1407
1300 012337  1504  836
1301 012340  0546  358
1302 012341  2452  1322
1303 012342  0215  141
1304 012343  4524  -1708
1305 012344  4613  -1653
1306 012345  0250  168
1307 012346  1404  772
1308 012347  5300  -1344
1309 012350  0631  L91
1310 012351  1405  773
1311 012352  5300  -1344
1312 012353  0567  L84
1313 012354  1300  704
1314 012355  1142  L119
1315 012356  2015  1037
1316 012357  2652  1450
1317 012360  2654  1452
1318 012361  3773  L47
1319 012362  1300  704
1320 012363  1142  L119
1321 012364  2002  1026
1322 012365  5752  -1046
1323 012366  2654  1452
1324 012367  3773  L47
1325 012370  5242  -1374
1326 012371  5300  -1344
1327 012372  0537  L80
1328 012373  1410  776
1329 012374  5300  -1344
1330 012375  0537  L80
1331 012376  1407  775
1332 012377  5300  -1344
1333 012400  0537  L80
1334 012401  1300  704
1335 012402  0641  L93
1336 012403  0406  262
1337 012404  1404  772
1338 012405  5300  -1344
1339 012406  0567  L84
1340 012407  1300  704
1341 012410  2135  L194
1342 012411  1405  773
1343 012412  5300  -1344
1344 012413  0631  L91
1345 012414  1406  774
1346 012415  5300  -1344
1347 012416  0567  L84
1348 012417  1100  576
1349 012420  3051  L215
1350 012421  4617  L211,-1649
1351 012422  2001  1025
1352 012423  2526  1366
1353 012424  3400  1792
1354 012425  3051  L216
1355 012426  1300  704
1356 012427  0172  L32
1357 012430  1300  704
1358 012431  0323  L49
1359 012432  3504  1860
1360 012433  1135  605
1361 012434  0412  266
1362 012435  4617  L217,-1649
1363 012436  2005  1029
1364 012437  6626  -618
1365 012440  4617  -1649
1366 012441  2001  1025
1367 012442  3726  2006
1368 012443  4034  -2020
1369 012444  2563  L218
1370 012445  1412  778
1371 012446  3634  1948
1372 012447  2464  L219
1373 012450  3536  1886
1374 012451  0412  266
1375 012452  4635  -1635
1376 012453  5201  -1407
1377 012454  1545  869
1378 012455  3546  1894
1379 012456  3104  1604
1380 012457  0646  422
1381 012460  3245  1701
1382 012461  3146  1638
1383 012462  3004  1540
1384 012463  0700  448
1385 012464  4617  L219,-1649
1386 012465  2005  1029
1387 012466  6626  -618
1388 012467  3400  1792
1389 012470  2474  L220
1390 012471  5202  -1406
1391 012472  1100  576
1392 012473  2475  L221
1393 012474  5203  L220,-1405
1394 012475  4521  L221,-1711
1395 012476  1300  704
1396 012477  0172  L32
1397 012500  4617  -1649
1398 012501  2012  1034
1399 012502  2226  1174
1400 012503  3400  1792
1401 012504  2525  L222
1402 012505  1300  704
1403 012506  0172  L32
1404 012507  1411  777
1405 012510  3634  1948
1406 012511  2517  L223
1407 012512  1300  704
1408 012513  0617  L88
1409 012514  0410  264
1410 012515  3536  1886
1411 012516  0411  265
1412 012517  1300  L223,704
1413 012520  3052  L224
1414 012521  1100  576
1415 012522  2435  L217
1416 012523  1100  576
1417 012524  2561  L225
1418 012525  4617  L222,-1649
1419 012526  2001  1025
1420 012527  7226  -362
1421 012530  3400  1792
1422 012531  2555  L226
1423 012532  1300  704
1424 012533  0172  L32
1425 012534  1411  777
1426 012535  3400  1792
1427 012536  2544  L227
1428 012537  1410  776
1429 012540  5300  -1344
1430 012541  0567  L84
1431 012542  3504  1860
1432 012543  1100  576
1433 012544  4621  L227,-1647
1434 012545  5204  -1404
1435 012546  1545  869
1436 012547  2113  1099
1437 012550  0776  L106
1438 012551  1100  576
1439 012552  2435  L217
1440 012553  1100  576
1441 012554  2561  L228
1442 012555  1300  L226,704
1443 012556  1077  L113
1444 012557  1100  576
1445 012560  2435  L217
1446 012561  1100  L228,L225,576
1447 012562  2626  L229
1448 012563  4617  L218,-1649
1449 012564  2012  1034
1450 012565  2226  1174
1451 012566  3400  1792
1452 012567  2626  L230
1453 012570  1412  778
1454 012571  3634  1948
1455 012572  2607  L231
1456 012573  3536  1886
1457 012574  0412  266
1458 012575  4635  -1635
1459 012576  5201  -1407
1460 012577  1545  869
1461 012600  3546  1894
1462 012601  3104  1604
1463 012602  0646  422
1464 012603  3245  1701
1465 012604  3146  1638
1466 012605  3004  1540
1467 012606  0700  448
1468 012607  3545  L231,1893
1469 012610  2113  1099
1470 012611  0172  L32
1471 012612  1411  777
1472 012613  3634  1948
1473 012614  2622  L232
1474 012615  1300  704
1475 012616  0617  L88
1476 012617  0410  264
1477 012620  3536  1886
1478 012621  0411  265
1479 012622  1300  L232,704
1480 012623  3052  L224
1481 012624  1100  576
1482 012625  2435  L217
1483 012626  1411  L230,L229,777
1484 012627  3400  1792
1485 012630  2635  L233
1486 012631  3504  1860
1487 012632  1114  588
1488 012633  1053  555
1489 012634  0567  L84
1490 012635  1300  L233,L234,704
1491 012636  2135  L194
1492 012637  4617  -1649
1493 012640  5273  -1349
1494 012641  2634  1436
1495 012642  2653  L235
1496 012643  1300  704
1497 012644  0172  L32
1498 012645  1300  704
1499 012646  0323  L49
1500 012647  1100  576
1501 012650  2635  L234
1502 012651  1100  576
1503 012652  2663  L236
1504 012653  4617  L235,-1649
1505 012654  2003  1027
1506 012655  2627  1431
1507 012656  3400  1792
1508 012657  2663  L237
1509 012660  5220  -1392
1510 012661  5300  -1344
1511 012662  3746  L238
1512 012663  1300  L237,L236,L239,704
1513 012664  0172  L32
1514 012665  1300  704
1515 012666  0274  L43
1516 012667  3634  1948
1517 012670  2673  L240
1518 012671  1100  576
1519 012672  2663  L239
1520 012673  1412  L240,778
1521 012674  3400  1792
1522 012675  3051  L241
1523 012676  4635  -1635
1524 012677  5201  -1407
1525 012700  2545  1381
1526 012701  3546  1894
1527 012702  3145  1637
1528 012703  3214  1676
1529 012704  0645  421
1530 012705  3114  1612
1531 012706  0745  485
1532 012707  3046  1574
1533 012710  2735  1501
1534 012711  2734  1500
1535 012712  3051  L242
1536 012713  5201  -1407
1537 012714  0404  260
1538               
1539 012715  1100  576
1540 012716  2724  L243
1541 012717  5201  L244,-1407
1542 012720  4627  -1641
1543 012721  4202  -1918
1544 012722  0434  284
1545 012723  3051  L245
1546 012724  1404  L243,772
1547 012725  1610  904
1548 012726  2001  1025
1549 012727  0024  20
1550 012730  4635  -1635
1551 012731  3134  1628
1552 012732  3047  L246
1553 012733  1404  772
1554 012734  1610  904
1555 012735  5300  -1344
1556 012736  0377  L60
1557 012737  0413  267
1558 012740  1413  779
1559 012741  5216  -1394
1560 012742  3034  1564
1561 012743  2754  L247
1562 012744  1404  772
1563 012745  5300  -1344
1564 012746  1464  L150
1565 012747  1404  772
1566 012750  5201  -1407
1567 012751  2504  1348
1568 012752  0411  265
1569 012753  3047  L248
1570 012754  1404  L247,772
1571 012755  2001  1025
1572 012756  0046  38
1573 012757  3523  1875
1574 012760  1413  779
1575 012761  1517  847
1576 012762  1052  554
1577 012763  0104  68
1578               
1579 012764  0511  329
1580 012765  2773  L249
1581 012766  5201  L250,-1407
1582 012767  4627  -1641
1583 012770  4202  -1918
1584 012771  0534  348
1585 012772  3047  L251
1586 012773  1404  L249,772
1587 012774  1605  901
1588 012775  1405  773
1589 012776  1605  901
1590 012777  2634  1436
1591 013000  3045  L252
1592 013001  1404  772
1593 013002  1606  902
1594 013003  1405  773
1595 013004  1606  902
1596 013005  2634  1436
1597 013006  3045  L253
1598 013007  1405  773
1599 013010  1610  904
1600 013011  5300  -1344
1601 013012  0377  L60
1602 013013  1413  779
1603 013014  5212  -1398
1604 013015  2526  1366
1605 013016  3400  1792
1606 013017  3045  L254
1607 013020  1405  773
1608 013021  1610  904
1609 013022  2001  1025
1610 013023  0024  20
1611 013024  4635  -1635
1612 013025  2634  1436
1613 013026  3045  L255
1614 013027  1404  772
1615 013030  1607  903
1616 013031  1405  773
1617 013032  1607  903
1618 013033  5400  -1280
1619 013034  0363  L58
1620 013035  1404  772
1621 013036  5300  -1344
1622 013037  1464  L150
1623 013040  1404  772
1624 013041  5201  -1407
1625 013042  2504  1348
1626 013043  0411  265
1627 013044  3047  L256
1628 013045  1100  L255,L254,L253,L252,576
1629 013046  2766  L250
1630               L251,L257,L256=L257
1631 013047  1100  L248,L246,576
1632 013050  2717  L244
1633               L245,L242,L241,L216,L215,L210,L208,L203,L195=11
1634 013051  1200  640
1635               L258,L224=L258
1636 013052  0011  L259
1637 013053  3536  1886
1638 013054  4551  -1687
1639 013055  4621  -1647
1640 013056  5212  -1398
1641 013057  1504  836
1642 013060  1013  523
1643 013061  0410  L62
1644 013062  1410  776
1645 013063  4521  -1711
1646 013064  1300  704
1647 013065  1324  L138
1648 013066  4632  -1638
1649 013067  4537  -1697
1650 013070  4636  -1634
1651 013071  0406  262
1652 013072  4630  -1640
1653 013073  0404  260
1654 013074  4631  -1639
1655 013075  0405  261
1656 013076  4632  -1638
1657 013077  4531  -1703
1658 013100  4635  -1635
1659 013101  5201  -1407
1660 013102  1545  869
1661 013103  3552  1898
1662 013104  0345  229
1663 013105  3652  1962
1664 013106  0445  293
1665 013107  3046  1574
1666 013110  2453  1323
1667 013111  0601  L86
1668 013112  4624  -1644
1669 013113  0407  263
1670 013114  4624  -1644
1671 013115  5201  -1407
1672 013116  1545  869
1673 013117  2446  1318
1674 013120  1752  1002
1675 013121  5026  -1514
1676 013122  3400  1792
1677 013123  3131  L260
1678 013124  1300  704
1679 013125  0172  L32
1680 013126  3545  1893
1681 013127  2113  1099
1682 013130  1077  L113
1683 013131  5234  L260,-1380
1684 013132  5300  -1344
1685 013133  0313  L45
1686 013134  4617  L261,-1649
1687 013135  2015  1037
1688 013136  6126  -938
1689 013137  3400  1792
1690 013140  3157  L262
1691 013141  1300  L263,704
1692 013142  0172  L32
1693 013143  4617  -1649
1694 013144  5273  -1349
1695 013145  2734  1500
1696 013146  3151  L264
1697 013147  1100  576
1698 013150  3141  L263
1699 013151  1300  L264,704
1700 013152  0172  L32
1701 013153  1100  576
1702 013154  3134  L261
1703 013155  1100  576
1704 013156  3245  L265
1705 013157  4617  L262,-1649
1706 013160  2005  1029
1707 013161  6626  -618
1708 013162  4617  -1649
1709 013163  2001  1025
1710 013164  3726  2006
1711 013165  4034  -2020
1712 013166  3245  L266
1713 013167  4617  -1649
1714 013170  2001  1025
1715 013171  3726  2006
1716 013172  0411  265
1717 013173  1300  704
1718 013174  0172  L32
1719 013175  1300  L267,704
1720 013176  0410  L62
1721 013177  4644  -1628
1722 013200  3646  1958
1723 013201  2135  1117
1724 013202  2740  1504
1725 013203  3400  1792
1726 013204  3212  L268
1727 013205  5235  -1379
1728 013206  5300  -1344
1729 013207  3712  L15
1730 013210  1100  576
1731 013211  3226  L269
1732 013212  4620  L268,-1648
1733 013213  2001  1025
1734 013214  0014  12
1735 013215  1134  604
1736 013216  3222  L270
1737 013217  5203  -1405
1738 013220  1100  576
1739 013221  3223  L271
1740 013222  5202  L270,-1406
1741 013223  2346  L271,1254
1742 013224  3315  1741
1743 013225  1703  963
1744 013226  4617  L269,-1649
1745 013227  5254  -1364
1746 013230  2634  1436
1747 013231  3240  L272
1748 013232  1300  704
1749 013233  0172  L32
1750 013234  1100  576
1751 013235  3175  L267
1752 013236  1100  576
1753 013237  3245  L273
1754 013240  5253  L272,-1365
1755 013241  5300  -1344
1756 013242  0313  L45
1757 013243  1100  576
1758 013244  3134  L274
1759               L273,L274=L261
1760 013245  4632  L266,L265,-1638
1761 013246  4520  -1712
1762               
1763 013247  1100  576
1764 013250  3260  L275
1765 013251  5201  L276,-1407
1766 013252  2146  1126
1767 013253  3152  1642
1768 013254  0115  77
1769 013255  4200  -1920
1770 013256  2034  1052
1771 013257  3274  L277
1772 013260  4620  L275,-1648
1773 013261  1603  899
1774 013262  2001  1025
1775 013263  0024  20
1776 013264  3526  1878
1777 013265  3400  1792
1778 013266  3272  L278
1779 013267  5250  -1368
1780 013270  5300  -1344
1781 013271  3712  L15
1782 013272  1100  L278,576
1783 013273  3251  L276
1784 013274  1300  L277,704
1785 013275  2135  L194
1786 013276  1410  776
1787 013277  5212  -1398
1788 013300  3134  1628
1789 013301  3305  L279
1790 013302  5257  -1361
1791 013303  1100  576
1792 013304  3306  L280
1793 013305  5212  L279,-1398
1794 013306  5300  L280,-1344
1795 013307  0537  L80
1796 013310  4613  -1653
1797 013311  0205  133
1798 013312  1400  768
1799               
1800 013313  1407  775
1801 013314  0605  389
1802 013315  7500  -192
1803               
1804 013316  4636  -1634
1805 013317  0646  422
1806 013320  1302  706
1807 013321  5014  -1524
1808 013322  0445  293
1809 013323  3046  1574
1810 013324  3745  2021
1811 013325  3214  1676
1812 013326  0645  421
1813 013327  3614  1932
1814 013330  0545  357
1815 013331  3146  1638
1816 013332  3552  1898
1817 013333  0125  85
1818 013334  4535  -1699
1819 013335  5227  -1385
1820 013336  5300  -1344
1821 013337  0313  L45
1822 013340  3545  1893
1823 013341  5146  -1434
1824 013342  2735  1501
1825 013343  2734  1500
1826 013344  3417  L281
1827 013345  5201  -1407
1828 013346  0407  263
1829               
1830 013347  1100  576
1831 013350  3356  L282
1832 013351  5201  L283,-1407
1833 013352  4627  -1641
1834 013353  4202  -1918
1835 013354  0734  476
1836 013355  3417  L284
1837 013356  1407  L282,775
1838 013357  1610  904
1839 013360  2001  1025
1840 013361  0024  20
1841 013362  4635  -1635
1842 013363  3134  1628
1843 013364  3415  L285
1844 013365  1407  775
1845 013366  1610  904
1846 013367  5300  -1344
1847 013370  0377  L60
1848 013371  0411  265
1849 013372  1411  777
1850 013373  5216  -1394
1851 013374  3034  1564
1852 013375  3406  L286
1853 013376  1407  775
1854 013377  5300  -1344
1855 013400  1464  L150
1856 013401  1407  775
1857 013402  5201  -1407
1858 013403  2504  1348
1859 013404  0711  457
1860 013405  3415  L287
1861 013406  1407  L286,775
1862 013407  2001  1025
1863 013410  0046  38
1864 013411  3523  1875
1865 013412  1411  777
1866 013413  1517  847
1867 013414  1000  512
1868 013415  1100  L287,L285,576
1869 013416  3351  L283
1870               L284,L281,L259=9
1871 013417  1200  640
1872 013420  0004  L288,L289
1873 013421  4621  -1647
1874 013422  5204  -1404
1875 013423  2504  1348
1876 013424  0452  298
1877 013425  3352  1770
1878 013426  0354  236
1879 013427  3773  L47
1880 013430  1300  704
1881 013431  1142  L119
1882 013432  5235  -1379
1883 013433  5204  -1404
1884 013434  5400  -1280
1885 013435  3773  L47
1886 013436  1404  772
1887 013437  4521  -1711
1888               L289=4
1889 013440  1200  640
1890 013441  0004  L290,L291
1891 013442  4646  -1626
1892 013443  3400  1792
1893 013444  3450  L292
1894 013445  3545  1893
1895 013446  4611  -1655
1896 013447  3452  L293
1897 013450  1300  L292,704
1898 013451  0410  L62
1899 013452  4644  L293,-1628
1900 013453  3634  1948
1901 013454  3461  L294
1902 013455  4621  -1647
1903 013456  5212  -1398
1904 013457  1545  869
1905 013460  2100  1088
1906 013461  4621  L294,-1647
1907 013462  5212  -1398
1908 013463  3134  1628
1909 013464  3474  L295
1910 013465  1300  704
1911 013466  1515  L152
1912 013467  4621  -1647
1913 013470  5212  -1398
1914 013471  2545  1381
1915 013472  2111  1097
1916 013473  3521  L296
1917 013474  4621  L295,-1647
1918 013475  5204  -1404
1919 013476  3134  1628
1920 013477  3517  L297
1921 013500  4620  -1648
1922 013501  0404  260
1923 013502  1300  704
1924 013503  3420  L288
1925 013504  5216  -1394
1926 013505  5300  -1344
1927 013506  0537  L80
1928 013507  1404  772
1929 013510  1603  899
1930 013511  5300  -1344
1931 013512  0377  L60
1932 013513  5300  -1344
1933 013514  0537  L80
1934 013515  1100  576
1935 013516  3521  L298
1936 013517  1300  L297,704
1937 013520  4567  L299
1938               L298,L296,L291=4
1939 013521  1200  640
1940               L300,L188=L300
1941 013522  0003  L301
1942 013523  1300  704
1943 013524  0350  L56
1944 013525  3400  1792
1945 013526  3533  L302
1946 013527  1300  704
1947 013530  5027  L184
1948 013531  1100  576
1949 013532  3535  L303
1950 013533  1300  L302,704
1951 013534  4404  L121
1952               L303,L301=3
1953 013535  1200  640
1954               L304,L201=L304
1955 013536  0004  L305
1956 013537  4644  -1628
1957 013540  3634  1948
1958 013541  3545  L306
1959 013542  5221  -1391
1960 013543  5300  -1344
1961 013544  3712  L15
1962 013545  4621  L306,-1647
1963 013546  5212  -1398
1964 013547  3134  1628
1965 013550  3574  L307
1966 013551  5241  -1375
1967 013552  5230  -1384
1968 013553  5400  -1280
1969 013554  3773  L47
1970 013555  4621  -1647
1971 013556  5212  -1398
1972 013557  2545  1381
1973 013560  2113  1099
1974 013561  3522  L300
1975 013562  5204  -1404
1976 013563  5300  -1344
1977 013564  0537  L80
1978 013565  5203  -1405
1979 013566  5300  -1344
1980 013567  0537  L80
1981 013570  4613  -1653
1982 013571  0250  168
1983 013572  1100  576
1984 013573  3646  L308
1985 013574  4621  L307,-1647
1986 013575  5204  -1404
1987 013576  3134  1628
1988 013577  3625  L309
1989 013600  4620  -1648
1990 013601  0404  260
1991 013602  1300  704
1992 013603  3420  L288
1993 013604  5241  -1375
1994 013605  5230  -1384
1995 013606  5400  -1280
1996 013607  3773  L47
1997 013610  1300  704
1998 013611  3522  L300
1999 013612  5217  -1393
2000 013613  5300  -1344
2001 013614  0537  L80
2002 013615  1404  772
2003 013616  1603  899
2004 013617  5300  -1344
2005 013620  0377  L60
2006 013621  5300  -1344
2007 013622  0537  L80
2008 013623  1100  576
2009 013624  3646  L310
2010 013625  4620  L309,-1648
2011 013626  0404  260
2012 013627  5241  -1375
2013 013630  5230  -1384
2014 013631  5400  -1280
2015 013632  3773  L47
2016 013633  1300  704
2017 013634  3522  L300
2018 013635  1404  772
2019 013636  1603  899
2020 013637  5300  -1344
2021 013640  0377  L60
2022 013641  4533  -1701
2023 013642  1404  772
2024 013643  4520  -1712
2025 013644  1300  704
2026 013645  4546  L161
2027               L310,L308,L305=4
2028 013646  1200  640
2029 013647  0004  L311,L312
2030 013650  1404  772
2031 013651  3527  1879
2032 013652  3400  1792
2033 013653  3671  L313
2034 013654  5201  -1407
2035 013655  0214  140
2036 013656  0414  268
2037 013657  0452  298
2038 013660  3732  2010
2039 013661  3400  1792
2040 013662  3666  L314
2041 013663  2003  1027
2042 013664  0011  9
2043 013665  3670  L315
2044 013666  2002  L314,1026
2045 013667  0000  0
2046 013670  1510  L315,840
2047               L313,L312=4
2048 013671  1200  640
2049               L316,L98=L316
2050 013672  0006  L317
2051 013673  1404  772
2052 013674  5272  -1350
2053 013675  2404  1284
2054 013676  0514  332
2055 013677  0452  298
2056 013700  7214  -372
2057 013701  0523  339
2058 013702  2504  1348
2059 013703  0614  396
2060 013704  0553  363
2061 013705  3647  L311
2062 013706  1406  774
2063 013707  5300  -1344
2064 013710  3647  L311
2065               L317=6
2066 013711  1200  640
2067               L318,L15=L318
2068 013712  0004  L319
2069 013713  5201  -1407
2070 013714  0250  168
2071 013715  3545  1893
2072 013716  1352  746
2073 013717  0102  66
2074 013720  0506  326
2075 013721  0111  73
2076 013722  1440  800
2077               
2078 013723  0014  12
2079 013724  0406  262
2080 013725  0540  352
2081 013726  1411  777
2082 013727  1605  901
2083 013730  4000  -2048
2084               
2085 013731  4616  -1650
2086 013732  0605  389
2087 013733  4011  -2039
2088 013734  0405  261
2089 013735  1624  916
2090 013736  4000  -2048
2091               
2092 013737  4622  -1646
2093 013740  5300  -1344
2094 013741  3672  L316
2095 013742  4623  -1645
2096 013743  5300  -1344
2097 013744  3672  L316
2098               L319=4
2099 013745  1200  640
2100               L320,L238=L320
2101 013746  0004  L321
2102 013747  1404  772
2103 013750  5300  -1344
2104 013751  3712  L318
2105 013752  1300  704
2106 013753  0274  L43
2107 013754  3400  1792
2108 013755  3760  L322
2109 013756  1300  704
2110 013757  0172  L32
2111 013760  1300  L322,L323,704
2112 013761  0172  L32
2113 013762  1300  704
2114 013763  0274  L43
2115 013764  3634  1948
2116 013765  3772  L324
2117 013766  1300  704
2118 013767  0172  L32
2119 013770  1100  576
2120 013771  3760  L323
2121               L324,L321=4
2122 013772  1200  640
2123               L325,L47=L325
2124 013773  0005  L326
2125 013774  4617  -1649
2126 013775  1404  772
2127 013776  2734  1500
2128 013777  4003  L327
2129 014000  1405  773
2130 014001  5300  -1344
2131 014002  3712  L318
2132 014003  1300  L327,704
2133 014004  0172  L32
2134               L326=5
2135 014005  1200  640
2136 014006  0010  L328,L329
2137 014007  4646  -1626
2138 014010  3400  1792
2139 014011  4016  L330
2140 014012  1300  704
2141 014013  3441  L290
2142 014014  1100  576
2143 014015  4251  L331
2144 014016  4617  L330,-1649
2145 014017  5253  -1365
2146 014020  2634  1436
2147 014021  4027  L332
2148 014022  1300  704
2149 014023  0172  L32
2150 014024  3504  1860
2151 014025  0411  265
2152 014026  4043  L333
2153 014027  4617  L332,-1649
2154 014030  5255  -1363
2155 014031  2634  1436
2156 014032  4041  L334
2157 014033  1300  704
2158 014034  0172  L32
2159 014035  3536  1886
2160 014036  0404  260
2161 014037  1100  576
2162 014040  4043  L335
2163 014041  3504  L334,1860
2164 014042  0400  256
2165 014043  4617  L335,L333,-1649
2166 014044  5250  -1368
2167 014045  2634  1436
2168 014046  4061  L336
2169 014047  1300  704
2170 014050  0172  L32
2171 014051  1300  704
2172 014052  4404  L121
2173 014053  5251  -1367
2174 014054  5214  -1396
2175 014055  5400  -1280
2176 014056  3773  L325
2177 014057  1100  576
2178 014060  4243  L337
2179 014061  4642  L336,-1630
2180 014062  3400  1792
2181 014063  4101  L338
2182 014064  5202  -1406
2183 014065  4521  -1711
2184 014066  1300  704
2185 014067  3441  L290
2186 014070  4621  -1647
2187 014071  5202  -1406
2188 014072  2734  1500
2189 014073  4077  L339
2190 014074  5221  -1391
2191 014075  5300  -1344
2192 014076  3712  L318
2193 014077  1100  L339,576
2194 014100  4243  L340
2195 014101  3504  L338,1860
2196 014102  0546  358
2197 014103  4336  -1826
2198 014104  3400  1792
2199 014105  4111  L341
2200 014106  5212  -1398
2201 014107  5300  -1344
2202 014110  3746  L320
2203 014111  1405  L341,L342,773
2204 014112  5201  -1407
2205 014113  1504  836
2206 014114  0514  332
2207 014115  0546  358
2208 014116  1720  976
2209 014117  0200  128
2210 014120  1517  847
2211 014121  0413  267
2212 014122  0172  L32
2213 014123  4643  -1629
2214 014124  3400  1792
2215 014125  4130  L343
2216 014126  1100  576
2217 014127  4111  L342
2218 014130  3504  L343,1860
2219 014131  0735  477
2220 014132  0410  264
2221 014133  5201  -1407
2222 014134  0406  262
2223               
2224 014135  1100  576
2225 014136  4144  L344
2226 014137  5201  L345,-1407
2227 014140  1405  773
2228 014141  4202  -1918
2229 014142  0634  412
2230 014143  4203  L346
2231 014144  5212  L344,-1398
2232 014145  1407  775
2233 014146  2314  1228
2234 014147  0616  398
2235 014150  0415  269
2236 014151  2002  1026
2237 014152  6025  -1003
2238 014153  0407  263
2239 014154  1410  776
2240 014155  5212  -1398
2241 014156  2304  1220
2242 014157  1014  524
2243 014160  0720  464
2244 014161  0100  64
2245 014162  3334  1756
2246 014163  4201  L347
2247 014164  1410  776
2248 014165  1407  775
2249 014166  2001  1025
2250 014167  0024  20
2251 014170  1504  836
2252 014171  1014  524
2253 014172  0720  464
2254 014173  0100  64
2255 014174  1407  775
2256 014175  2001  1025
2257 014176  0024  20
2258 014177  2325  1237
2259 014200  0407  263
2260 014201  1100  L347,576
2261 014202  4137  L345
2262 014203  1407  L346,775
2263 014204  3526  1878
2264 014205  1410  776
2265 014206  3526  1878
2266 014207  3734  2012
2267 014210  4216  L348
2268 014211  5235  -1379
2269 014212  5300  -1344
2270 014213  0537  L80
2271 014214  1100  576
2272 014215  4243  L349
2273 014216  1410  L348,776
2274 014217  3526  1878
2275 014220  3400  1792
2276 014221  4232  L350
2277 014222  5252  -1366
2278 014223  5300  -1344
2279 014224  0537  L80
2280 014225  1407  775
2281 014226  5300  -1344
2282 014227  0537  L80
2283 014230  1100  576
2284 014231  4243  L351
2285 014232  5220  L350,-1392
2286 014233  5300  -1344
2287 014234  0537  L80
2288 014235  1410  776
2289 014236  5300  -1344
2290 014237  0537  L80
2291 014240  1407  775
2292 014241  5300  -1344
2293 014242  0537  L80
2294 014243  1404  L351,L349,L340,L337,772
2295 014244  3400  1792
2296 014245  4251  L352
2297 014246  5221  -1391
2298 014247  5300  -1344
2299 014250  0537  L80
2300               L352,L353,L331=L353
2301               L329=8
2302 014251  1200  640
2303 014252  0003  L354,L355
2304 014253  1300  704
2305 014254  4006  L328
2306 014255  4617  L356,-1649
2307 014256  5236  -1378
2308 014257  2634  1436
2309 014260  4272  L357
2310 014261  1300  704
2311 014262  0172  L32
2312 014263  1300  704
2313 014264  4006  L328
2314 014265  5222  -1390
2315 014266  5300  -1344
2316 014267  0537  L80
2317 014270  1100  576
2318 014271  4255  L356
2319               L357,L355=3
2320 014272  1200  640
2321 014273  0003  L358,L359
2322 014274  1300  704
2323 014275  4252  L354
2324 014276  4617  L360,-1649
2325 014277  5252  -1366
2326 014300  2634  1436
2327 014301  4315  L361
2328 014302  1300  704
2329 014303  0172  L32
2330 014304  1300  704
2331 014305  4252  L354
2332 014306  5223  -1389
2333 014307  5300  -1344
2334 014310  0537  L80
2335 014311  1100  576
2336 014312  4276  L360
2337 014313  1100  576
2338 014314  4343  L362
2339 014315  4617  L361,-1649
2340 014316  5257  -1361
2341 014317  2634  1436
2342 014320  4326  L363
2343 014321  5223  -1389
2344 014322  5300  -1344
2345 014323  3712  L318
2346 014324  1100  576
2347 014325  4343  L364
2348 014326  4617  L363,-1649
2349 014327  5245  -1371
2350 014330  2634  1436
2351 014331  4343  L365
2352 014332  1300  704
2353 014333  0172  L32
2354 014334  1300  704
2355 014335  4252  L354
2356 014336  5224  -1388
2357 014337  5300  -1344
2358 014340  0537  L80
2359 014341  1100  576
2360 014342  4276  L360
2361               L365,L364,L362,L359=3
2362 014343  1200  640
2363 014344  0003  L366,L367
2364 014345  1300  704
2365 014346  4273  L358
2366 014347  4617  L368,-1649
2367 014350  5253  -1365
2368 014351  2634  1436
2369 014352  4366  L369
2370 014353  1300  704
2371 014354  0172  L32
2372 014355  1300  704
2373 014356  4273  L358
2374 014357  5215  -1395
2375 014360  5300  -1344
2376 014361  0537  L80
2377 014362  1100  576
2378 014363  4347  L368
2379 014364  1100  576
2380 014365  4403  L370
2381 014366  4617  L369,-1649
2382 014367  5255  -1363
2383 014370  2634  1436
2384 014371  4403  L371
2385 014372  1300  704
2386 014373  0172  L32
2387 014374  1300  704
2388 014375  4273  L358
2389 014376  5225  -1387
2390 014377  5300  -1344
2391 014400  0537  L80
2392 014401  1100  576
2393 014402  4347  L368
2394               L371,L370,L367=3
2395 014403  1200  640
2396               L372,L121=L372
2397 014404  0005  L373
2398 014405  4617  -1649
2399 014406  2005  1029
2400 014407  5626  -1130
2401 014410  3400  1792
2402 014411  4440  L374
2403 014412  1300  704
2404 014413  4610  L205
2405 014414  0404  260
2406 014415  1300  704
2407 014416  4344  L366
2408 014417  2003  1027
2409 014420  2452  1322
2410 014421  0754  492
2411 014422  3773  L325
2412 014423  1300  704
2413 014424  0617  L88
2414 014425  0405  261
2415 014426  1404  772
2416 014427  5300  -1344
2417 014430  0567  L84
2418 014431  1300  704
2419 014432  4404  L372
2420 014433  1405  773
2421 014434  5300  -1344
2422 014435  0567  L84
2423 014436  1100  576
2424 014437  4442  L375
2425 014440  1300  L374,704
2426 014441  4344  L366
2427               L375,L373=5
2428 014442  1200  640
2429 014443  0004  L376,L377
2430 014444  1300  704
2431 014445  4404  L372
2432 014446  4617  -1649
2433 014447  0404  260
2434 014450  1300  704
2435 014451  0172  L32
2436 014452  1300  704
2437 014453  4404  L372
2438 014454  1404  772
2439 014455  5275  -1347
2440 014456  2634  1436
2441 014457  4465  L378
2442 014460  5226  -1386
2443 014461  5300  -1344
2444 014462  0537  L80
2445 014463  1100  576
2446 014464  4545  L379
2447 014465  1404  L378,772
2448 014466  5243  -1373
2449 014467  2634  1436
2450 014470  4476  L380
2451 014471  5227  -1385
2452 014472  5300  -1344
2453 014473  0537  L80
2454 014474  1100  576
2455 014475  4545  L381
2456 014476  1404  L380,772
2457 014477  5274  -1348
2458 014500  2634  1436
2459 014501  4507  L382
2460 014502  5230  -1384
2461 014503  5300  -1344
2462 014504  0537  L80
2463 014505  1100  576
2464 014506  4545  L383
2465 014507  1404  L382,772
2466 014510  5276  -1346
2467 014511  2634  1436
2468 014512  4520  L384
2469 014513  5231  -1383
2470 014514  5300  -1344
2471 014515  0537  L80
2472 014516  1100  576
2473 014517  4545  L385
2474 014520  1404  L384,772
2475 014521  5277  -1345
2476 014522  2634  1436
2477 014523  4531  L386
2478 014524  5232  -1382
2479 014525  5300  -1344
2480 014526  0537  L80
2481 014527  1100  576
2482 014530  4545  L387
2483 014531  1404  L386,772
2484 014532  5246  -1370
2485 014533  2634  1436
2486 014534  4542  L388
2487 014535  5233  -1381
2488 014536  5300  -1344
2489 014537  0537  L80
2490 014540  1100  576
2491 014541  4545  L389
2492 014542  5211  L388,-1399
2493 014543  5300  -1344
2494 014544  3746  L320
2495               L389,L387,L385,L383,L381,L379,L377=4
2496 014545  1200  640
2497               L390,L161=L390
2498 014546  0003  L391
2499 014547  4620  -1648
2500 014550  4637  -1633
2501 014551  3246  1702
2502 014552  5137  -1441
2503 014553  3400  1792
2504 014554  4560  L392
2505 014555  5245  -1371
2506 014556  1100  576
2507 014557  4561  L393
2508 014560  5204  L392,-1404
2509 014561  5300  L393,-1344
2510 014562  0537  L80
2511 014563  4633  -1637
2512 014564  5300  -1344
2513 014565  0537  L80
2514               L391=3
2515 014566  1200  640
2516               L394,L299=L394
2517 014567  0003  L395
2518 014570  4620  -1648
2519 014571  4637  -1633
2520 014572  3246  1702
2521 014573  5137  -1441
2522 014574  3400  1792
2523 014575  4601  L396
2524 014576  5246  -1370
2525 014577  1100  576
2526 014600  4602  L397
2527 014601  5214  L396,-1396
2528 014602  5300  L397,-1344
2529 014603  0537  L80
2530 014604  4633  -1637
2531 014605  5300  -1344
2532 014606  0537  L80
2533               L395=3
2534 014607  1200  640
2535               L398,L205=L398
2536 014610  0003  L399
2537 014611  1300  704
2538 014612  0172  L32
2539 014613  1300  704
2540 014614  5027  L184
2541 014615  2014  1036
2542 014616  5052  -1494
2543 014617  3154  1644
2544 014620  3773  L325
2545 014621  1300  704
2546 014622  0641  L93
2547 014623  0403  259
2548               
2549               L399=3
2550 014624  5700  -1088
2551 014625  0004  L400,L401
2552 014626  4646  -1626
2553 014627  3400  1792
2554 014630  4635  L402
2555 014631  1300  704
2556 014632  3441  L290
2557 014633  1100  576
2558 014634  4762  L403
2559 014635  4617  L402,-1649
2560 014636  2010  1032
2561 014637  7726  -42
2562 014640  3400  1792
2563 014641  4650  L404
2564 014642  3536  1886
2565 014643  0404  260
2566 014644  1300  704
2567 014645  0172  L32
2568 014646  1100  576
2569 014647  4652  L405
2570 014650  3504  L404,1860
2571 014651  0400  256
2572 014652  4617  L405,-1649
2573 014653  2014  1036
2574 014654  6226  -874
2575 014655  3400  1792
2576 014656  4671  L406
2577 014657  1300  704
2578 014660  0172  L32
2579 014661  5235  -1379
2580 014662  5300  -1344
2581 014663  0537  L80
2582 014664  5236  -1378
2583 014665  5300  -1344
2584 014666  0537  L80
2585 014667  1100  576
2586 014670  4754  L407
2587 014671  4617  L406,-1649
2588 014672  2003  1027
2589 014673  6126  -938
2590 014674  3400  1792
2591 014675  4705  L408
2592 014676  1300  704
2593 014677  0172  L32
2594 014700  5235  -1379
2595 014701  5300  -1344
2596 014702  0537  L80
2597 014703  1100  576
2598 014704  4754  L409
2599 014705  4642  L408,-1630
2600 014706  3400  1792
2601 014707  4734  L410
2602 014710  5203  -1405
2603 014711  4521  -1711
2604 014712  1300  704
2605 014713  0410  L62
2606 014714  3536  1886
2607 014715  4546  -1690
2608 014716  1300  704
2609 014717  0350  L56
2610 014720  3400  1792
2611 014721  4726  L411
2612 014722  1300  704
2613 014723  3441  L290
2614 014724  1100  576
2615 014725  4730  L412
2616 014726  1300  L411,704
2617 014727  4443  L376
2618 014730  5203  L412,-1405
2619 014731  4521  -1711
2620 014732  1100  576
2621 014733  4754  L413
2622 014734  4617  L410,-1649
2623 014735  5250  -1368
2624 014736  2634  1436
2625 014737  4752  L414
2626 014740  1300  704
2627 014741  0172  L32
2628 014742  1300  704
2629 014743  5027  L184
2630 014744  5251  -1367
2631 014745  5216  -1394
2632 014746  5400  -1280
2633 014747  3773  L325
2634 014750  1100  576
2635 014751  4754  L415
2636 014752  1300  L414,704
2637 014753  4443  L376
2638 014754  1404  L415,L413,L409,L407,772
2639 014755  3400  1792
2640 014756  4762  L416
2641 014757  5236  -1378
2642 014760  5300  -1344
2643 014761  0537  L80
2644               L416,L417,L403=L417
2645               L401=4
2646 014762  1200  640
2647 014763  0003  L418,L419
2648 014764  1300  704
2649 014765  4625  L400
2650 014766  4617  L420,-1649
2651 014767  2001  1025
2652 014770  6626  -618
2653 014771  3400  1792
2654 014772  5004  L421
2655 014773  1300  704
2656 014774  0172  L32
2657 014775  1300  704
2658 014776  4625  L400
2659 014777  5237  -1377
2660 015000  5300  -1344
2661 015001  0537  L80
2662 015002  1100  576
2663 015003  4766  L420
2664               L421,L419=3
2665 015004  1200  640
2666 015005  0003  L422,L423
2667 015006  1300  704
2668 015007  4763  L418
2669 015010  4617  L424,-1649
2670 015011  2011  1033
2671 015012  5226  -1386
2672 015013  3400  1792
2673 015014  5026  L425
2674 015015  1300  704
2675 015016  0172  L32
2676 015017  1300  704
2677 015020  4763  L418
2678 015021  5240  -1376
2679 015022  5300  -1344
2680 015023  0537  L80
2681 015024  1100  576
2682 015025  5010  L424
2683               L425,L423=3
2684 015026  1200  640
2685               L426,L184=L426
2686 015027  0005  L427
2687 015030  4617  -1649
2688 015031  2005  1029
2689 015032  5627  -1129
2690 015033  3400  1792
2691 015034  5041  L428
2692 015035  1300  704
2693 015036  5005  L422
2694 015037  1100  576
2695 015040  5065  L429
2696 015041  1300  L428,704
2697 015042  4610  L398
2698 015043  0404  260
2699 015044  1300  704
2700 015045  5005  L422
2701 015046  2003  1027
2702 015047  2452  1322
2703 015050  1054  556
2704 015051  3773  L325
2705 015052  1300  704
2706 015053  0617  L88
2707 015054  0405  261
2708 015055  1404  772
2709 015056  5300  -1344
2710 015057  0567  L84
2711 015060  1300  704
2712 015061  5027  L426
2713 015062  1405  773
2714 015063  5300  -1344
2715 015064  0567  L84
2716               L429,L427=5
2717 015065  1200  640
2718 015066  3504  L11,1860
2719 015067  2652  1450
2720 015070  0102  66
2721 015071  5052  -1494
2722 015072  0102  66
2723 015073  0522  338
2724 015074  1707  967
2725 015075  0114  76
2726 015076  0717  463
2727 015077  1440  800
2728 015100  1116  590
2729 015101  2405  1285
2730 015102  0705  453
2731 015103  2240  1184
2732 015104  2331  1241
2733 015105  2324  1236
2734 015106  0515  333
2735 015107  4003  -2045
2736 015110  1715  973
2737 015111  2011  1033
2738 015112  1405  773
2739 015113  2240  1184
2740 015114  1513  843
2741 015115  6162  -910
2742               
2743 015116  0035  29
2744 015117  0447  295
2745 015120  3504  1860
2746 015121  5135  -1443
2747 015122  0450  296
2748 015123  3504  1860
2749 015124  3735  2013
2750 015125  0427  279
2751 015126  3504  1860
2752 015127  3635  1949
2753 015130  0435  285
2754 015131  3504  1860
2755 015132  4152  -1942
2756 015133  0104  68
2757 015134  1652  938
2758 015135  1304  708
2759 015136  2452  1322
2760 015137  0604  388
2761 015140  3252  1706
2762 015141  0104  68
2763 015142  3035  1565
2764 015143  0446  294
2765 015144  3504  1860
2766 015145  4035  -2019
2767 015146  0414  268
2768 015147  3502  1858
2769 015150  0704  452
2770 015151  1214  652
2771 015152  1235  669
2772 015153  2634  1436
2773 015154  5233  L430
2774 015155  5201  -1407
2775 015156  0250  168
2776 015157  5201  -1407
2777 015160  0205  133
2778 015161  1725  981
2779 015162  2420  1296
2780 015163  2524  1364
2781 015164  5500  -1216
2782               
2783 015165  5201  -1407
2784 015166  0203  131
2785 015167  0413  267
2786 015170  1413  779
2787 015171  5211  -1399
2788 015172  3104  1604
2789 015173  4514  -1716
2790 015174  1314  716
2791 015175  1352  746
2792 015176  1224  660
2793 015177  5212  -1398
2794 015200  2325  1237
2795 015201  0413  267
2796 015202  1413  779
2797 015203  5203  -1405
2798 015204  2634  1436
2799 015205  5210  L431
2800 015206  5202  -1406
2801 015207  4700  -1600
2802 015210  5201  L431,-1407
2803 015211  0250  168
2804 015212  5201  -1407
2805 015213  0205  133
2806 015214  1116  590
2807 015215  2025  1045
2808 015216  2455  1325
2809               
2810 015217  0052  42
2811 015220  0102  66
2812 015221  0304  196
2813 015222  1214  652
2814 015223  1252  682
2815 015224  0326  214
2816 015225  3400  1792
2817 015226  5231  L432
2818 015227  5201  -1407
2819 015230  4700  -1600
2820 015231  1100  L432,576
2821 015232  5246  L433
2822 015233  5201  L430,-1407
2823 015234  4735  -1571
2824 015235  0207  135
2825 015236  0412  266
2826 015237  1412  778
2827 015240  3530  1880
2828 015241  0445  293
2829 015242  5203  -1405
2830 015243  0413  267
2831 015244  5203  -1405
2832 015245  0412  266
2833 015246  1413  L433,779
2834 015247  0250  168
2835 015250  1413  779
2836 015251  0205  133
2837 015252  0405  261
2838 015253  0311  201
2839 015254  1501  833
2840 015255  1400  768
2841               
2842 015256  1413  779
2843 015257  0250  168
2844 015260  1413  779
2845 015261  0205  133
2846 015262  0611  393
2847 015263  0514  332
2848 015264  0440  288
2849 015265  6100  -960
2850               
2851 015266  1413  779
2852 015267  0250  168
2853 015270  1413  779
2854 015271  0205  133
2855 015272  5261  -1359
2856               
2857 015273  0014  12
2858 015274  1302  706
2859 015275  5052  -1494
2860 015276  0120  80
2861 015277  2131  1113
2862 015300  1701  961
2863 015301  5201  -1407
2864 015302  2010  1032
2865 015303  3217  1679
2866 015304  0252  170
2867 015305  0220  144
2868 015306  2031  1049
2869 015307  1701  961
2870 015310  5202  -1406
2871 015311  5276  -1346
2872 015312  1702  962
2873 015313  5203  -1405
2874 015314  2025  1045
2875 015315  1017  527
2876 015316  0152  106
2877 015317  0320  208
2878 015320  1036  542
2879 015321  1702  962
2880 015322  5204  -1404
2881 015323  2002  1026
2882 015324  6617  -625
2883 015325  0152  106
2884 015326  0420  272
2885 015327  1030  536
2886 015330  1702  962
2887 015331  5205  -1403
2888 015332  2002  1026
2889 015333  6617  -625
2890 015334  0152  106
2891 015335  0520  336
2892 015336  1573  891
2893 015337  1702  962
2894 015340  5206  -1402
2895 015341  2003  1027
2896 015342  6117  -945
2897 015343  0152  106
2898 015344  0620  400
2899 015345  2131  1113
2900 015346  1702  962
2901 015347  5201  -1407
2902 015350  0420  272
2903               
2904 015351  1100  576
2905 015352  5360  L434
2906 015353  5201  L435,-1407
2907 015354  5206  -1402
2908 015355  4202  -1918
2909 015356  2034  1052
2910 015357  5367  L436
2911 015360  1420  L434,784
2912 015361  2012  1034
2913 015362  0014  12
2914 015363  2015  1037
2915 015364  1703  963
2916 015365  1100  576
2917 015366  5353  L435
2918 015367  1300  L436,704
2919 015370  0172  L32
2920 015371  1300  704
2921 015372  2135  L194
2922 015373  1417  783
2923 015374  5244  -1372
2924 015375  2734  1500
2925 015376  5402  L437
2926 015377  5206  -1402
2927 015400  5300  -1344
2928 015401  3712  L318
2929 015402  5277  L437,-1345
2930 015403  5300  -1344
2931 015404  0537  L80
2932 015405  1300  704
2933 015406  0530  L76
2934 015407  1427  791
2935 015410  3527  1879
2936 015411  3400  1792
2937 015412  5442  L438
2938 015413  5201  -1407
2939 015414  0420  272
2940               
2941 015415  1100  576
2942 015416  5424  L439
2943 015417  5201  L440,-1407
2944 015420  1427  791
2945 015421  4202  -1918
2946 015422  2034  1052
2947 015423  5442  L441
2948 015424  1420  L439,784
2949 015425  1605  901
2950 015426  0422  274
2951 015427  1420  784
2952 015430  1606  902
2953 015431  0423  275
2954 015432  1420  784
2955 015433  1611  905
2956 015434  0416  270
2957 015435  5202  -1406
2958 015436  5300  -1344
2959 015437  3712  L318
2960 015440  1100  576
2961 015441  5417  L440
2962 015442  1413  L441,L438,779
2963 015443  0205  133
2964 015444  2675  1469
2965 015445  5673  -1093
2966 015446  0611  393
2967 015447  0514  332
2968 015450  0440  288
2969 015451  6073  -965
2970 015452  5261  -1359
2971 015453  6673  -581
2972 015454  2673  1467
2973               
2974 015455  0014  12
2975 015456  3606  1926
2976 015457  0573  379
2977               
2978 015460  0014  12
2979 015461  1302  706
2980 015462  2002  1026
2981 015463  4410  -1784
2982 015464  1413  779
2983 015465  0250  168
2984 015466  1413  779
2985 015467  0220  144
2986 015470  0232  154
2987 015471  1000  512
2988               L442,L16=L442
2989 015472  5201  -1407
2990 015473  0250  168
2991 015474  5201  -1407
2992 015475  0205  133
2993 015476  2311  1225
2994 015477  3205  1669
2995 015500  4000  -2048
2996               
2997 015501  1414  780
2998 015502  0652  426
2999 015503  0102  66
3000 015504  0540  352
3001 015505  1501  833
3002 015506  3040  1568
3003               
3004 015507  0014  12
3005 015510  2606  1414
3006 015511  7700  -64
3007 000020  5512  V=.;FIELD 0;*16;V;41;$
     000021  0051  
