


      /FLYING SAUCER-ROCKET PROGRAM                                       Page 1


    1              /FLYING SAUCER-ROCKET PROGRAM
    2              /FOR THE PDP-5 COMPUTER.
    3              /TITLE   ICBM-1970  TTY VERSION
    4              /  4/15/70
    5              
    6              /MODIFIED BY KYLE OWEN FOR THE PDP-8/E WITH VC8-E
    7              /AND TO IMPROVE READABILITY
    8              
    9              /VC8-E INSTRUCTIONS
   10        6051  DICD=6051
   11        6052  DISD=6052
   12        6053  DILX=6053
   13        6054  DILY=6054
   14        6055  DIXY=6055
   15              
   16        0014          *14
   17 00014  0000  MESCNT, 0
   18              /ALL CONSTANTS AND VARIABLES USED IN ROCKET, FS.
   19              /LOCATIONS 10-17 USED AS AUTO-INDEXING REGISTERS.
   20              
   21        0020          *20
   22 00020  0000  SPEEDR, 0
   23 00021  0000  SPEEDF, 0
   24 00022  0000  MROCK,  0
   25 00023  0000  MFS,    0
   26              
   27              /ROCKET STALL CONSTANT
   28 00024  7213  STAL,   -565
   29 00025  7563  MRETURN,-CR
   30 00026  0212  LINEFD, LF
   31 00027  0215  RETURN, CR
   32 00030  0000  SYM,    0
   33 00031  1201  MESS,   MESSAG-1
   34 00032  1663  INSTR,  INSDAT-1
   35 00033  0001  C1,     1
   36 00034  0000  COUNTR, 0
   37 00035  0000  COUNTF, 0
   38 00036  1777  CROCKP, 2000-1
   39 00037  0777  CROCK,  ROCDAT-1
   40 00040  1377  CFSDAT, FLYDAT-1
   41 00041  2377  CFSDAP, 2400-1
   42 00042  1400  CFSDAA, FLYDAT
   43 00043  7401  M377,   -377
   44 00044  6200  M1600,  -1600
   45 00045  0000  DIVIDE, 0
   46              
   47              /ADDRESS EXIT TO DIGITAL DECTAPE SYSTEM.
   48              /ALTER THIS ADDRESS TO SUIT YOUR OWN USE.
   49 00046  7600  C7600,  7600
   50 00047  0007  C7,     7



      /FLYING SAUCER-ROCKET PROGRAM                                       Page 2


   51 00050  7740  MHIT,   -40
   52 00051  0000  TEMPA,  0
   53 00052  0000  TEMPB,  0
   54 00053  0000  CNT,    0
   55 00054  7775  M3,     -3
   56 00055  0752  CRLFEN, CRLF
   57 00056  0377  C377,   377
   58 00057  0400  CRAISE, 400
   59 00060  0020  C20,    20
   60 00061  0736  PRNT,   PRNT1
   61 00062  0600  TESTHT, TEST
   62 00063  0040  CHIT,   40
   63 00064  0000  XR,     0
   64 00065  0206  GHOST,  REST
   65              
   66              /MIT CHECK COORDINATES.
   67 00066  2176  CR1,    TAGR1+1000
   68 00067  2177  CR2,    TAGR2+1000
   69 00070  2502  CF1,    TAGF1+1000
   70 00071  2503  CF2,    TAGF2+1000
   71 00072  0717  CHAN,   CHANG
   72 00073  0400  ROCKET, ROCKT
   73 00074  0500  FS,     FLY
   74 00075  0432  ROCINI, ROCIN
   75 00076  0531  SAUINI, FSINI
   76 00077  0454  STALL,  RSTALL
   77 00100  0761  CHECK,  CCHECK
   78 00101  0000  TEMP,   0
   79 00102  0000  INCREM, 0
   80 00103  5203  INSTJP, 5203  /JMP LOC 003 CURRENT PAGE.
   81 00104  7700  M100,   -100
   82 00105  7500  M300,   -300
   83 00106  1000  OFFSET, 1000
   84 00107  7000  NEGOFF, -1000
   85              
   86              /START HERE TO INITIALIZE TELEPRINTER FLAG
   87        0176          *176
   88 00176  7200          CLA
   89 00177  6046          TLS
   90              
   91        0200          *200
   92              /MAIN PROGRAM TO CONTROL THE ROCKET AND UFO.
   93 00200  4472  BEGIN,  JMS I CHAN
   94 00201  6032          KCC
   95              /PRINT INSTRUCTIONS THE FIRST TIME.
   96 00202  4271          JMS GETSTR
   97 00203  7200          CLA
   98 00204  1103          TAD INSTJP
   99 00205  3200          DCA BEGIN
  100 00206  6032  REST,   KCC



      /FLYING SAUCER-ROCKET PROGRAM                                       Page 3


  101              /GET SPEEDS.
  102 00207  4276          JMS GET
  103 00210  4455          JMS I CRLFEN
  104 00211  1020          TAD SPEEDR
  105 00212  4214          JMS DIVID
  106 00213  5232          JMP PUTIN
  107              
  108              /DIVIDE SUBROUTINE.
  109              /CALCULATE HOW MANY TIMES TO ADD SPEED
  110              /SO THE SCOPE IS NOT OVERFLOWED.
  111 00214  0000  DIVID,  0
  112 00215  3101          DCA TEMP
  113 00216  3045          DCA DIVIDE
  114 00217  1101          TAD TEMP
  115 00220  7650          SNA CLA
  116 00221  5206          JMP REST
  117 00222  1044          TAD M1600
  118 00223  1101          TAD TEMP
  119 00224  2045          ISZ DIVIDE
  120 00225  7510          SPA
  121 00226  5223          JMP .-3
  122 00227  7200          CLA
  123 00230  1045          TAD DIVIDE
  124 00231  5614          JMP I DIVID
  125              /
  126 00232  3022  PUTIN,  DCA MROCK
  127 00233  1021          TAD SPEEDF
  128 00234  4214          JMS DIVID
  129 00235  3023          DCA MFS
  130              /MAIN DISPLAY CONTROL.
  131              /RESET ROCKET & FLYING SAUCER.
  132 00236  4475  START,  JMS I ROCINI
  133 00237  4476          JMS I SAUINI
  134 00240  6031  GOON,   KSF
  135 00241  5260          JMP CONTFS
  136              /IF FLAG-1 SEE IF RUB-OUT OR RETURN,
  137              /IF NEITHER START DISPLAYING ROCKET.
  138 00242  7200          CLA
  139 00243  6034          KRS
  140 00244  1025          TAD MRETURN
  141 00245  7650          SNA CLA
  142 00246  5206          JMP REST
  143 00247  6034          KRS
  144 00250  1043          TAD M377
  145 00251  7450          SNA
  146 00252  4500          JMS I CHECK
  147 00253  4473          JMS I ROCKET
  148 00254  2034          ISZ COUNTR
  149 00255  5260          JMP .+3
  150              /IF THE ROCKET IS AT THE TOP OF THE SCREEN



      /FLYING SAUCER-ROCKET PROGRAM                                       Page 4


  151              /RESET IT AND CLEAR THE FLAG.
  152 00256  4475          JMS I ROCINI
  153 00257  6032          KCC
  154 00260  4474  CONTFS, JMS I FS
  155 00261  6031          KSF
  156 00262  4477          JMS I STALL
  157              /SEE IF IT IS A HIT.
  158 00263  4462          JMS I TESTHT
  159 00264  7200          CLA
  160 00265  2035          ISZ COUNTF
  161 00266  7410          SKP
  162              /RESET FLYING SAUCER
  163 00267  4476          JMS I SAUINI
  164 00270  5240          JMP GOON
  165              
  166              /THIS IS THE ROUTINE THAT PRINTS OUT THE INSTRUCTIONS.
  167 00271  0000  GETSTR, 0
  168 00272  7200          CLA
  169 00273  1032          TAD INSTR
  170 00274  3014          DCA MESCNT
  171 00275  5301          JMP .+4
  172              
  173              /THIS IS THE ROUTINE THAT GETS THE PARAMETERS.
  174 00276  0203  GET,    203
  175 00277  1031          TAD MESS
  176 00300  3014          DCA MESCNT
  177 00301  4455          JMS I CRLFEN
  178 00302  1060          TAD C20
  179 00303  3101          DCA TEMP
  180 00304  3020          DCA SPEEDR
  181 00305  3021          DCA SPEEDF
  182 00306  1414  CONTUE, TAD I MESCNT
  183 00307  7510          SPA
  184 00310  5676          JMP I GET
  185 00311  7440          SZA
  186 00312  5314          JMP CONT3
  187 00313  5316          JMP GETCAR
  188 00314  4461  CONT3,  JMS I PRNT
  189 00315  5306          JMP CONTUE
  190 00316  6031  GETCAR, KSF
  191 00317  5316          JMP .-1
  192 00320  6036          KRB
  193 00321  3030          DCA SYM
  194 00322  1030          TAD SYM
  195 00323  4461          JMS I PRNT
  196              /RETURN SIGNIFIES END OF ENTRY.
  197 00324  1030          TAD SYM
  198 00325  1025          TAD MRETURN
  199 00326  7640          SZA CLA
  200 00327  5333          JMP CONT5



      /FLYING SAUCER-ROCKET PROGRAM                                       Page 5


  201 00330  4455          JMS I CRLFEN
  202 00331  2101          ISZ TEMP
  203 00332  5306          JMP CONTUE
  204 00333  1030  CONT5,  TAD SYM
  205 00334  0047          AND C7
  206 00335  3030          DCA SYM
  207 00336  1501          TAD I TEMP
  208              
  209 00337  7106          CLL RTL;RAL
      00340  7004
  210 00341  1030          TAD SYM
  211 00342  3501          DCA I TEMP
  212 00343  5316          JMP GETCAR
  213              /
  214              /;;;;;;;;;;EDITING BREAK;;;;;;;;;;
  215              /
  216              /ROCKET SUBROUTINE.
  217        0010          *10
  218 00010  0000  XCO,    0
  219 00011  0000  XPUT,   0
  220              
  221        0400          *400
  222 00400  0000  ROCKT,  0
  223 00401  7200  RESET,  CLA
  224 00402  1036          TAD CROCKP
  225 00403  3011          DCA XPUT
  226 00404  1036          TAD CROCKP
  227 00405  3010          DCA XCO
  228 00406  1410  STARTA, TAD I XCO
  229 00407  7510          SPA
  230 00410  5600          JMP I ROCKT
  231                      /DXL
  232 00411  1106          TAD OFFSET
  233 00412  6053          DILX
  234 00413  1107          TAD NEGOFF
  235 00414  1020          TAD SPEEDR
  236 00415  3411          DCA I XPUT
  237 00416  1410          TAD I XCO
  238 00417  1106          TAD OFFSET
  239                      /DYS
  240 00420  6054          DILY
  241 00421  1107          TAD NEGOFF
  242 00422  6052          DISD
  243 00423  5222          JMP .-1
  244 00424  6055          DIXY
  245 00425  6052          DISD
  246 00426  5225          JMP .-1
  247 00427  1020          TAD SPEEDR
  248 00430  3411          DCA I XPUT
  249 00431  5206          JMP STARTA



      /FLYING SAUCER-ROCKET PROGRAM                                       Page 6


  250              
  251              /RESET ROCKET TO STARTING POSITION.
  252 00432  0000  ROCIN,  0
  253 00433  7200          CLA
  254 00434  1022          TAD MROCK
  255 00435  7041          CIA
  256 00436  3034          DCA COUNTR
  257 00437  1037          TAD CROCK
  258 00440  3010          DCA XCO
  259 00441  1036          TAD CROCKP
  260 00442  3011          DCA XPUT
  261 00443  1410  GOON1,  TAD I XCO
  262 00444  7510          SPA
  263 00445  5250          JMP CONT
  264 00446  3411          DCA I XPUT
  265 00447  5243          JMP GOON1
  266 00450  3411  CONT,   DCA I XPUT
  267 00451  1044          TAD M1600
  268 00452  3411          DCA I XPUT
  269 00453  5632          JMP I ROCIN
  270              
  271              /THIS ROUTINE STALLS IF THE ROCKET IS NOT FIRING
  272 00454  0000  RSTALL, 0
  273 00455  7200          CLA
  274 00456  1024          TAD STAL
  275 00457  3101          DCA TEMP
  276 00460  2101          ISZ TEMP
  277 00461  5260          JMP .-1
  278 00462  5654          JMP I RSTALL
  279              
  280              /FLYING SAUCER SUBROUTINE.
  281        0012          *12
  282 00012  0000  XCOO,   0
  283 00013  0000  XPUTT,  0
  284              
  285        0500  *500
  286 00500  0000  FLY,    0
  287 00501  7200          RESETT, CLA
  288 00502  1041          TAD CFSDAP
  289 00503  3013          DCA XPUTT
  290 00504  1041          TAD CFSDAP
  291 00505  3012          DCA XCOO
  292 00506  1412  STARTT, TAD I XCOO
  293 00507  7510          SPA
  294 00510  5700          JMP I FLY
  295                      /DXL
  296 00511  1106          TAD OFFSET
  297 00512  6053          DILX
  298 00513  1107          TAD NEGOFF
  299 00514  1021          TAD SPEEDF



      /FLYING SAUCER-ROCKET PROGRAM                                       Page 7


  300 00515  3413          DCA I XPUTT
  301 00516  1412          TAD I XCOO
  302                      /DYS
  303 00517  1106          TAD OFFSET
  304 00520  6054          DILY
  305 00521  1107          TAD NEGOFF
  306 00522  6052          DISD
  307 00523  5322          JMP .-1
  308 00524  6055          DIXY
  309 00525  6052          DISD
  310 00526  5325          JMP .-1
  311 00527  3413          DCA I XPUTT
  312 00530  5306          JMP STARTT
  313              
  314              /RESET FLYING SAUCER TO STARTING POSITION
  315 00531  0000  FSINI,  0
  316 00532  7200          CLA
  317 00533  1023          TAD MFS
  318 00534  7041          CIA
  319 00535  3035          DCA COUNTF
  320 00536  1040          TAD CFSDAT
  321 00537  3012          DCA XCOO
  322 00540  1041          TAD CFSDAP
  323 00541  3013          DCA XPUTT
  324 00542  1412  GOON2,  TAD I XCOO
  325 00543  7510          SPA
  326 00544  5347          JMP CONT1
  327 00545  3413          DCA I XPUTT
  328 00546  5342          JMP GOON2
  329 00547  3413  CONT1,  DCA I XPUTT
  330 00550  1044          TAD M1600
  331 00551  3413          DCA I XPUTT
  332 00552  5731          JMP I FSINI
  333              
  334              /ROUTINE TO SEE IF IT HIT.
  335              /CONSTANTS C40 AND M40 CONTROL
  336              /HO CLOSE YOU HAVE TO BE TO SCORE A HIT.
  337        0600  *600
  338 00600  0000  TEST,   0
  339 00601  7200          CLA
  340 00602  1054          TAD M3
  341 00603  3053          DCA CNT
  342 00604  1467          TAD I CR2
  343 00605  1063          TAD CHIT
  344 00606  3051          DCA TEMPA
  345 00607  1467          TAD I CR2
  346 00610  1050          TAD MHIT
  347 00611  3052          DCA TEMPB
  348 00612  1051          TAD TEMPA
  349 00613  7041          CIA



      /FLYING SAUCER-ROCKET PROGRAM                                       Page 8


  350 00614  1471          TAD I CF2
  351 00615  7710          SPA CLA
  352 00616  2053          ISZ CNT
  353 00617  2053          ISZ CNT
  354 00620  1052          TAD TEMPB
  355 00621  7041          CIA
  356 00622  1471          TAD I CF2
  357 00623  7510          SPA
  358 00624  5230          JMP TEST1
  359 00625  2053          ISZ CNT
  360 00626  5600          JMP I TEST
  361 00627  5233          JMP TESTY
  362 00630  2053  TEST1,  ISZ CNT
  363 00631  5233          JMP TESTY
  364 00632  5600          JMP I TEST
  365 00633  7200  TESTY,  CLA
  366 00634  1054          TAD M3
  367 00635  3053          DCA CNT
  368 00636  1466          TAD I CR1
  369 00637  1063          TAD CHIT
  370 00640  3051          DCA TEMPA
  371 00641  1466          TAD I CR1
  372 00642  1050          TAD MHIT
  373 00643  3052          DCA TEMPB
  374 00644  1051          TAD TEMPA
  375 00645  7041          CIA
  376 00646  1470          TAD I CF1
  377 00647  7710          SPA CLA
  378 00650  2053          ISZ CNT
  379 00651  2053          ISZ CNT
  380 00652  1052          TAD TEMPB
  381 00653  7041          CIA
  382 00654  1470          TAD I CF1
  383 00655  7510          SPA
  384 00656  5262          JMP TEST2
  385 00657  2053          ISZ CNT
  386 00660  5600          JMP I TEST
  387 00661  5265          JMP CRAZ
  388 00662  2053  TEST2,  ISZ CNT
  389 00663  5265          JMP CRAZ
  390 00664  5600          JMP I TEST
  391              
  392              /DISPLAY GARBAGE FOR HIT!
  393 00665  7200  CRAZ,   CLA
  394 00666  1054          TAD M3
  395 00667  3101          DCA TEMP
  396 00670  6032          KCC
  397 00671  1410  CRAZY,  TAD I 10
  398 00672  1410          TAD I 10
  399                      /DXL



      /FLYING SAUCER-ROCKET PROGRAM                                       Page 9


  400 00673  1106          TAD OFFSET
  401 00674  6053          DILX
  402 00675  1107          TAD NEGOFF
  403 00676  2051          ISZ TEMPA
  404 00677  5301          JMP .+2
  405 00700  5314          JMP SEE
  406 00701  7040  SEEON,  CMA
  407 00702  1410  CONTDS, TAD I 10
  408                      /DYS
  409 00703  1106          TAD OFFSET
  410 00704  6054          DILY
  411 00705  1107          TAD NEGOFF
  412 00706  6052          DISD
  413 00707  5306          JMP .-1
  414 00710  6055          DIXY
  415 00711  6052          DISD
  416 00712  5311          JMP .-1
  417 00713  5271          JMP CRAZY
  418 00714  2101  SEE,    ISZ TEMP
  419 00715  5301          JMP SEEON
  420 00716  5465          JMP I GHOST
  421              
  422              /ROUTINE TO ADD A CONSTANT TO
  423              /Y-COORDINATES OF THE FLYING SAUCER.
  424              /CONSTANT “CRAISE” CAN BE CHANGED
  425              /FOR YOUR OWN USE.
  426 00717  0000  CHANG,  0
  427 00720  7200          CLA
  428 00721  1042          TAD CFSDAA
  429 00722  3010          DCA 10
  430 00723  1042          TAD CFSDAA
  431 00724  3011          DCA 11
  432 00725  1410  KEEP1,  TAD I 10
  433 00726  7510          SPA
  434 00727  5335          JMP CONT6
  435 00730  1057          TAD CRAISE
  436 00731  3411          DCA I 11
  437              /SKIP X-COORDINATES.
  438 00732  1410          TAD I 10
  439 00733  3411          DCA I 11
  440 00734  5325          JMP KEEP1
  441 00735  5717  CONT6,  JMP I CHANG
  442              
  443              /PRINT SUBROUTINE.
  444 00736  0000  PRNT1,  0
  445 00737  1043          TAD M377
  446 00740  7440          SZA
  447 00741  5344          JMP .+3
  448 00742  4455          JMS I CRLFEN
  449 00743  5446          JMP I C7600



      /FLYING SAUCER-ROCKET PROGRAM                                      Page 10


  450 00744  1056          TAD C377
  451 00745  6041          TSF
  452 00746  5345          JMP .-1
  453 00747  6046          TLS
  454 00750  7300          CLA CLL
  455 00751  5736          JMP I PRNT1
  456              
  457              /CRLF ROUTINE.
  458 00752  0000  CRLF,   0
  459 00753  7200          CLA
  460 00754  1027          TAD RETURN
  461 00755  4336          JMS PRNT1
  462 00756  1026          TAD LINEFD
  463 00757  4336          JMS PRNT1
  464 00760  5752          JMP I CRLF
  465              
  466              /MAKE SURE 377 IS IN BUFFER.
  467 00761  0000  CCHECK, 0
  468 00762  1105          TAD M300
  469 00763  3102          DCA INCREM
  470              /STALL LOOP TO BE SURE CHARACTER IS IN BUFFER.
  471 00764  2102          ISZ INCREM
  472 00765  5364          JMP .-1
  473 00766  6034          KRS
  474 00767  1043          TAD M377
  475 00770  7450          SNA
  476 00771  5446          JMP I C7600
  477 00772  5761          JMP I CCHECK
  478              /
  479              /;;;;;;;;;;EDITING BREAK;;;;;;;;;;
  480              /
  481              /ROCKET DATA COORDINATES (X,Y).
  482        1000  *1000
  483 01000  0000  ROCDAT, 0
  484 01001  0060          60
  485 01002  0004          4
  486 01003  0054          54
  487 01004  0004          4
  488 01005  0060          60
  489 01006  0010          10
  490 01007  0050          50
  491 01010  0010          10
  492 01011  0060          60
  493 01012  0014          14
  494 01013  0044          44
  495 01014  0014          14
  496 01015  0060          60
  497 01016  0020          20
  498 01017  0040          40
  499 01020  0020          20



      /FLYING SAUCER-ROCKET PROGRAM                                      Page 11


  500 01021  0060          60
  501 01022  0024          24
  502 01023  0034          34
  503 01024  0024          24
  504 01025  0044          44
  505 01026  0024          24
  506 01027  0060          60
  507 01030  0030          30
  508 01031  0030          30
  509 01032  0030          30
  510 01033  0050          50
  511 01034  0030          30
  512 01035  0060          60
  513 01036  0034          34
  514 01037  0024          24
  515 01040  0034          34
  516 01041  0054          54
  517 01042  0034          34
  518 01043  0060          60
  519 01044  0040          40
  520 01045  0020          20
  521 01046  0040          40
  522 01047  0060          60
  523 01050  0044          44
  524 01051  0014          14
  525 01052  0044          44
  526 01053  0024          24
  527 01054  0044          44
  528 01055  0054          54
  529 01056  0044          44
  530 01057  0064          64
  531 01060  0050          50
  532 01061  0010          10
  533 01062  0050          50
  534 01063  0030          30
  535 01064  0050          50
  536 01065  0050          50
  537 01066  0050          50
  538 01067  0070          70
  539 01070  0054          54
  540 01071  0004          4
  541 01072  0054          54
  542 01073  0034          34
  543 01074  0054          54
  544 01075  0044          44
  545 01076  0054          54
  546 01077  0074          74
  547 01100  0060          60
  548 01101  0000          0
  549 01102  0060          60



      /FLYING SAUCER-ROCKET PROGRAM                                      Page 12


  550 01103  0004          4
  551 01104  0060          60
  552 01105  0040          40
  553 01106  0060          60
  554 01107  0014          14
  555 01110  0060          60
  556 01111  0020          20
  557 01112  0060          60
  558 01113  0024          24
  559 01114  0060          60
  560 01115  0030          30
  561 01116  0060          60
  562 01117  0034          34
  563 01120  0060          60
  564 01121  0040          40
  565 01122  0060          60
  566 01123  0100          100
  567 01124  0064          64
  568 01125  0044          44
  569 01126  0064          64
  570 01127  0074          74
  571 01130  0064          64
  572 01131  0104          104
  573 01132  0070          70
  574 01133  0050          50
  575 01134  0070          70
  576 01135  0070          70
  577 01136  0070          70
  578 01137  0110          110
  579 01140  0074          74
  580 01141  0054          54
  581 01142  0074          74
  582 01143  0064          64
  583 01144  0074          74
  584 01145  0114          114
  585 01146  0100          100
  586 01147  0060          60
  587 01150  0100          100
  588 01151  0120          120
  589 01152  0104          104
  590 01153  0064          64
  591 01154  0104          104
  592 01155  0120          120
  593 01156  0110          110
  594 01157  0070          70
  595 01160  0110          110
  596 01161  0120          120
  597 01162  0114          114
  598 01163  0074          74
  599 01164  0114          114



      /FLYING SAUCER-ROCKET PROGRAM                                      Page 13


  600 01165  0120          120
  601 01166  0120          120
  602 01167  0100          100
  603 01170  0120          120
  604 01171  0104          104
  605 01172  0120          120
  606 01173  0110          110
  607 01174  0120          120
  608 01175  0114          114
  609 01176  0120  TAGR1,  120
  610 01177  0120  TAGR2,  120
  611 01200  4000          4000
  612 01201  4000          4000
  613              
  614              /MESSAGES ARE NOT TRIM CODE BECAUSE
  615              /OF THE NATURE OF THE PRINT & GET ROUTINE.
  616              /ESSAGES STORED STARTING AT *1202
  617 01202  0322  MESSAG, R
  618 01203  0317          O
  619 01204  0303          C
  620 01205  0313          K
  621 01206  0305          E
  622 01207  0324          T
  623 01210  0240          SPACE
  624 01211  0323          S
  625 01212  0320          P
  626 01213  0305          E
  627 01214  0305          E
  628 01215  0304          D
  629 01216  0275          EQUAL
  630 01217  0000          0
  631 01220  0325          U
  632 01221  0306          F
  633 01222  0317          O
  634 01223  0240          SPACE
  635 01224  0323          S
  636 01225  0320          P
  637 01226  0305          E
  638 01227  0305          E
  639 01230  0304          D
  640 01231  0275          EQUAL
  641 01232  0000          0
  642 01233  0212          LF
  643 01234  0310          H
  644 01235  0311          II
  645 01236  0324          T
  646 01237  0240          SPACE
  647 01240  0301          A
  648 01241  0240          SPACE
  649 01242  0313          K



      /FLYING SAUCER-ROCKET PROGRAM                                      Page 14


  650 01243  0305          E
  651 01244  0331          Y
  652 01245  0240          SPACE
  653 01246  0324          T
  654 01247  0317          O
  655 01250  0240          SPACE
  656 01251  0306          F
  657 01252  0311          II
  658 01253  0322          R
  659 01254  0305          E
  660 01255  0240          SPACE
  661 01256  0322          R
  662 01257  0317          O
  663 01260  0303          C
  664 01261  0313          K
  665 01262  0305          E
  666 01263  0324          T
  667 01264  0256          PERIOD
  668 01265  4000          4000
  669              
  670              /FLYING SAUCER COORDINATES (X,Y).
  671        1400  *1400
  672 01400  0057  FLYDAT, 57
  673 01401  1077          1077
  674 01402  0063          63
  675 01403  1101          1101
  676 01404  0063          63
  677 01405  1077          1077
  678 01406  0063          63
  679 01407  1075          1075
  680 01410  0067          67
  681 01411  1103          1103
  682 01412  0067          67
  683 01413  1077          1077
  684 01414  0067          67
  685 01415  1073          1073
  686 01416  0073          73
  687 01417  1103          1103
  688 01420  0073          73
  689 01421  1077          1077
  690 01422  0073          073
  691 01423  1073          1073
  692 01424  0073          73
  693 01425  1063          1063
  694 01426  0075          75
  695 01427  1067          1067
  696 01430  0077          77
  697 01431  1103          1103
  698 01432  0077          77
  699 01433  1077          1077



      /FLYING SAUCER-ROCKET PROGRAM                                      Page 15


  700 01434  0077          77
  701 01435  1073          1073
  702 01436  0077          77
  703 01437  1063          1063
  704 01440  0101          101
  705 01441  1067          1067
  706 01442  0103          103
  707 01443  1103          1103
  708 01444  0103          103
  709 01445  1077          1077
  710 01446  0103          103
  711 01447  1073          1073
  712 01450  0105          105
  713 01451  1107          1107
  714 01452  0107          107
  715 01453  1113          1113
  716 01454  0107          107
  717 01455  1103          1103
  718 01456  0107          107
  719 01457  1077          1077
  720 01460  0107          107
  721 01461  1073          1073
  722 01462  0113          113
  723 01463  1117          1117
  724 01464  0113          113
  725 01465  1103          1103
  726 01466  0113          113
  727 01467  1067          1067
  728 01470  0113          113
  729 01471  1073          1073
  730 01472  0117          117
  731 01473  1123          1123
  732 01474  0117          117
  733 01475  1113          1113
  734 01476  0117          117
  735 01477  1107          1107
  736 01500  0117          117
  737 01501  1103          1103
  738 01502  0117  TAGF1,  117
  739 01503  1077  TAGF2,  1077
  740 01504  0117          117
  741 01505  1073          1073
  742 01506  0123          123
  743 01507  1123          1123
  744 01510  0123          123
  745 01511  1113          1113
  746 01512  0123          123
  747 01513  1107          1107
  748 01514  0123          123
  749 01515  1103          1103



      /FLYING SAUCER-ROCKET PROGRAM                                      Page 16


  750 01516  0123          123
  751 01517  1073          1073
  752 01520  0123          123
  753 01521  1073          1073
  754 01522  0125          125
  755 01523  1125          1125
  756 01524  0127          127
  757 01525  1127          1127
  758 01526  0127          127
  759 01527  1123          1123
  760 01530  0127          127
  761 01531  1103          1103
  762 01532  0127          127
  763 01533  1077          1077
  764 01534  0127          127
  765 01535  1073          1073
  766 01536  0131          131
  767 01537  1125          1125
  768 01540  0133          133
  769 01541  1123          1123
  770 01542  0133          133
  771 01543  1113          1113
  772 01544  0133          133
  773 01545  1107          1107
  774 01546  0133          133
  775 01547  1103          1103
  776 01550  0133          133
  777 01551  1077          1077
  778 01552  0133          133
  779 01553  1073          1073
  780 01554  0137          137
  781 01555  1123          1123
  782 01556  0137          137
  783 01557  1113          1113
  784 01560  0137          137
  785 01561  1107          1107
  786 01562  0137          137
  787 01563  1103          1103
  788 01564  0137          137
  789 01565  1067          1067
  790 01566  0137          137
  791 01567  1073          1073
  792 01570  0143          143
  793 01571  1117          1117
  794 01572  0143          143
  795 01573  1103          1103
  796 01574  0143          143
  797 01575  1077          1077
  798 01576  0143          143
  799 01577  1073          1073



      /FLYING SAUCER-ROCKET PROGRAM                                      Page 17


  800 01600  0147          147
  801 01601  1113          1113
  802 01602  0147          147
  803 01603  1103          1103
  804 01604  0147          147
  805 01605  1077          1077
  806 01606  0147          147
  807 01607  1073          1073
  808 01610  0151          151
  809 01611  1107          1107
  810 01612  0153          153
  811 01613  1102          1102
  812 01614  0153          153
  813 01615  1077          1077
  814 01616  0153          153
  815 01617  1073          1073
  816 01620  0155          155
  817 01621  1067          1067
  818 01622  0157          157
  819 01623  1103          1103
  820 01624  0157          157
  821 01625  1077          1077
  822 01626  0157          157
  823 01627  1073          1073
  824 01630  0157          157
  825 01631  1063          1063
  826 01632  0161          161
  827 01633  1067          1067
  828 01634  0163          163
  829 01635  1103          1103
  830 01636  0163          163
  831 01637  1077          1077
  832 01640  0163          163
  833 01641  1073          1073
  834 01642  0163          163
  835 01643  1063          1063
  836 01644  0167          167
  837 01645  1103          1103
  838 01646  0167          167
  839 01647  1077          1077
  840 01650  0167          167
  841 01651  1073          1073
  842 01652  0173          173
  843 01653  1101          1101
  844 01654  0173          173
  845 01655  1075          1075
  846 01656  0173          173
  847 01657  1077          1077
  848 01660  0177          177
  849 01661  1077          1077



      /FLYING SAUCER-ROCKET PROGRAM                                      Page 18


  850 01662  4000          4000
  851 01663  4000          4000
  852              
  853              /INSTRUCTIONS STORED HERE.
  854              /IF THEY ARE NOT TO BE PRINTED OUT
  855              /PUT A 7000 IN LOCATION 202
  856              /BEFORE STARTING THE PROGRAM.
  857              /0R PUT A 4000 (- #) IN LOCATION 1664.
  858        1664  *1664
  859 01664  0215  INSDAT, CR
  860 01665  0212          LF
  861 01666  0311          II
  862 01667  0316          N
  863 01670  0323          S
  864 01671  0324          T
  865 01672  0322          R
  866 01673  0325          U
  867 01674  0303          C
  868 01675  0324          T
  869 01676  0311          II
  870 01677  0317          O
  871 01700  0316          N
  872 01701  0323          S
  873 01702  0272          COLON
  874 01703  0215          CR
  875 01704  0212          LF
  876 01705  0323          S
  877 01706  0320          P
  878 01707  0305          E
  879 01710  0305          E
  880 01711  0304          D
  881 01712  0323          S
  882 01713  0240          SPACE
  883 01714  0323          S
  884 01715  0257          NSLASH
  885 01716  0302          B
  886 01717  0240          SPACE
  887 01720  0274          LT
  888 01721  0240          SPACE
  889 01722  0317          O
  890 01723  0322          R
  891 01724  0240          SPACE
  892 01725  0275          EQUAL
  893 01726  0240          SPACE
  894 01727  0324          T
  895 01730  0317          O
  896 01731  0240          SPACE
  897 01732  0263          THREE
  898 01733  0260          ZERO
  899 01734  0256          PERIOD



      /FLYING SAUCER-ROCKET PROGRAM                                      Page 19


  900 01735  0215          CR
  901 01736  0212          LF
  902 01737  0322          R
  903 01740  0305          E
  904 01741  0324          T
  905 01742  0325          U
  906 01743  0322          R
  907 01744  0316          N
  908 01745  0240          SPACE
  909 01746  0313          K
  910 01747  0305          E
  911 01750  0331          Y
  912 01751  0240          SPACE
  913 01752  0327          W
  914 01753  0311          II
  915 01754  0314          L
  916 01755  0314          L
  917 01756  0240          SPACE
  918 01757  0301          A
  919 01760  0323          S
  920 01761  0313          K
  921 01762  0240          SPACE
  922 01763  0321          Q
  923 01764  0325          U
  924 01765  0305          E
  925 01766  0323          S
  926 01767  0324          T
  927 01770  0311          II
  928 01771  0317          O
  929 01772  0316          N
  930 01773  0323          S
  931 01774  0240          SPACE
  932 01775  0301          A
  933 01776  0307          G
  934 01777  0301          A
  935 02000  0311          II
  936 02001  0316          N
  937 02002  0256          PERIOD
  938 02003  0215          CR
  939 02004  0212          LF
  940 02005  0322          R
  941 02006  0325          U
  942 02007  0302          B
  943 02010  0317          O
  944 02011  0325          U
  945 02012  0324          T
  946 02013  0240          SPACE
  947 02014  0327          W
  948 02015  0311          II
  949 02016  0314          L



      /FLYING SAUCER-ROCKET PROGRAM                                      Page 20


  950 02017  0314          L
  951 02020  0240          SPACE
  952 02021  0322          R
  953 02022  0305          E
  954 02023  0324          T
  955 02024  0325          U
  956 02025  0322          R
  957 02026  0316          N
  958 02027  0240          SPACE
  959 02030  0324          T
  960 02031  0317          O
  961 02032  0240          SPACE
  962 02033  0323          S
  963 02034  0331          Y
  964 02035  0323          S
  965 02036  0324          T
  966 02037  0305          E
  967 02040  0315          M
  968 02041  0240          SPACE
  969 02042  0256          PERIOD
  970 02043  0215          CR
  971 02044  0212          LF
  972 02045  0316          N
  973 02046  0317          O
  974 02047  0324          T
  975 02050  0305          E
  976 02051  0272          COLON
  977 02052  0240          SPACE
  978 02053  0303          C
  979 02054  0317          O
  980 02055  0316          N
  981 02056  0324          T
  982 02057  0322          R
  983 02060  0317          O
  984 02061  0314          L
  985 02062  0240          SPACE
  986 02063  0313          K
  987 02064  0305          E
  988 02065  0331          Y
  989 02066  0247          SQUOTE
  990 02067  0323          S
  991 02070  0240          SPACE
  992 02071  0317          O
  993 02072  0320          P
  994 02073  0305          E
  995 02074  0322          R
  996 02075  0301          A
  997 02076  0324          T
  998 02077  0305          E
  999 02100  0240          SPACE



      /FLYING SAUCER-ROCKET PROGRAM                                      Page 21


 1000 02101  0317          O
 1001 02102  0316          N
 1002 02103  0314          L
 1003 02104  0331          Y
 1004 02105  0240          SPACE
 1005 02106  0304          D
 1006 02107  0325          U
 1007 02110  0322          R
 1008 02111  0311          II
 1009 02112  0316          N
 1010 02113  0307          G
 1011 02114  0240          SPACE
 1012 02115  0304          D
 1013 02116  0311          II
 1014 02117  0323          S
 1015 02120  0320          P
 1016 02121  0314          L
 1017 02122  0301          A
 1018 02123  0331          Y
 1019 02124  0256          PERIOD
 1020 02125  0215          CR
 1021 02126  0212          LF
 1022 02127  4000          4000
 1023              
 1024              /TABLE OF LETTERS AND THEIR ASCII VALUE IN OCTAL.
 1025        0301  A=301
 1026        0302  B=302
 1027        0303  C=303
 1028        0304  D=304
 1029        0305  E=305
 1030        0306  F=306
 1031        0307  G=307
 1032        0310  H=310
 1033        0311  II=311
 1034        0312  J=312
 1035        0313  K=313
 1036        0314  L=314
 1037        0315  M=315
 1038        0316  N=316
 1039        0317  O=317
 1040        0320  P=320
 1041        0321  Q=321
 1042        0322  R=322
 1043        0323  S=323
 1044        0324  T=324
 1045        0325  U=325
 1046        0326  V=326
 1047        0327  W=327
 1048        0330  X=330
 1049        0331  Y=331



      /FLYING SAUCER-ROCKET PROGRAM                                      Page 22


 1050        0332  Z=332
 1051        0261  ONE=261
 1052        0262  TWO=262
 1053        0263  THREE=263
 1054        0264  FOUR=264
 1055        0265  FIVE=265
 1056        0266  SIX=266
 1057        0267  SEVEN=267
 1058        0270  EIGHT=270
 1059        0271  NINE=271
 1060        0260  ZERO=260
 1061        0241  EX=241 /!
 1062        0242  QUOTE=242
 1063        0243  NUMSIN=243 /#
 1064        0244  DOLLAR=244
 1065        0245  PERCNT=245
 1066        0246  AMPER=246 /&
 1067        0247  SQUOTE=247 /'
 1068        0250  LPAR=250
 1069        0251  RPAR=251
 1070        0252  ASTER=252
 1071        0253  PLUS=253
 1072        0254  COMMA=254
 1073        0255  MINUS=255
 1074        0256  PERIOD=256
 1075        0272  COLON=272
 1076        0257  NSLASH=257
 1077        0273  SEMCOL=273
 1078        0274  LT=274
 1079        0275  EQUAL=275
 1080        0276  GT=276
 1081        0277  QUES=277
 1082        0300  ATSIGN=300
 1083        0333  LBRAK=333
 1084        0334  LSASH=334
 1085        0335  RBRAK=335
 1086        0337  LAR=337
 1087        0212  LF=212
 1088        0240  SPACE=240
 1089        0215  CR=215
 1090        0207  BELL=207
 1091              $

      No detected errors
      No links generated
