   1            /PDP 8E MEMORY POWER ON OFF TEST
   2            *0200
   3 00200 5013         JMP START
   4 00201 5032         JMP COMPAR
   5            *0
   6 00000 0000         0
   7 00001 5001         JMP 1
   8 00002 0002         2
   9 00003 0003         3
  10 00004 0000         0
  11 00005 0000         0
  12 00006 0000         0
  13 00007 0000 UPPER,  0
  14 00010 0000 LOWER,  0
  15 00011 0000 LOWM,   0
  16 00012 0000 HIGH,   0
  17 00013 7300 START,  CLA CLL         /START INITIAL
  18 00014 1056         TAD K0201
  19 00015 3011         DCA LOWM
  20 00016 1057         TAD K4001
  21 00017 3012         DCA HIGH
  22 00020 1060 WRKON,  TAD UPREG
  23 00021 3411         DCA I LOWM
  24 00022 1061         TAD LOREG
  25 00023 3412         DCA I HIGH
  26 00024 1011         TAD LOWM
  27 00025 7041         CIA
  28 00026 1057         TAD K4001
  29 00027 7640         SZA CLA
  30 00030 5020         JMP WRKON
  31 00031 7402 STEND,  HLT             /TURN POWER ON OFF
  32 00032 7300 COMPAR, CLA CLL
  33 00033 1056         TAD K0201
  34 00034 3011         DCA LOWM
  35 00035 1057         TAD K4001
  36 00036 3012         DCA HIGH
  37 00037 1411         TAD I LOWM      /LOWM=UPPER ADDRESS 202-4001
  38 00040 3007         DCA UPPER
  39 00041 1412         TAD I HIGH      /HIGH=LOWER ADDRESS 4002-7601
  40 00042 3010         DCA LOWER
  41 00043 1007         TAD UPPER
  42 00044 1010         TAD LOWER
  43 00045 7040         CMA
  44 00046 7440         SZA
  45 00047 7402 E1,     HLT             /ERROR,DOES NOT COMPARE
  46 00050 1011         TAD LOWM
  47 00051 7041         CIA
  48 00052 1057         TAD K4001
  49 00053 7640         SZA CLA
  50 00054 5037         JMP COMPAR+5    /RETURN TO CHECK MEMORY
  51 00055 5032         JMP COMPAR      /END OF TEST AREA GO TO SETUP
  52 00056 0201 K0201,  0201
  53 00057 4001 K4001,  4001
  54 00060 2525 UPREG,  2525            /ERROR WORD 2525
  55 00061 5252 LOREG,  5252            /ERROR WORD 5252
  56            $
