   1               /CCL OVERLAY TO DEFINE PLAY COMMAND
   2               FIELD 1
   3               *3120
   4 013120  4001  XPLA,   4001;   EXTPLA; 0;0;0;0;        YMUSIC
     013121  3340  
     013122  0000  
     013123  0000  
     013124  0000  
     013125  0000  
     013126  7016  
   5               
   6               *3220
   7 013220  3120          XPLA
   8               *3340
   9 013340  1525  EXTPLA, 1525;   0
     013341  0000  
  10 013342  0000          0;      0
     013343  0000  
  11               
  12               FIELD 0
  13               *553                    /PLAY
  14 000553  2014          2014
  15 000554  4171          4171
  16 000555  0000          0000
  17               
  18               *7016
  19 007016  1525  YMUSIC, FILENAME MUSIC.SV
     007017  2311  
     007020  0300  
     007021  2326  
  20               $

EXTPLA  3340
XPLA    3120
YMUSIC  7016
