   1            
   2            
   3                    FIELD   0
   4            
   5                    *0000
   6 00000 7454 S00000, 7454
   7            D00005=0005
   8            P00006=0006
   9            D00007=0007
  10            D00010=0010
  11            D00077=0077
  12            D00100=0100
  13            
  14                    *7000
  15 07000 7300 L07000, CLA CLL 
  16 07001 1273         TAD D07073
  17 07002 4735         JMS I P07135
  18 07003 4265         JMS P07065
  19 07004 6032         KCC
  20 07005 4734         JMS I P07134
  21 07006 1275         TAD D07075
  22 07007 1276 L07007, TAD D07076
  23 07010 3303         DCA P07103
  24 07011 3302         DCA D07102
  25 07012 3304 L07012, DCA D07104
  26 07013 4353 L07013, JMS P07153
  27 07014 5224 L07014, JMP L07024
  28 07015 5220 D07015, 5220
  29 07016 4254         JMS P07054
  30 07017 5213 L07017, JMP L07013
  31 07020 3302 L07020, DCA D07102
  32 07021 1304         TAD D07104
  33 07022 3006         DCA P00006
  34 07023 5212         JMP L07012
  35 07024 4265 L07024, JMS P07065
  36 07025 7300 L07025, CLA CLL 
  37 07026 1302         TAD D07102
  38 07027 7440         SZA 
  39 07030 7220         CLA CML 
  40 07031 1304         TAD D07104
  41 07032 7420         SNL 
  42 07033 3006         DCA P00006
  43 07034 3007         DCA D00007
  44 07035 7200         CLA 
  45 07036 1303         TAD P07103
  46 07037 7510         SPA 
  47 07040 5200         JMP L07000
  48 07041 1306         TAD D07106
  49 07042 3303         DCA P07103
  50 07043 1333         TAD D07133
  51 07044 7040         CMA 
  52 07045 1303         TAD P07103
  53 07046 7500         SMA 
  54 07047 5200         JMP L07000
  55 07050 7300         CLA CLL 
  56 07051 1703         TAD I P07103
  57 07052 3303         DCA P07103
  58 07053 5703         JMP I P07103
  59 07054 7017 P07054, L07017
  60 07055 3305         DCA D07105
  61 07056 1304         TAD D07104
  62 07057 7104         CLL RAL 
  63 07060 7104         CLL RAL 
  64 07061 7104         CLL RAL 
  65 07062 1305         TAD D07105
  66 07063 3304         DCA D07104
  67 07064 5654         JMP I P07054
  68 07065 7025 P07065, L07025
  69 07066 7200         CLA 
  70 07067 1274         TAD D07074
  71 07070 4735         JMS I P07135
  72 07071 7200 L07071, CLA 
  73 07072 5665         JMP I P07065
  74 07073 0215 D07073, 0215
  75 07074 0212 D07074, 0212
  76 07075 7510 D07075, 7510
  77 07076 7770 D07076, 7770
  78 07077 0010 D07077, 0010
  79 07100 7563 D07100, 7563
  80 07101 7735 D07101, 7735
  81 07102 7775 D07102, 7775
  82 07103 7602 P07103, L07602
  83 07104 7360 D07104, 7360
  84 07105 0000 D07105, 0000
  85 07106 7106 D07106, 7106
  86 07107 7572         SNA SPA SZL HLT
  87 07110 7544         SZA SMA OSR 
  88 07111 7514         SPA OSR 
  89 07112 7200         CLA 
  90 07113 7603         7603
  91 07114 7000         NOP
  92 07115 7565         7565
  93 07116 7513         7513
  94 07117 7137         CLL CML RTL RTR IAC
  95 07120 7000         NOP
  96 07121 7000         NOP
  97 07122 7600         7600 CLA 
  98 07123 7000         NOP
  99 07124 7000         NOP
 100 07125 7000         NOP
 101 07126 7602         CLA HLT
 102 07127 7000         NOP
 103 07130 7601         7601
 104 07131 7136         CLL CML RTL RTR 
 105 07132 7201         CLA IAC
 106 07133 7132 D07133, 7132
 107 07134 7500 P07134, P07500
 108 07135 7506 P07135, P07506
 109 07136 5406         JMP I P00006
 110 07137 3304 L07137, DCA D07104
 111 07140 4353 L07140, JMS P07153
 112 07141 5345         JMP L07145
 113 07142 5207         JMP L07007
 114 07143 4254         JMS P07054
 115 07144 5340         JMP L07140
 116 07145 4265 L07145, JMS P07065
 117 07146 1304         TAD D07104
 118 07147 3406         DCA I P00006
 119 07150 2006         ISZ P00006
 120 07151 5337         JMP L07137
 121 07152 5337         JMP L07137
 122 07153 7014 P07153, L07014
 123 07154 4734         JMS I P07134
 124 07155 1300 L07155, TAD D07100
 125 07156 7450         SNA 
 126 07157 5753         JMP I P07153
 127 07160 1301         TAD D07101
 128 07161 7510         SPA 
 129 07162 5370         JMP L07170
 130 07163 1276         TAD D07076
 131 07164 7500         SMA 
 132 07165 5370         JMP L07170
 133 07166 1277         TAD D07077
 134 07167 2353         ISZ P07153
 135 07170 2353 L07170, ISZ P07153
 136 07171 5753         JMP I P07153
 137 07172 0000         AND S00000
 138 07173 0000         AND S00000
 139 07174 7777         7777
 140 07175 7777         7777
 141 07176 0000         AND S00000
 142 07177 0000         AND S00000
 143            
 144                    *7200
 145 07200 5270         JMP L07270
 146 07201 4213         JMS P07213
 147 07202 5204 L07202, JMP L07204
 148 07203 4233 L07203, JMS P07233
 149 07204 1406 L07204, TAD I P00006
 150 07205 4241         JMS P07241
 151 07206 2006 L07206, ISZ P00006
 152 07207 5210         JMP L07210
 153 07210 2007 L07210, ISZ D00007
 154 07211 5203         JMP L07203
 155 07212 5755 D07212, 5755
 156 07213 7202 P07213, L07202
 157 07214 1007         TAD D00007
 158 07215 7140 D07215, 7140
 159 07216 1006         TAD P00006
 160 07217 7420         SNL 
 161 07220 5223         JMP L07223
 162 07221 7200         CLA 
 163 07222 7040         CMA 
 164 07223 3007 L07223, DCA D00007
 165 07224 5613         JMP I P07213
 166 07225 7256 P07225, L07256
 167 07226 6046         TLS
 168 07227 6041 L07227, TSF 
 169 07230 5227         JMP L07227
 170 07231 7200         CLA 
 171 07232 5625         JMP I P07225
 172 07233 7330 P07233, L07330
 173 07234 1266         TAD D07266
 174 07235 4225         JMS P07225
 175 07236 1267         TAD D07267
 176 07237 4225         JMS P07225
 177 07240 5633 D07240, 5633
 178 07241 7206 P07241, L07206
 179 07242 7004         RAL 
 180 07243 3264         DCA D07264
 181 07244 1261         TAD D07261
 182 07245 3265         DCA D07265
 183 07246 1264 L07246, TAD D07264
 184 07247 7004         RAL 
 185 07250 7006         RTL 
 186 07251 3264         DCA D07264
 187 07252 1264         TAD D07264
 188 07253 0262         AND D07262
 189 07254 1263         TAD D07263
 190 07255 4225         JMS P07225
 191 07256 2265 L07256, ISZ D07265
 192 07257 5246         JMP L07246
 193 07260 5641 D07260, 5641
 194 07261 7774 D07261, 7774
 195 07262 0007 D07262, 0007
 196 07263 0260 D07263, 0260
 197 07264 7777 D07264, 7777
 198 07265 0000 D07265, 0000
 199 07266 0215 D07266, 0215
 200 07267 0212 D07267, 0212
 201 07270 1006 L07270, TAD P00006
 202 07271 0356         AND D07356
 203 07272 3006         DCA P00006
 204 07273 4213         JMS P07213
 205 07274 1007         TAD D00007
 206 07275 0356         AND D07356
 207 07276 3007         DCA D00007
 208 07277 7200 L07277, CLA 
 209 07300 1357         TAD D07357
 210 07301 3371         DCA P07371
 211 07302 3372         DCA D07372
 212 07303 1356         TAD D07356
 213 07304 3373         DCA D07373
 214 07305 1006         TAD P00006
 215 07306 3374         DCA D07374
 216 07307 1406 L07307, TAD I P00006
 217 07310 7440         SZA 
 218 07311 3372         DCA D07372
 219 07312 1406         TAD I P00006
 220 07313 3771         DCA I P07371
 221 07314 2006         ISZ P00006
 222 07315 2371         ISZ P07371
 223 07316 2007         ISZ D00007
 224 07317 5321         JMP L07321
 225 07320 5323         JMP L07323
 226 07321 2373 L07321, ISZ D07373
 227 07322 5307         JMP L07307
 228 07323 1372 L07323, TAD D07372
 229 07324 7450         SNA 
 230 07325 5345         JMP L07345
 231 07326 7200         CLA 
 232 07327 4233         JMS P07233
 233 07330 1356 L07330, TAD D07356
 234 07331 3373         DCA D07373
 235 07332 1357         TAD D07357
 236 07333 3371         DCA P07371
 237 07334 1374         TAD D07374
 238 07335 4241         JMS P07241
 239 07336 4351         JMS P07351
 240 07337 4351 L07337, JMS P07351
 241 07340 1771 L07340, TAD I P07371
 242 07341 4241         JMS P07241
 243 07342 2371         ISZ P07371
 244 07343 2373         ISZ D07373
 245 07344 5337         JMP L07337
 246 07345 1007 L07345, TAD D00007
 247 07346 7440         SZA 
 248 07347 5277         JMP L07277
 249 07350 5755         JMP I P07355
 250 07351 7340 P07351, L07340
 251 07352 1360         TAD D07360
 252 07353 4225         JMS P07225
 253 07354 5751         JMP I P07351
 254 07355 7000 P07355, L07000
 255 07356 7770 D07356, 7770
 256 07357 7361 D07357, 7361
 257 07360 0240 D07360, 0240
 258            P07371=7371
 259            D07372=7372
 260            D07373=7373
 261            D07374=7374
 262            L07400=7400
 263            D07442=7442
 264            
 265                    *7454
 266 07454 7000         NOP
 267            D07470=7470
 268            P07471=7471
 269            D07472=7472
 270            D07473=7473
 271            P07474=7474
 272            D07475=7475
 273            D07476=7476
 274            P07477=7477
 275            
 276                    *7500
 277 07500 7155 P07500, L07155
 278 07501 6031 L07501, KSF 
 279 07502 5301         JMP L07501
 280 07503 6036         KRB
 281 07504 4306         JMS P07506
 282 07505 5700         JMP I P07500
 283 07506 7071 P07506, L07071
 284 07507 6046         TLS
 285 07510 6041 L07510, TSF 
 286 07511 5310         JMP L07510
 287 07512 5706         JMP I P07506
 288 07513 1342         TAD D07542
 289 07514 3343         DCA D07543
 290 07515 1006         TAD P00006
 291 07516 1007         TAD D00007
 292 07517 7440         SZA 
 293 07520 5325         JMP L07525
 294 07521 1336         TAD D07536
 295 07522 3006         DCA P00006
 296 07523 1337         TAD D07537
 297 07524 3007         DCA D00007
 298 07525 7200 L07525, CLA 
 299 07526 4741         JMS I P07541
 300 07527 1343 L07527, TAD D07543
 301 07530 3406         DCA I P00006
 302 07531 2006         ISZ P00006
 303 07532 5333         JMP L07533
 304 07533 2007 L07533, ISZ D00007
 305 07534 5327         JMP L07527
 306 07535 5740         JMP I P07540
 307 07536 0200 D07536, 0200
 308 07537 6777 D07537, 6777
 309 07540 7000 P07540, L07000
 310 07541 7213 P07541, P07213
 311 07542 7402 D07542, 7402
 312 07543 0000 D07543, 0000
 313 07544 1275         TAD D07475
 314 07545 3005         DCA D00005
 315 07546 1006         TAD P00006
 316 07547 3271         DCA P07471
 317 07550 1671         TAD I P07471
 318 07551 3270         DCA D07470
 319 07552 1276         TAD D07476
 320 07553 3671         DCA I P07471
 321 07554 5740         JMP I P07540
 322 07555 3272         DCA D07472
 323 07556 7004         RAL 
 324 07557 3273         DCA D07473
 325 07560 1270         TAD D07470
 326 07561 3671         DCA I P07471
 327 07562 1271         TAD P07471
 328 07563 3274         DCA P07474
 329 07564 5740         JMP I P07540
 330 07565 1273         TAD D07473
 331 07566 7010         RAR 
 332 07567 1272         TAD D07472
 333 07570 7402         HLT
 334 07571 5674         JMP I P07474
 335 07572 1273         TAD D07473
 336 07573 4677         JMS I P07477
 337 07574 1272         TAD D07472
 338 07575 4677         JMS I P07477
 339 07576 5740         JMP I P07540
 340 07577 0000         AND S00000
 341            
 342                    *7600
 343 07600 5724 D07600, 5724
 344 07601 1325         TAD D07725
 345 07602 5215 L07602, JMP L07615
 346 07603 1333         TAD D07733
 347 07604 3007         DCA D00007
 348 07605 4211 L07605, JMS P07611
 349 07606 2007         ISZ D00007
 350 07607 5205         JMP L07605
 351 07610 5720         JMP I P07720
 352 07611 7644 P07611, L07644
 353 07612 1332         TAD D07732
 354 07613 4274         JMS P07674
 355 07614 5611         JMP I P07611
 356 07615 3330 L07615, DCA D07730
 357 07616 1007         TAD D00007
 358 07617 7450         SNA 
 359 07620 5303         JMP L07703
 360 07621 7040         CMA 
 361 07622 1006         TAD P00006
 362 07623 3007         DCA D00007
 363 07624 5231         JMP L07631
 364 07625 1330 L07625, TAD D07730
 365 07626 1325         TAD D07725
 366 07627 7620         SNL CLA 
 367 07630 5235         JMP L07635
 368 07631 1322 L07631, TAD D07722
 369 07632 3331         DCA D07731
 370 07633 1006         TAD P00006
 371 07634 4245         JMS P07645
 372 07635 1406 L07635, TAD I P00006
 373 07636 4245         JMS P07645
 374 07637 2006 L07637, ISZ P00006
 375 07640 7000         NOP
 376 07641 2007         ISZ D00007
 377 07642 5225         JMP L07625
 378 07643 4211         JMS P07611
 379 07644 5720 L07644, JMP I P07720
 380 07645 7637 P07645, L07637
 381 07646 3327         DCA D07727
 382 07647 1327         TAD D07727
 383 07650 7012         RTR 
 384 07651 7012         RTR 
 385 07652 7012         RTR 
 386 07653 7100         CLL 
 387 07654 4260         JMS P07660
 388 07655 1327         TAD D07727
 389 07656 4260         JMS P07660
 390 07657 5645 L07657, JMP I P07645
 391 07660 7657 P07660, L07657
 392 07661 0321         AND D07721
 393 07662 1330         TAD D07730
 394 07663 7500         SMA 
 395 07664 5270         JMP L07670
 396 07665 1331         TAD D07731
 397 07666 4274 L07666, JMS P07674
 398 07667 5660 L07667, JMP I P07660
 399 07670 4726 L07670, JMS I P07726
 400 07671 7420         SNL 
 401 07672 1322         TAD D07722
 402 07673 5266         JMP L07666
 403 07674 7667 P07674, L07667
 404 07675 6046         TLS
 405 07676 7300         CLA CLL 
 406 07677 3331         DCA D07731
 407 07700 6041 L07700, TSF 
 408 07701 5300         JMP L07700
 409 07702 5674         JMP I P07674
 410 07703 1322 L07703, TAD D07722
 411 07704 3331         DCA D07731
 412 07705 1323         TAD D07723
 413 07706 4245         JMS P07645
 414 07707 1006         TAD P00006
 415 07710 4245         JMS P07645
 416 07711 4211         JMS P07611
 417 07712 1322         TAD D07722
 418 07713 3331         DCA D07731
 419 07714 4245         JMS P07645
 420 07715 1323         TAD D07723
 421 07716 4245         JMS P07645
 422 07717 5720         JMP I P07720
 423 07720 7000 P07720, L07000
 424 07721 0077 D07721, 0077
 425 07722 0100 D07722, 0100
 426 07723 7454 D07723, 7454
 427 07724 7400 P07724, L07400
 428 07725 4000 D07725, 4000
 429 07726 7442 P07726, D07442
 430 07727 7442 D07727, 7442
 431 07730 0000 D07730, 0000
 432 07731 0000 D07731, 0000
 433 07732 0200 D07732, 0200
 434 07733 7634 D07733, 7634
 435            $
