   1            
   2            D07700=7700
   3            S07701=7701
   4            
   5                    FIELD   0
   6            
   7                    *7702
   8 07702 6031 L07702, KSF 
   9 07703 5302         JMP L07702
  10 07704 6036         KRB
  11 07705 5701         JMP I S07701
  12            S07706=7706
  13            
  14                    *7707
  15 07707 1720         TAD I S07720
  16 07710 3720         DCA I S07720
  17 07711 1720         TAD I S07720
  18 07712 1300         TAD D07700
  19 07713 7430         SZL 
  20 07714 7101         CLL IAC
  21 07715 3300         DCA D07700
  22 07716 2320         ISZ S07720
  23 07717 5706         JMP I S07706
  24            S07720=7720
  25            
  26                    *7721
  27 07721 4301         JMS S07701
  28 07722 7106         CLL RTL 
  29 07723 7006         RTL 
  30 07724 3720         DCA I S07720
  31 07725 4301         JMS S07701
  32 07726 0344         AND D07744
  33 07727 4306         JMS S07706
  34 07730 6036         KRB
  35 07731 7106         CLL RTL 
  36 07732 7006         RTL 
  37 07733 0344         AND D07744
  38 07734 3720         DCA I S07720
  39 07735 1367         TAD P07767
  40 07736 4301         JMS S07701
  41 07737 4306         JMS S07706
  42 07740 5720         JMP I S07720
  43            S07741=7741
  44            
  45                    *7742
  46 07742 3767         DCA I P07767
  47 07743 2367         ISZ P07767
  48 07744 7417 D07744, 7417
  49 07745 2370         ISZ D07770
  50 07746 5741         JMP I S07741
  51 07747 5366         JMP L07766
  52 07750 4320 L07750, JMS S07720
  53            D07751=7751
  54            D07752=7752
  55            
  56                    *7753
  57 07753 1351         TAD D07751
  58 07754 4341         JMS S07741
  59 07755 1352         TAD D07752
  60 07756 4341         JMS S07741
  61 07757 5371         JMP L07771
  62 07760 6032 L07760, KCC
  63 07761 4301 L07761, JMS S07701
  64 07762 7440         SZA 
  65 07763 5361         JMP L07761
  66 07764 4301         JMS S07701
  67 07765 3300         DCA D07700
  68 07766 4320 L07766, JMS S07720
  69            P07767=7767
  70            D07770=7770
  71            
  72                    *7771
  73 07771 1370 L07771, TAD D07770
  74 07772 7640         SZA CLA 
  75 07773 5350         JMP L07750
  76 07774 1300         TAD D07700
  77 07775 2300         ISZ D07700
  78 07776 7402         HLT
  79 07777 5360         JMP L07760
  80            $
