   1            
   2            P00000=0000
   3            P00001=0001
   4            P00003=0003
   5            
   6                    FIELD   0
   7            
   8                    *0004
   9 00004 3274 P00004, D03274
  10 00005 3275 P00005, D03275
  11 00006 3276 P00006, D03276
  12 00007 7417 D00007, 7417
  13            P00010=0010
  14            P00011=0011
  15            P00012=0012
  16            P00013=0013
  17            P00014=0014
  18            D00015=0015
  19            
  20                    *0020
  21 00020 0200 P00020, L00200
  22 00021 7775 D00021, 7775
  23 00022 0204 D00022, 0204
  24 00023 7776 P00023, D07776
  25 00024 7735 P00024, D07735
  26 00025 0005 D00025, 0005
  27 00026 0240 D00026, 0240
  28 00027 0212 P00027, D00212
  29 00030 0215 D00030, 0215
  30 00031 7774 P00031, D07774
  31 00032 7535 D00032, 7535
  32 00033 7533 D00033, 7533
  33 00034 7500 D00034, 7500
  34 00035 7566 D00035, 7566
  35 00036 7564 D00036, 7564
  36 00037 7600 D00037, 7600
  37 00040 7521 D00040, 7521
  38 00041 0400 D00041, 0400
  39 00042 7401 D00042, 7401
  40 00043 0004 D00043, 0004
  41 00044 0700 P00044, P00700
  42 00045 0606 P00045, S00606
  43 00046 0304                 0304
  44 00047 0717 P00047, P00717
  45 00050 1721 P00050, P01721
  46 00051 0400 P00051, D00400
  47 00052 0404 P00052, L00404
  48 00053 1467 P00053, P01467
  49 00054 3767 D00054, 3767
  50 00055 0752 P00055, S00752
  51 00056 0542 P00056, S00542
  52 00057 1000 P00057, L01000
  53 00060 1200 P00060, L01200
  54 00061 0735 P00061, L00735
  55 00062 2207 P00062, L02207
  56 00063 2213 P00063, L02213
  57 00064 2204 P00064, L02204
  58 00065 2200 P00065, L02200
  59 00066 1276 P00066, L01276
  60 00067 1343 P00067, L01343
  61 00070 0562 P00070, L00562
  62 00071 1051 P00071, P01051
  63 00072 2343 P00072, P02343
  64 00073 0214 P00073, L00214
  65 00074 3477 D00074, 3477
  66 00075 1627 P00075, S01627
  67 00076 1600 P00076, L01600
  68 00077 2254 P00077, P02254
  69 00100 0505 P00100, L00505
  70 00101 0330 P00101, L00330
  71 00102 2000 P00102, P02000
  72 00103 0566 D00103, 0566
  73 00104 0725 P00104, L00725
  74 00105 0614 P00105, L00614
  75 00106 0700 D00106, 0700
  76 00107 0600 D00107, 0600
  77 00110 0606 D00110, 0606
  78 00111 6000 D00111, 6000
  79 00112 7563 D00112, 7563
  80 00113 7540 D00113, 7540
  81 00114 7567 P00114, D07567
  82 00115 7534 D00115, 7534
  83 00116 7526 D00116, 7526
  84 00117 7522 P00117, D07522
  85 00120 7525 D00120, 7525
  86 00121 7523 P00121, D07523
  87 00122 7524 D00122, 7524
  88 00123 7503 P00123, D07503
  89 00124 4600 P00124, D04600
  90 00125 6700 P00125, D06700
  91 00126 0077 D00126, 0077
  92 00127 0007 D00127, 0007
  93 00130 4543 P00130, D04543
  94 00131 7574 D00131, 7574
  95 00132 0177 D00132, 0177
  96 00133 3554 D00133, 3554
  97 00134 2500         ISZ I P00100
  98 00135 3777 P00135, D03777
  99 00136 4000 D00136, 4000
 100 00137 7202         CLA BSW 
 101 00140 3277 D00140, 3277
 102 00141 7600 D00141, 7600
 103 00142 0377 P00142, D00377
 104 00143 2501 P00143, D02501
 105 00144 0200 D00144, 0200
 106 00145 0000 P00145, P00000
 107 00146 0000 D00146, 0000
 108 00147 0000 D00147, 0000
 109 00150 0000 D00150, 0000
 110 00151 0000 D00151, 0000
 111 00152 0000 P00152, P00000
 112 00153 7777 D00153, 7777
 113 00154 7777 P00154, D07777
 114 00155 7777 P00155, D07777
 115 00156 3767 D00156, 3767
 116 00157 0000 D00157, 0000
 117 00160 0244 D00160, 0244
 118 00161 0000 D00161, 0000
 119 00162 0000 P00162, P00000
 120 00163 0000 D00163, 0000
 121 00164 0000 D00164, 0000
 122 00165 0000 D00165, 0000
 123 00166 0000 P00166, P00000
 124 00167 0000 P00167, P00000
 125 00170 0305 P00170, L00305
 126 00171 4543 D00171, 4543
 127 00172 0000         AND P00000
 128 00173 1414 P00173, L01414
 129 00174 3767 P00174, D03767
 130 00175 0000 D00175, 0000
 131 00176 0056 D00176, 0056
 132 00177 0000 P00177, P00000
 133            
 134                    *0200
 135 00200 5224 L00200, JMP L00224
 136 00201 5200         JMP L00200
 137 00202 7604 L00202, CLA OSR 
 138 00203 0111         AND D00111
 139 00204 7450         SNA 
 140 00205 5214         JMP L00214
 141 00206 7104         CLL RAL 
 142 00207 7420         SNL 
 143 00210 5235         JMP L00235
 144 00211 7500         SMA 
 145 00212 5242 D00212, 5242
 146 00213 5232         JMP L00232
 147 00214 7402 L00214, HLT
 148 00215 1037 L00215, TAD D00037
 149 00216 3107         DCA D00107
 150 00217 1006         TAD P00006
 151 00220 3105         DCA P00105
 152 00221 5202         JMP L00202
 153 00222 3044         DCA P00044
 154 00223 5202         JMP L00202
 155 00224 7200 L00224, CLA 
 156 00225 1110         TAD D00110
 157 00226 3045         DCA P00045
 158 00227 1106         TAD D00106
 159 00230 3044         DCA P00044
 160 00231 5215         JMP L00215
 161 00232 7240 L00232, CLA CMA 
 162 00233 3151         DCA D00151
 163 00234 5251         JMP L00251
 164 00235 7200 L00235, CLA 
 165 00236 3151         DCA D00151
 166 00237 1054         TAD D00054
 167 00240 3156         DCA D00156
 168 00241 5251         JMP L00251
 169 00242 7201 L00242, CLA IAC
 170 00243 3151         DCA D00151
 171 00244 3157         DCA D00157
 172 00245 4456         JMS I P00056
 173 00246 7120         CLL CML 
 174 00247 1020         TAD P00020
 175 00250 4455         JMS I P00055
 176 00251 6046 L00251, TLS
 177 00252 6026         6026
 178 00253 6032         KCC
 179 00254 3177         DCA P00177
 180 00255 1140         TAD D00140
 181 00256 3013         DCA P00013
 182 00257 3152         DCA P00152
 183 00260 3145         DCA P00145
 184 00261 3147         DCA D00147
 185 00262 3150         DCA D00150
 186 00263 3146         DCA D00146
 187 00264 3161         DCA D00161
 188 00265 3162         DCA P00162
 189 00266 3163         DCA D00163
 190 00267 7240         CLA CMA 
 191 00270 3153         DCA D00153
 192 00271 3166         DCA P00166
 193 00272 7240         CLA CMA 
 194 00273 3154         DCA P00154
 195 00274 7240         CLA CMA 
 196 00275 3155         DCA P00155
 197 00276 1020         TAD P00020
 198 00277 3144         DCA D00144
 199 00300 7201         CLA IAC
 200 00301 3176         DCA D00176
 201 00302 1103         TAD D00103
 202 00303 3011         DCA P00011
 203 00304 4451 L00304, JMS I P00051
 204 00305 1151 L00305, TAD D00151
 205 00306 7450         SNA 
 206 00307 5320         JMP L00320
 207 00310 7710         SPA CLA 
 208 00311 5371         JMP L00371
 209 00312 1147         TAD D00147
 210 00313 7650         SNA CLA 
 211 00314 5320         JMP L00320
 212 00315 7100 D00315, 7100
 213 00316 1146         TAD D00146
 214 00317 4455         JMS I P00055
 215 00320 1147 L00320, TAD D00147
 216 00321 7640         SZA CLA 
 217 00322 2144         ISZ D00144
 218 00323 3147         DCA D00147
 219 00324 3146         DCA D00146
 220 00325 3166         DCA P00166
 221 00326 3145         DCA P00145
 222 00327 5304         JMP L00304
 223 00330 4444 L00330, JMS I P00044
 224 00331 1160         TAD D00160
 225 00332 1120         TAD D00120
 226 00333 7650         SNA CLA 
 227 00334 5465         JMP I P00065
 228 00335 1160         TAD D00160
 229 00336 1121         TAD P00121
 230 00337 7650         SNA CLA 
 231 00340 5464         JMP I P00064
 232 00341 1160         TAD D00160
 233 00342 1122         TAD D00122
 234 00343 7650         SNA CLA 
 235 00344 5466         JMP I P00066
 236 00345 1160         TAD D00160
 237 00346 1123         TAD P00123
 238 00347 7650         SNA CLA 
 239 00350 5467         JMP I P00067
 240 00351 1160         TAD D00160
 241 00352 1113         TAD D00113
 242 00353 7650         SNA CLA 
 243 00354 5470         JMP I P00070
 244 00355 1160         TAD D00160
 245 00356 1114         TAD P00114
 246 00357 7650         SNA CLA 
 247 00360 5470         JMP I P00070
 248 00361 1160         TAD D00160
 249 00362 1112         TAD D00112
 250 00363 7650         SNA CLA 
 251 00364 5457         JMP I P00057
 252 00365 1160         TAD D00160
 253 00366 0126         AND D00126
 254 00367 3160         DCA D00160
 255 00370 5500         JMP I P00100
 256 00371 4775 L00371, JMS I P00375
 257 00372 1140         TAD D00140
 258 00373 3013         DCA P00013
 259 00374 5320         JMP L00320
 260 00375 2400 P00375, S02400
 261 00376 0000         AND P00000
 262 00377 0000 D00377, 0000
 263            
 264                    *0400
 265 00400 0305 D00400, 0305
 266 00401 7200         CLA 
 267 00402 1200         TAD D00400
 268 00403 3411         DCA I P00011
 269 00404 7200 L00404, CLA 
 270 00405 3161         DCA D00161
 271 00406 3162         DCA P00162
 272 00407 3163         DCA D00163
 273 00410 3166         DCA P00166
 274 00411 4444         JMS I P00044
 275 00412 1160 L00412, TAD D00160
 276 00413 1112         TAD D00112
 277 00414 7650         SNA CLA 
 278 00415 5457         JMP I P00057
 279 00416 1160         TAD D00160
 280 00417 1113         TAD D00113
 281 00420 7650         SNA CLA 
 282 00421 5204         JMP L00404
 283 00422 1160         TAD D00160
 284 00423 1114         TAD P00114
 285 00424 7650         SNA CLA 
 286 00425 5204         JMP L00404
 287 00426 1160         TAD D00160
 288 00427 1115         TAD D00115
 289 00430 7650         SNA CLA 
 290 00431 5460         JMP I P00060
 291 00432 1160         TAD D00160
 292 00433 1116         TAD D00116
 293 00434 7650         SNA CLA 
 294 00435 5461         JMP I P00061
 295 00436 2147         ISZ D00147
 296 00437 1160         TAD D00160
 297 00440 1117         TAD P00117
 298 00441 7650         SNA CLA 
 299 00442 5462         JMP I P00062
 300 00443 1160         TAD D00160
 301 00444 1120         TAD D00120
 302 00445 7650         SNA CLA 
 303 00446 5465         JMP I P00065
 304 00447 1160         TAD D00160
 305 00450 1121         TAD P00121
 306 00451 7650         SNA CLA 
 307 00452 5464         JMP I P00064
 308 00453 1023         TAD P00023
 309 00454 3164         DCA D00164
 310 00455 1031         TAD P00031
 311 00456 3165         DCA D00165
 312 00457 1160         TAD D00160
 313 00460 1300         TAD D00500
 314 00461 7510         SPA 
 315 00462 5266         JMP L00466
 316 00463 1301         TAD D00501
 317 00464 7710         SPA CLA 
 318 00465 5463         JMP I P00063
 319 00466 7200 L00466, CLA 
 320 00467 1160         TAD D00160
 321 00470 1302         TAD D00502
 322 00471 7500         SMA 
 323 00472 5704         JMP I P00504
 324 00473 1303         TAD D00503
 325 00474 7510         SPA 
 326 00475 5704         JMP I P00504
 327 00476 3160         DCA D00160
 328 00477 5500         JMP I P00100
 329 00500 7520 D00500, 7520
 330 00501 7770 D00501, 7770
 331 00502 7445 D00502, 7445
 332 00503 0033 D00503, 0033
 333 00504 2445 P00504, L02445
 334 00505 2164 L00505, ISZ D00164
 335 00506 5330         JMP L00530
 336 00507 2165         ISZ D00165
 337 00510 5316         JMP L00516
 338 00511 7240         CLA CMA 
 339 00512 3164         DCA D00164
 340 00513 7240         CLA CMA 
 341 00514 3165         DCA D00165
 342 00515 5501         JMP I P00101
 343 00516 1341 L00516, TAD D00541
 344 00517 1165         TAD D00165
 345 00520 3173         DCA P00173
 346 00521 1160         TAD D00160
 347 00522 1573         TAD I P00173
 348 00523 3573         DCA I P00173
 349 00524 1164         TAD D00164
 350 00525 1023         TAD P00023
 351 00526 3164         DCA D00164
 352 00527 5501         JMP I P00101
 353 00530 1160 L00530, TAD D00160
 354 00531 7106         CLL RTL 
 355 00532 7006         RTL 
 356 00533 7006         RTL 
 357 00534 3160         DCA D00160
 358 00535 7201         CLA IAC
 359 00536 3164         DCA D00164
 360 00537 7201         CLA IAC
 361 00540 5316         JMP L00516
 362 00541 0164 D00541, 0164
 363 00542 0000 S00542, 0000
 364 00543 1361         TAD D00561
 365 00544 3164         DCA D00164
 366 00545 1020 L00545, TAD P00020
 367 00546 4445         JMS I P00045
 368 00547 2164         ISZ D00164
 369 00550 5345         JMP L00545
 370 00551 5742         JMP I S00542
 371 00552 1361 L00552, TAD D00561
 372 00553 3164         DCA D00164
 373 00554 4445 L00554, JMS I P00045
 374 00555 2164 L00555, ISZ D00164
 375 00556 5354         JMP L00554
 376 00557 5473         JMP I P00073
 377 00560 5345         JMP L00545
 378 00561 7700 D00561, 7700
 379 00562 7201 L00562, CLA IAC
 380 00563 3155         DCA P00155
 381 00564 4471         JMS I P00071
 382 00565 5452         JMP I P00052
 383 00566 0000         AND P00000
 384 00567 0305         AND L00505
 385 00570 1371         TAD D00571
 386 00571 1371 D00571, 1371
 387 00572 0000         AND P00000
 388 00573 0000         AND P00000
 389 00574 0000         AND P00000
 390 00575 0000         AND P00000
 391 00576 0000         AND P00000
 392 00577 0000         AND P00000
 393            
 394                    *0600
 395 00600 1275 L00600, TAD D00675
 396 00601 3404         DCA I P00004
 397 00602 1275         TAD D00675
 398 00603 3157         DCA D00157
 399 00604 5752         JMP I S00752
 400 00605 0000 D00605, 0000
 401 00606 0000 S00606, 0000
 402 00607 6041 L00607, TSF 
 403 00610 5207         JMP L00607
 404 00611 6046 D00611, 6046
 405 00612 7200         CLA 
 406 00613 5606         JMP I S00606
 407 00614 1405 L00614, TAD I P00005
 408 00615 7010 L00615, RAR 
 409 00616 1023         TAD P00023
 410 00617 3107         DCA D00107
 411 00620 3505         DCA I P00105
 412 00621 7420         SNL 
 413 00622 2105         ISZ P00105
 414 00623 7100         CLL 
 415 00624 1405         TAD I P00005
 416 00625 1157         TAD D00157
 417 00626 7430         SZL 
 418 00627 7101         CLL IAC
 419 00630 7040         CMA 
 420 00631 3505         DCA I P00105
 421 00632 2105         ISZ P00105
 422 00633 3505         DCA I P00105
 423 00634 1031         TAD P00031
 424 00635 3105         DCA P00105
 425 00636 1020 L00636, TAD P00020
 426 00637 4445         JMS I P00045
 427 00640 2105         ISZ P00105
 428 00641 5236         JMP L00636
 429 00642 4445         JMS I P00045
 430 00643 1004         TAD P00004
 431 00644 3105         DCA P00105
 432 00645 1505 L00645, TAD I P00105
 433 00646 7112         CLL RTR 
 434 00647 7012         RTR 
 435 00650 4445         JMS I P00045
 436 00651 1505         TAD I P00105
 437 00652 0007         AND D00007
 438 00653 3205         DCA D00605
 439 00654 2105         ISZ P00105
 440 00655 1505         TAD I P00105
 441 00656 0007         AND D00007
 442 00657 7112         CLL RTR 
 443 00660 7012         RTR 
 444 00661 1205         TAD D00605
 445 00662 4445         JMS I P00045
 446 00663 1505         TAD I P00105
 447 00664 4445         JMS I P00045
 448 00665 2105         ISZ P00105
 449 00666 2107         ISZ D00107
 450 00667 5245         JMP L00645
 451 00670 1006         TAD P00006
 452 00671 3105         DCA P00105
 453 00672 1037         TAD D00037
 454 00673 3107         DCA D00107
 455 00674 5200         JMP L00600
 456 00675 0000 D00675, 0000
 457 00676 7402         HLT
 458 00677 5215         JMP L00615
 459 00700 0412 P00700, L00412
 460 00701 7200 L00701, CLA 
 461 00702 6031 L00702, KSF 
 462 00703 5302         JMP L00702
 463 00704 6036         KRB
 464 00705 7450         SNA 
 465 00706 5301         JMP L00701
 466 00707 1037         TAD D00037
 467 00710 7450         SNA 
 468 00711 5301         JMP L00701
 469 00712 1020         TAD P00020
 470 00713 3160         DCA D00160
 471 00714 4477         JMS I P00077
 472 00715 5301         JMP L00701
 473 00716 5700 L00716, JMP I P00700
 474 00717 0555 P00717, L00555
 475 00720 6041 L00720, TSF 
 476 00721 5320         JMP L00720
 477 00722 6046         TLS
 478 00723 7200         CLA 
 479 00724 5717         JMP I P00717
 480 00725 1011 L00725, TAD P00011
 481 00726 3170         DCA P00170
 482 00727 7240         CLA CMA 
 483 00730 1011         TAD P00011
 484 00731 3011         DCA P00011
 485 00732 1570         TAD I P00170
 486 00733 3170         DCA P00170
 487 00734 5570         JMP I P00170
 488 00735 4451 L00735, JMS I P00051
 489 00736 1146         TAD D00146
 490 00737 3144         DCA D00144
 491 00740 7240         CLA CMA 
 492 00741 1151         TAD D00151
 493 00742 7640         SZA CLA 
 494 00743 5347         JMP L00747
 495 00744 7120         CLL CML 
 496 00745 1146         TAD D00146
 497 00746 4455         JMS I P00055
 498 00747 7200 L00747, CLA 
 499 00750 3147         DCA D00147
 500 00751 5504         JMP I P00104
 501 00752 0000 S00752, 0000
 502 00753 7430         SZL 
 503 00754 5370         JMP L00770
 504 00755 3505         DCA I P00105
 505 00756 1157         TAD D00157
 506 00757 1505         TAD I P00105
 507 00760 7430         SZL 
 508 00761 7101         CLL IAC
 509 00762 3157         DCA D00157
 510 00763 2105         ISZ P00105
 511 00764 2107         ISZ D00107
 512 00765 5752         JMP I S00752
 513 00766 1404         TAD I P00004
 514 00767 1020         TAD P00020
 515 00770 3275 L00770, DCA D00675
 516 00771 1107         TAD D00107
 517 00772 1020         TAD P00020
 518 00773 7450         SNA 
 519 00774 5200         JMP L00600
 520 00775 7161         CLL CML CIA
 521 00776 3405         DCA I P00005
 522 00777 5214         JMP L00614
 523            
 524                    *1000
 525 01000 1147 L01000, TAD D00147
 526 01001 7650         SNA CLA 
 527 01002 5504         JMP I P00104
 528 01003 4251         JMS P01051
 529 01004 1145 L01004, TAD P00145
 530 01005 2152         ISZ P00152
 531 01006 5222         JMP L01022
 532 01007 0141         AND D00141
 533 01010 7440         SZA 
 534 01011 5233         JMP L01033
 535 01012 2150         ISZ D00150
 536 01013 1145 L01013, TAD P00145
 537 01014 0132         AND D00132
 538 01015 3145 L01015, DCA P00145
 539 01016 1150         TAD D00150
 540 01017 7650         SNA CLA 
 541 01020 1020         TAD P00020
 542 01021 1145         TAD P00145
 543 01022 1146 L01022, TAD D00146
 544 01023 3146         DCA D00146
 545 01024 3152         DCA P00152
 546 01025 3150         DCA D00150
 547 01026 7240         CLA CMA 
 548 01027 3154         DCA P00154
 549 01030 7240         CLA CMA 
 550 01031 3155         DCA P00155
 551 01032 5504         JMP I P00104
 552 01033 3175 L01033, DCA D00175
 553 01034 1151         TAD D00151
 554 01035 7650         SNA CLA 
 555 01036 5213         JMP L01013
 556 01037 1144         TAD D00144
 557 01040 0141         AND D00141
 558 01041 7041         CIA
 559 01042 1175         TAD D00175
 560 01043 7650         SNA CLA 
 561 01044 5213         JMP L01013
 562 01045 7240         CLA CMA 
 563 01046 4475         JMS I P00075
 564 01047 1132         TAD D00132
 565 01050 5215         JMP L01015
 566 01051 1004 P01051, L01004
 567 01052 1161         TAD D00161
 568 01053 7650         SNA CLA 
 569 01054 5352         JMP L01152
 570 01055 1161         TAD D00161
 571 01056 1125         TAD P00125
 572 01057 7650         SNA CLA 
 573 01060 5355         JMP L01155
 574 01061 1161         TAD D00161
 575 01062 1124         TAD P00124
 576 01063 7650         SNA CLA 
 577 01064 5360         JMP L01160
 578 01065 4453         JMS I P00053
 579 01066 3173 L01066, DCA P00173
 580 01067 7420         SNL 
 581 01070 5347         JMP L01147
 582 01071 1173         TAD P00173
 583 01072 7140         CLL CMA 
 584 01073 1372         TAD D01172
 585 01074 7630         SZL CLA 
 586 01075 5362         JMP L01162
 587 01076 1173         TAD P00173
 588 01077 7140         CLL CMA 
 589 01100 1371         TAD D01171
 590 01101 7630         SZL CLA 
 591 01102 5336         JMP L01136
 592 01103 1173         TAD P00173
 593 01104 7140         CLL CMA 
 594 01105 1133         TAD D00133
 595 01106 7630         SZL CLA 
 596 01107 5334         JMP L01134
 597 01110 2173         ISZ P00173
 598 01111 2173         ISZ P00173
 599 01112 2173         ISZ P00173
 600 01113 1573         TAD I P00173
 601 01114 3173         DCA P00173
 602 01115 7240 L01115, CLA CMA 
 603 01116 1154         TAD P00154
 604 01117 7640         SZA CLA 
 605 01120 5324         JMP L01124
 606 01121 1145         TAD P00145
 607 01122 4774         JMS I P01174
 608 01123 5330         JMP L01130
 609 01124 1173 L01124, TAD P00173
 610 01125 2154         ISZ P00154
 611 01126 7041 D01126, 7041
 612 01127 1145         TAD P00145
 613 01130 3145 L01130, DCA P00145
 614 01131 1155         TAD P00155
 615 01132 3154         DCA P00154
 616 01133 5651         JMP I P01051
 617 01134 7240 L01134, CLA CMA 
 618 01135 3152         DCA P00152
 619 01136 2173 L01136, ISZ P00173
 620 01137 2173         ISZ P00173
 621 01140 2173         ISZ P00173
 622 01141 1573         TAD I P00173
 623 01142 3173         DCA P00173
 624 01143 1146 L01143, TAD D00146
 625 01144 4774         JMS I P01174
 626 01145 3146         DCA D00146
 627 01146 5651         JMP I P01051
 628 01147 1136 L01147, TAD D00136
 629 01150 4773         JMS I P01173
 630 01151 5651         JMP I P01051
 631 01152 1166 L01152, TAD P00166
 632 01153 3173         DCA P00173
 633 01154 5315         JMP L01115
 634 01155 1041 L01155, TAD D00041
 635 01156 3173         DCA P00173
 636 01157 5343         JMP L01143
 637 01160 2150 L01160, ISZ D00150
 638 01161 5651         JMP I P01051
 639 01162 2173 L01162, ISZ P00173
 640 01163 2173         ISZ P00173
 641 01164 2173         ISZ P00173
 642 01165 1573         TAD I P00173
 643 01166 3173         DCA P00173
 644 01167 3147         DCA D00147
 645 01170 5573         JMP I P00173
 646 01171 3524 D01171, 3524
 647 01172 3524 D01172, 3524
 648 01173 1326 P01173, S01326
 649 01174 2467 P01174, S02467
 650 01175 0000         AND P00000
 651 01176 0000         AND P00000
 652 01177 0000         AND P00000
 653            
 654                    *1200
 655 01200 1151 L01200, TAD D00151
 656 01201 7740         SZA SMA CLA 
 657 01202 5266         JMP L01266
 658 01203 1130         TAD P00130
 659 01204 4450         JMS I P00050
 660 01205 4456         JMS I P00056
 661 01206 1142         TAD P00142
 662 01207 4447         JMS I P00047
 663 01210 3673         DCA I P01273
 664 01211 3674         DCA I P01274
 665 01212 3675         DCA I P01275
 666 01213 1130 L01213, TAD P00130
 667 01214 4450         JMS I P00050
 668 01215 4502         JMS I P00102
 669 01216 5244 L01216, JMP L01244
 670 01217 1545         TAD I P00145
 671 01220 3160         DCA D00160
 672 01221 1160         TAD D00160
 673 01222 0135         AND P00135
 674 01223 3545         DCA I P00145
 675 01224 1545         TAD I P00145
 676 01225 4450         JMS I P00050
 677 01226 2145         ISZ P00145
 678 01227 1545         TAD I P00145
 679 01230 4450         JMS I P00050
 680 01231 2145         ISZ P00145
 681 01232 1545         TAD I P00145
 682 01233 4450         JMS I P00050
 683 01234 4450         JMS I P00050
 684 01235 2145         ISZ P00145
 685 01236 1160         TAD D00160
 686 01237 7710         SPA CLA 
 687 01240 5254         JMP L01254
 688 01241 1545         TAD I P00145
 689 01242 4472         JMS I P00072
 690 01243 5213         JMP L01213
 691 01244 1022 L01244, TAD D00022
 692 01245 4447         JMS I P00047
 693 01246 1130         TAD P00130
 694 01247 4450         JMS I P00050
 695 01250 1142 L01250, TAD P00142
 696 01251 4447         JMS I P00047
 697 01252 4456         JMS I P00056
 698 01253 5473         JMP I P00073
 699 01254 1143 L01254, TAD P00143
 700 01255 4450         JMS I P00050
 701 01256 4450         JMS I P00050
 702 01257 1545         TAD I P00145
 703 01260 4472         JMS I P00072
 704 01261 1545         TAD I P00145
 705 01262 0141         AND D00141
 706 01263 1132         TAD D00132
 707 01264 3545         DCA I P00145
 708 01265 5213         JMP L01213
 709 01266 7320 L01266, CLA CLL CML 
 710 01267 4455         JMS I P00055
 711 01270 5671         JMP I P01271
 712 01271 0552 P01271, L00552
 713 01272 5473         JMP I P00073
 714 01273 2155 P01273, D02155
 715 01274 2156 P01274, D02156
 716 01275 2157 P01275, D02157
 717 01276 1151 L01276, TAD D00151
 718 01277 7640         SZA CLA 
 719 01300 5306         JMP L01306
 720 01301 4453         JMS I P00053
 721 01302 3173         DCA P00173
 722 01303 7430         SZL 
 723 01304 5310         JMP L01310
 724 01305 4326         JMS S01326
 725 01306 3147 L01306, DCA D00147
 726 01307 5452         JMP I P00052
 727 01310 1573 L01310, TAD I P00173
 728 01311 7710         SPA CLA 
 729 01312 5315         JMP L01315
 730 01313 4475         JMS I P00075
 731 01314 5306         JMP L01306
 732 01315 1573 L01315, TAD I P00173
 733 01316 0135         AND P00135
 734 01317 3573         DCA I P00173
 735 01320 2173         ISZ P00173
 736 01321 2173         ISZ P00173
 737 01322 2173 D01322, 2173
 738 01323 1144         TAD D00144
 739 01324 3573         DCA I P00173
 740 01325 5306         JMP L01306
 741 01326 0000 S01326, 0000
 742 01327 1161         TAD D00161
 743 01330 3573         DCA I P00173
 744 01331 2173         ISZ P00173
 745 01332 1162         TAD P00162
 746 01333 3573         DCA I P00173
 747 01334 2173         ISZ P00173
 748 01335 1163         TAD D00163
 749 01336 3573         DCA I P00173
 750 01337 2173         ISZ P00173
 751 01340 1144         TAD D00144
 752 01341 3573         DCA I P00173
 753 01342 5726         JMP I S01326
 754 01343 4453 L01343, JMS I P00053
 755 01344 3174         DCA P00174
 756 01345 7430         SZL 
 757 01346 5361         JMP L01361
 758 01347 1161         TAD D00161
 759 01350 3574         DCA I P00174
 760 01351 2174         ISZ P00174
 761 01352 1162         TAD P00162
 762 01353 3574         DCA I P00174
 763 01354 2174         ISZ P00174
 764 01355 1163         TAD D00163
 765 01356 3574         DCA I P00174
 766 01357 2174         ISZ P00174
 767 01360 5370         JMP L01370
 768 01361 1574 L01361, TAD I P00174
 769 01362 0135         AND P00135
 770 01363 3574         DCA I P00174
 771 01364 2174         ISZ P00174
 772 01365 2174         ISZ P00174
 773 01366 2174         ISZ P00174
 774 01367 5370         JMP L01370
 775 01370 4451 L01370, JMS I P00051
 776 01371 1151         TAD D00151
 777 01372 7640         SZA CLA 
 778 01373 5376         JMP L01376
 779 01374 1146         TAD D00146
 780 01375 3574         DCA I P00174
 781 01376 3147 L01376, DCA D00147
 782 01377 5504         JMP I P00104
 783            
 784                    *1400
 785 01400 4451 P01400, D04451
 786 01401 1151         TAD D00151
 787 01402 7640         SZA CLA 
 788 01403 5212         JMP L01412
 789 01404 1043         TAD D00043
 790 01405 1133         TAD D00133
 791 01406 3133         DCA D00133
 792 01407 1043         TAD D00043
 793 01410 1054         TAD D00054
 794 01411 3054         DCA D00054
 795 01412 3147 L01412, DCA D00147
 796 01413 5504         JMP I P00104
 797 01414 1151 L01414, TAD D00151
 798 01415 7640         SZA CLA 
 799 01416 5221         JMP L01421
 800 01417 1156         TAD D00156
 801 01420 3054         DCA D00054
 802 01421 3147 L01421, DCA D00147
 803 01422 5504         JMP I P00104
 804 01423 7402         HLT
 805 01424 7200         CLA 
 806 01425 3177         DCA P00177
 807 01426 7240         CLA CMA 
 808 01427 3153         DCA D00153
 809 01430 5504         JMP I P00104
 810 01431 1151         TAD D00151
 811 01432 7640         SZA CLA 
 812 01433 5245         JMP L01445
 813 01434 7240         CLA CMA 
 814 01435 1247         TAD D01447
 815 01436 3054         DCA D00054
 816 01437 1247         TAD D01447
 817 01440 3133         DCA D00133
 818 01441 1054         TAD D00054
 819 01442 3156         DCA D00156
 820 01443 1247         TAD D01447
 821 01444 3650         DCA I P01450
 822 01445 3147 L01445, DCA D00147
 823 01446 5504         JMP I P00104
 824 01447 3524 D01447, 3524
 825 01450 1171 P01450, D01171
 826 01451 4451         JMS I P00051
 827 01452 7240         CLA CMA 
 828 01453 1151         TAD D00151
 829 01454 7640         SZA CLA 
 830 01455 5264         JMP L01464
 831 01456 1146         TAD D00146
 832 01457 0127         AND D00127
 833 01460 7106         CLL RTL 
 834 01461 7004         RAL 
 835 01462 1266         TAD D01466
 836 01463 4445         JMS I P00045
 837 01464 3147 L01464, DCA D00147
 838 01465 5504         JMP I P00104
 839 01466 0600 D01466, 0600
 840 01467 1066 P01467, L01066
 841 01470 7200         CLA 
 842 01471 1074         TAD D00074
 843 01472 3010         DCA P00010
 844 01473 1156 L01473, TAD D00156
 845 01474 7141         CLL CIA
 846 01475 1010         TAD P00010
 847 01476 7630         SZL CLA 
 848 01477 5331         JMP L01531
 849 01500 1410         TAD I P00010
 850 01501 0135         AND P00135
 851 01502 7041         CIA
 852 01503 1161         TAD D00161
 853 01504 7650         SNA CLA 
 854 01505 5312         JMP L01512
 855 01506 2010         ISZ P00010
 856 01507 2010         ISZ P00010
 857 01510 2010         ISZ P00010
 858 01511 5273         JMP L01473
 859 01512 1410 L01512, TAD I P00010
 860 01513 7041         CIA
 861 01514 1162         TAD P00162
 862 01515 7650         SNA CLA 
 863 01516 5322         JMP L01522
 864 01517 2010         ISZ P00010
 865 01520 2010         ISZ P00010
 866 01521 5273         JMP L01473
 867 01522 1410 L01522, TAD I P00010
 868 01523 7041         CIA
 869 01524 1163         TAD D00163
 870 01525 7650         SNA CLA 
 871 01526 5353         JMP L01553
 872 01527 2010         ISZ P00010
 873 01530 5273         JMP L01473
 874 01531 1010 L01531, TAD P00010
 875 01532 7141         CLL CIA
 876 01533 1131         TAD D00131
 877 01534 7630         SZL CLA 
 878 01535 5344         JMP L01544
 879 01536 2010         ISZ P00010
 880 01537 1010         TAD P00010
 881 01540 3173         DCA P00173
 882 01541 7001         IAC
 883 01542 4475         JMS I P00075
 884 01543 5667         JMP I P01467
 885 01544 7100 L01544, CLL 
 886 01545 1043         TAD D00043
 887 01546 1156         TAD D00156
 888 01547 3156         DCA D00156
 889 01550 2010         ISZ P00010
 890 01551 1010         TAD P00010
 891 01552 5667         JMP I P01467
 892 01553 1023 L01553, TAD P00023
 893 01554 1010         TAD P00010
 894 01555 7120         CLL CML 
 895 01556 5667         JMP I P01467
 896 01557 0000         AND P00000
 897 01560 0000         AND P00000
 898 01561 0000         AND P00000
 899 01562 0000         AND P00000
 900 01563 0000         AND P00000
 901 01564 0000         AND P00000
 902 01565 0000         AND P00000
 903 01566 0000         AND P00000
 904 01567 0000         AND P00000
 905 01570 0000         AND P00000
 906 01571 0000         AND P00000
 907 01572 0000         AND P00000
 908 01573 0000         AND P00000
 909 01574 0000         AND P00000
 910 01575 0000         AND P00000
 911 01576 0000         AND P00000
 912 01577 0000         AND P00000
 913            
 914                    *1600
 915 01600 7200 L01600, CLA 
 916 01601 1151         TAD D00151
 917 01602 7640         SZA CLA 
 918 01603 5220         JMP L01620
 919 01604 1130         TAD P00130
 920 01605 4450         JMS I P00050
 921 01606 1224         TAD D01624
 922 01607 4450         JMS I P00050
 923 01610 4450         JMS I P00050
 924 01611 1144         TAD D00144
 925 01612 4472         JMS I P00072
 926 01613 1160         TAD D00160
 927 01614 7402         HLT
 928 01615 7604         CLA OSR 
 929 01616 3160         DCA D00160
 930 01617 5623         JMP I P01623
 931 01620 1142 L01620, TAD P00142
 932 01621 3160         DCA D00160
 933 01622 5623         JMP I P01623
 934 01623 2255 P01623, L02255
 935 01624 1103 D01624, 1103
 936 01625 0424 D01625, 0424
 937 01626 2324 D01626, 2324
 938 01627 0000 S01627, 0000
 939 01630 3167         DCA P00167
 940 01631 1151         TAD D00151
 941 01632 7650         SNA CLA 
 942 01633 5237         JMP L01637
 943 01634 1167         TAD P00167
 944 01635 7700         SMA CLA 
 945 01636 5627         JMP I S01627
 946 01637 1142 L01637, TAD P00142
 947 01640 4447         JMS I P00047
 948 01641 1130         TAD P00130
 949 01642 4450         JMS I P00050
 950 01643 1167         TAD P00167
 951 01644 7440         SZA 
 952 01645 5250         JMP L01650
 953 01646 1225         TAD D01625
 954 01647 5255         JMP L01655
 955 01650 7700 L01650, SMA CLA 
 956 01651 5254         JMP L01654
 957 01652 1320         TAD D01720
 958 01653 5255         JMP L01655
 959 01654 1226 L01654, TAD D01626
 960 01655 4450 L01655, JMS I P00050
 961 01656 4450         JMS I P00050
 962 01657 1144         TAD D00144
 963 01660 4472         JMS I P00072
 964 01661 4450         JMS I P00050
 965 01662 1167         TAD P00167
 966 01663 7700         SMA CLA 
 967 01664 5270         JMP L01670
 968 01665 1145         TAD P00145
 969 01666 4472         JMS I P00072
 970 01667 5310         JMP L01710
 971 01670 1167 L01670, TAD P00167
 972 01671 7640         SZA CLA 
 973 01672 5316         JMP L01716
 974 01673 7240         CLA CMA 
 975 01674 1173         TAD P00173
 976 01675 3010         DCA P00010
 977 01676 1410         TAD I P00010
 978 01677 0135         AND P00135
 979 01700 4450         JMS I P00050
 980 01701 1410         TAD I P00010
 981 01702 4450         JMS I P00050
 982 01703 1410         TAD I P00010
 983 01704 4450         JMS I P00050
 984 01705 4450         JMS I P00050
 985 01706 1410         TAD I P00010
 986 01707 4472         JMS I P00072
 987 01710 7200 L01710, CLA 
 988 01711 1130         TAD P00130
 989 01712 4450         JMS I P00050
 990 01713 1142         TAD P00142
 991 01714 4447         JMS I P00047
 992 01715 5627         JMP I S01627
 993 01716 7402 L01716, HLT
 994 01717 5316         JMP L01716
 995 01720 1122 D01720, 1122
 996 01721 1250 P01721, L01250
 997 01722 3171         DCA D00171
 998 01723 1023         TAD P00023
 999 01724 3165 D01724, 3165
1000 01725 1171         TAD D00171
1001 01726 7012         RTR 
1002 01727 7012         RTR 
1003 01730 7012         RTR 
1004 01731 0126 L01731, AND D00126
1005 01732 7450         SNA 
1006 01733 5347         JMP L01747
1007 01734 1024         TAD P00024
1008 01735 7450         SNA 
1009 01736 5356         JMP L01756
1010 01737 1023         TAD P00023
1011 01740 7450         SNA 
1012 01741 5360         JMP L01760
1013 01742 1025         TAD D00025
1014 01743 7450         SNA 
1015 01744 5347         JMP L01747
1016 01745 7510         SPA 
1017 01746 1362         TAD D01762
1018 01747 1026 L01747, TAD D00026
1019 01750 4447 L01750, JMS I P00047
1020 01751 1171         TAD D00171
1021 01752 2165         ISZ D00165
1022 01753 5331         JMP L01731
1023 01754 7200         CLA 
1024 01755 5721         JMP I P01721
1025 01756 1027 L01756, TAD P00027
1026 01757 5350         JMP L01750
1027 01760 1030 L01760, TAD D00030
1028 01761 5350         JMP L01750
1029 01762 0100 D01762, 0100
1030 01763 0000         AND P00000
1031 01764 0000         AND P00000
1032 01765 0000         AND P00000
1033 01766 0000         AND P00000
1034 01767 0000         AND P00000
1035 01770 0000         AND P00000
1036 01771 0000         AND P00000
1037 01772 0000         AND P00000
1038 01773 0000         AND P00000
1039 01774 0000         AND P00000
1040 01775 0000         AND P00000
1041 01776 0000         AND P00000
1042 01777 0000         AND P00000
1043            
1044                    *2000
1045 02000 1216 P02000, L01216
1046 02001 7200         CLA 
1047 02002 3147         DCA D00147
1048 02003 7001         IAC
1049 02004 1054         TAD D00054
1050 02005 3350         DCA D02150
1051 02006 7240         CLA CMA 
1052 02007 3352         DCA D02152
1053 02010 7240         CLA CMA 
1054 02011 3353         DCA D02153
1055 02012 7240         CLA CMA 
1056 02013 3354         DCA D02154
1057 02014 1350 L02014, TAD D02150
1058 02015 7141         CLL CIA
1059 02016 1156 D02016, 1156
1060 02017 7620         SNL CLA 
1061 02020 5336         JMP L02136
1062 02021 1350         TAD D02150
1063 02022 3351         DCA P02151
1064 02023 1751         TAD I P02151
1065 02024 0135         AND P00135
1066 02025 7141         CLL CIA
1067 02026 1355         TAD D02155
1068 02027 7450         SNA 
1069 02030 5234         JMP L02034
1070 02031 7630         SZL CLA 
1071 02032 5332         JMP L02132
1072 02033 5256         JMP L02056
1073 02034 2351 L02034, ISZ P02151
1074 02035 1751         TAD I P02151
1075 02036 7141         CLL CIA
1076 02037 1356         TAD D02156
1077 02040 7450         SNA 
1078 02041 5245         JMP L02045
1079 02042 7630         SZL CLA 
1080 02043 5332         JMP L02132
1081 02044 5256         JMP L02056
1082 02045 2351 L02045, ISZ P02151
1083 02046 1751         TAD I P02151
1084 02047 7141         CLL CIA
1085 02050 1357         TAD D02157
1086 02051 7450         SNA 
1087 02052 5332         JMP L02132
1088 02053 7630         SZL CLA 
1089 02054 5332         JMP L02132
1090 02055 5256         JMP L02056
1091 02056 1350 L02056, TAD D02150
1092 02057 3351         DCA P02151
1093 02060 1751         TAD I P02151
1094 02061 0135         AND P00135
1095 02062 7141         CLL CIA
1096 02063 1352         TAD D02152
1097 02064 7450         SNA 
1098 02065 5310         JMP L02110
1099 02066 7620         SNL CLA 
1100 02067 5332         JMP L02132
1101 02070 5271         JMP L02071
1102 02071 2147 L02071, ISZ D00147
1103 02072 1350         TAD D02150
1104 02073 3351         DCA P02151
1105 02074 1350         TAD D02150
1106 02075 3145         DCA P00145
1107 02076 1751         TAD I P02151
1108 02077 0135         AND P00135
1109 02100 3352         DCA D02152
1110 02101 2351         ISZ P02151
1111 02102 1751         TAD I P02151
1112 02103 3353         DCA D02153
1113 02104 2351         ISZ P02151
1114 02105 1751         TAD I P02151
1115 02106 3354         DCA D02154
1116 02107 5332         JMP L02132
1117 02110 2351 L02110, ISZ P02151
1118 02111 1751         TAD I P02151
1119 02112 7141         CLL CIA
1120 02113 1353         TAD D02153
1121 02114 7450         SNA 
1122 02115 5321         JMP L02121
1123 02116 7620         SNL CLA 
1124 02117 5332         JMP L02132
1125 02120 5271         JMP L02071
1126 02121 2351 L02121, ISZ P02151
1127 02122 1751         TAD I P02151
1128 02123 7141         CLL CIA
1129 02124 1354         TAD D02154
1130 02125 7450         SNA 
1131 02126 5332         JMP L02132
1132 02127 7620         SNL CLA 
1133 02130 5332         JMP L02132
1134 02131 5271         JMP L02071
1135 02132 1350 L02132, TAD D02150
1136 02133 1043         TAD D00043
1137 02134 3350         DCA D02150
1138 02135 5214         JMP L02014
1139 02136 1353 L02136, TAD D02153
1140 02137 3356         DCA D02156
1141 02140 1352         TAD D02152
1142 02141 3355         DCA D02155
1143 02142 1354         TAD D02154
1144 02143 3357         DCA D02157
1145 02144 1147         TAD D00147
1146 02145 7640         SZA CLA 
1147 02146 2200         ISZ P02000
1148 02147 5600         JMP I P02000
1149 02150 3770 D02150, 3770
1150 02151 0000 P02151, P00000
1151 02152 7777 D02152, 7777
1152 02153 7777 D02153, 7777
1153 02154 7777 D02154, 7777
1154 02155 7777 D02155, 7777
1155 02156 7777 D02156, 7777
1156 02157 7777 D02157, 7777
1157 02160 0000         AND P00000
1158 02161 0000         AND P00000
1159 02162 0000         AND P00000
1160 02163 0000         AND P00000
1161 02164 0000         AND P00000
1162 02165 0000         AND P00000
1163 02166 0000         AND P00000
1164 02167 0000         AND P00000
1165 02170 0000 P02170, P00000
1166 02171 0000         AND P00000
1167 02172 0000         AND P00000
1168 02173 0000         AND P00000
1169 02174 0000         AND P00000
1170 02175 0000         AND P00000
1171 02176 0000         AND P00000
1172 02177 0000         AND P00000
1173            
1174                    *2200
1175 02200 7240 L02200, CLA CMA 
1176 02201 3155 P02201, D03155
1177 02202 4471 L02202, JMS I P00071
1178 02203 5452         JMP I P00052
1179 02204 7200 L02204, CLA 
1180 02205 3155         DCA P00155
1181 02206 5202         JMP L02202
1182 02207 1144 L02207, TAD D00144
1183 02210 3166         DCA P00166
1184 02211 4471         JMS I P00071
1185 02212 5452         JMP I P00052
1186 02213 7200 L02213, CLA 
1187 02214 3166         DCA P00166
1188 02215 1166 L02215, TAD P00166
1189 02216 7104         CLL RAL 
1190 02217 7104         CLL RAL 
1191 02220 7104         CLL RAL 
1192 02221 3166         DCA P00166
1193 02222 1160         TAD D00160
1194 02223 0127         AND D00127
1195 02224 1166         TAD P00166
1196 02225 3166         DCA P00166
1197 02226 4444         JMS I P00044
1198 02227 1160         TAD D00160
1199 02230 1112         TAD D00112
1200 02231 7650         SNA CLA 
1201 02232 5457         JMP I P00057
1202 02233 1160         TAD D00160
1203 02234 1113         TAD D00113
1204 02235 7650         SNA CLA 
1205 02236 5470         JMP I P00070
1206 02237 1160         TAD D00160
1207 02240 1114         TAD P00114
1208 02241 7650         SNA CLA 
1209 02242 5470         JMP I P00070
1210 02243 1160         TAD D00160
1211 02244 1120         TAD D00120
1212 02245 7650         SNA CLA 
1213 02246 5465         JMP I P00065
1214 02247 1160         TAD D00160
1215 02250 1121         TAD P00121
1216 02251 7650         SNA CLA 
1217 02252 5464         JMP I P00064
1218 02253 5215         JMP L02215
1219 02254 0716 P02254, L00716
1220 02255 7200 L02255, CLA 
1221 02256 1160         TAD D00160
1222 02257 1042         TAD D00042
1223 02260 7650 D02260, 7650
1224 02261 5654         JMP I P02254
1225 02262 1151         TAD D00151
1226 02263 7700         SMA CLA 
1227 02264 5267         JMP L02267
1228 02265 1160         TAD D00160
1229 02266 3413         DCA I P00013
1230 02267 1160 L02267, TAD D00160
1231 02270 1112         TAD D00112
1232 02271 7650         SNA CLA 
1233 02272 5340         JMP L02340
1234 02273 1176         TAD D00176
1235 02274 7650         SNA CLA 
1236 02275 5654         JMP I P02254
1237 02276 1160         TAD D00160
1238 02277 1040         TAD D00040
1239 02300 7650         SNA CLA 
1240 02301 5336         JMP L02336
1241 02302 1160         TAD D00160
1242 02303 1037         TAD D00037
1243 02304 7450         SNA 
1244 02305 5654         JMP I P02254
1245 02306 7710         SPA CLA 
1246 02307 5476         JMP I P00076
1247 02310 1160         TAD D00160
1248 02311 1032         TAD D00032
1249 02312 7650         SNA CLA 
1250 02313 5476         JMP I P00076
1251 02314 1160         TAD D00160
1252 02315 1033         TAD D00033
1253 02316 7650 P02316, D07650
1254 02317 5476         JMP I P00076
1255 02320 1160         TAD D00160
1256 02321 1034         TAD D00034
1257 02322 7650         SNA CLA 
1258 02323 5476         JMP I P00076
1259 02324 1160         TAD D00160
1260 02325 1035         TAD D00035
1261 02326 7650         SNA CLA 
1262 02327 5654         JMP I P02254
1263 02330 1160         TAD D00160
1264 02331 1036         TAD D00036
1265 02332 7650         SNA CLA 
1266 02333 5654         JMP I P02254
1267 02334 2254         ISZ P02254
1268 02335 5654         JMP I P02254
1269 02336 3176 L02336, DCA D00176
1270 02337 5654         JMP I P02254
1271 02340 0054 L02340, AND D00054
1272 02341 5254         JMP P02254
1273 02342 2352         ISZ D02352
1274 02343 5414 P02343, L05414
1275 02344 0004         AND P00004
1276 02345 7340         CLA CLL CMA 
1277 02346 1601         TAD I P02201
1278 02347 0151         AND D00151
1279 02350 3530 L02350, DCA I P00130
1280 02351 7040         CMA 
1281 02352 7006 D02352, 7006
1282 02353 7004         RAL 
1283 02354 3170         DCA P00170
1284 02355 1170         TAD P00170
1285 02356 7004         RAL 
1286 02357 0127         AND D00127
1287 02360 1365         TAD D02365
1288 02361 4447         JMS I P00047
1289 02362 2165         ISZ D00165
1290 02363 5350         JMP L02350
1291 02364 5743         JMP I P02343
1292 02365 0260 D02365, 0260
1293 02366 0000         AND P00000
1294 02367 0000         AND P00000
1295 02370 0000         AND P00000
1296 02371 0000         AND P00000
1297 02372 0000         AND P00000
1298 02373 0000         AND P00000
1299 02374 0000         AND P00000
1300 02375 0000         AND P00000
1301 02376 0000         AND P00000
1302 02377 0000         AND P00000
1303            
1304                    *2400
1305 02400 0000 S02400, 0000
1306 02401 1130         TAD P00130
1307 02402 4450         JMS I P00050
1308 02403 7240         CLA CMA 
1309 02404 3413         DCA I P00013
1310 02405 1147         TAD D00147
1311 02406 7640         SZA CLA 
1312 02407 5216         JMP L02416
1313 02410 1244         TAD D02444
1314 02411 3175         DCA D00175
1315 02412 4450 L02412, JMS I P00050
1316 02413 2175         ISZ D00175
1317 02414 5212         JMP L02412
1318 02415 5224         JMP L02424
1319 02416 1144 L02416, TAD D00144
1320 02417 4472         JMS I P00072
1321 02420 4450         JMS I P00050
1322 02421 1146         TAD D00146
1323 02422 4472         JMS I P00072
1324 02423 4450         JMS I P00050
1325 02424 1140 L02424, TAD D00140
1326 02425 3013         DCA P00013
1327 02426 1413 L02426, TAD I P00013
1328 02427 1035         TAD D00035
1329 02430 7450         SNA 
1330 02431 5226         JMP L02426
1331 02432 1021         TAD D00021
1332 02433 7450         SNA 
1333 02434 5226         JMP L02426
1334 02435 1030         TAD D00030
1335 02436 7510         SPA 
1336 02437 5242         JMP L02442
1337 02440 4447         JMS I P00047
1338 02441 5226         JMP L02426
1339 02442 7200 L02442, CLA 
1340 02443 5600         JMP I S02400
1341 02444 7772 D02444, 7772
1342 02445 0000 L02445, AND P00000
1343 02446 7200         CLA 
1344 02447 1130         TAD P00130
1345 02450 4450         JMS I P00050
1346 02451 1266         TAD D02466
1347 02452 4450         JMS I P00050
1348 02453 4450         JMS I P00050
1349 02454 1144         TAD D00144
1350 02455 4472         JMS I P00072
1351 02456 4444 L02456, JMS I P00044
1352 02457 7200         CLA 
1353 02460 1160         TAD D00160
1354 02461 1112         TAD D00112
1355 02462 7640         SZA CLA 
1356 02463 5256         JMP L02456
1357 02464 3146         DCA D00146
1358 02465 5504         JMP I P00104
1359 02466 1123 D02466, 1123
1360 02467 0000 S02467, 0000
1361 02470 3276         DCA D02476
1362 02471 1173         TAD P00173
1363 02472 7040         CMA 
1364 02473 0276         AND D02476
1365 02474 1173         TAD P00173
1366 02475 5667         JMP I S02467
1367 02476 0000 D02476, 0000
1368 02477 0000         AND P00000
1369            D02501=2501
1370            D03155=3155
1371            D03274=3274
1372            D03275=3275
1373            D03276=3276
1374            P03400=3400
1375            P03411=3411
1376            D03415=3415
1377            P03417=3417
1378            
1379                    *3500
1380 03500 0611 D03500, 0611
1381 03501 0514         AND I P00114
1382 03502 0400         AND I P00000
1383 03503 1451         TAD I P00051
1384 03504 0530         AND I P00130
1385 03505 2025         ISZ D00025
1386 03506 1600         TAD I P03400
1387 03507 1431         TAD I P00031
1388 03510 0611         AND I P03411
1389 03511 3015         DCA D00015
1390 03512 2211         ISZ P03411
1391 03513 1400         TAD I P00000
1392 03514 2001 D03514, 2001
1393 03515 2523         ISZ I P00123
1394 03516 0500         AND I P00100
1395 03517 1423         TAD I P00023
1396 03520 0611 P03520, D00611
1397 03521 3024         DCA P00024
1398 03522 0102         AND P00102
1399 03523 1414         TAD I P00014
1400 03524 0116         AND D00116
1401 03525 0400         AND I P00000
1402 03526 0000         AND P00000
1403 03527 0000         AND P00000
1404 03530 2401         ISZ I P00001
1405 03531 0400         AND I P00000
1406 03532 0000         AND P00000
1407 03533 1000         TAD P00000
1408 03534 1123         TAD P00123
1409 03535 3200         DCA P03400
1410 03536 0000         AND P00000
1411 03537 2000         ISZ P00000
1412 03540 0403         AND I P00003
1413 03541 0100         AND P00100
1414 03542 0000         AND P00000
1415 03543 3000         DCA P00000
1416 03544 1215         TAD D03415
1417 03545 2300         ISZ D03500
1418 03546 0000         AND P00000
1419 03547 4000         JMS P00000
1420 03550 1215         TAD D03415
1421 03551 2000         ISZ P00000
1422 03552 0000         AND P00000
1423 03553 5000         JMP P00000
1424 03554 1117         TAD P00117
1425 03555 2400         ISZ I P00000
1426 03556 0000         AND P00000
1427 03557 6000         IOT
1428 03560 1720         TAD I P03520
1429 03561 2200         ISZ P03400
1430 03562 0000         AND P00000
1431 03563 7000         NOP
1432 03564 1617         TAD I P03417
1433 03565 2000         ISZ P00000
1434 03566 0000         AND P00000
1435 03567 7000         NOP
1436 03570 0314         AND D03514
1437 03571 0100         AND P00100
1438 03572 0000         AND P00000
1439 03573 7200         CLA 
1440 03574 0314         AND D03514
1441 03575 1400         TAD I P00000
1442 03576 0000         AND P00000
1443 03577 7100         CLL 
1444            
1445                    *3600
1446 03600 0315 P03600, D00315
1447 03601 0100 D03601, 0100
1448 03602 0000         AND P00000
1449 03603 7040         CMA 
1450 03604 0315         AND D03715
1451 03605 1400         TAD I P00000
1452 03606 0000         AND P00000
1453 03607 7020         CML 
1454 03610 2201         ISZ D03601
1455 03611 2200         ISZ P03600
1456 03612 0000         AND P00000
1457 03613 7010         RAR 
1458 03614 2201         ISZ D03601
1459 03615 1400         TAD I P00000
1460 03616 0000         AND P00000
1461 03617 7004         RAL 
1462 03620 2224         ISZ D03624
1463 03621 2200         ISZ P03600
1464 03622 0000         AND P00000
1465 03623 7012         RTR 
1466 03624 2224 D03624, 2224
1467 03625 1400         TAD I P00000
1468 03626 0000         AND P00000
1469 03627 7006         RTL 
1470 03630 1101         TAD P00101
1471 03631 0300         AND D03700
1472 03632 0000         AND P00000
1473 03633 7001         IAC
1474 03634 2315         ISZ D03715
1475 03635 0100         AND P00100
1476 03636 0000         AND P00000
1477 03637 7500         SMA 
1478 03640 2332         ISZ D03732
1479 03641 0100         AND P00100
1480 03642 0000         AND P00000
1481 03643 7440         SZA 
1482 03644 2320         ISZ D03720
1483 03645 0100         AND P00100
1484 03646 0000         AND P00000
1485 03647 7510         SPA 
1486 03650 2316         ISZ D03716
1487 03651 0100         AND P00100
1488 03652 0000         AND P00000
1489 03653 7450         SNA 
1490 03654 2316         ISZ D03716
1491 03655 1400         TAD I P00000
1492 03656 0000         AND P00000
1493 03657 7420         SNL 
1494 03660 2332         ISZ D03732
1495 03661 1400         TAD I P00000
1496 03662 0000         AND P00000
1497 03663 7430         SZL 
1498 03664 1723         TAD I P03723
1499 03665 2200         ISZ P03600
1500 03666 0000         AND P00000
1501 03667 7404         OSR 
1502 03670 1014         TAD P00014
1503 03671 2400         ISZ I P00000
1504 03672 0000         AND P00000
1505 03673 7402         HLT
1506 03674 1117         TAD P00117
1507 03675 1600         TAD I P03600
1508 03676 0000         AND P00000
1509 03677 6001         ION
1510 03700 1117 D03700, 1117
1511 03701 0600         AND I P03600
1512 03702 0000         AND P00000
1513 03703 6002 D03703, 6002
1514 03704 1323         TAD P03723
1515 03705 0600         AND I P03600
1516 03706 0000         AND P00000
1517 03707 6031         KSF 
1518 03710 1303         TAD D03703
1519 03711 0300 D03711, 0300
1520 03712 0000         AND P00000
1521 03713 6032 D03713, 6032
1522 03714 1322 P03714, D01322
1523 03715 2300 D03715, 2300
1524 03716 0000 D03716, 0000
1525 03717 6034         KRS
1526 03720 1322 D03720, 1322
1527 03721 0200         AND P03600
1528 03722 0000 D03722, 0000
1529 03723 6036 P03723, D06036
1530 03724 2423 D03724, 2423
1531 03725 0600         AND I P03600
1532 03726 0000         AND P00000
1533 03727 6041         TSF 
1534 03730 2403         ISZ I P00003
1535 03731 0600         AND I P03600
1536 03732 0000 D03732, 0000
1537 03733 6042         TCF
1538 03734 2420         ISZ I P00020
1539 03735 0300         AND D03700
1540 03736 0000         AND P00000
1541 03737 6044         TPC
1542 03740 2414         ISZ I P00014
1543 03741 2300         ISZ D03700
1544 03742 0000         AND P00000
1545 03743 6046         TLS
1546 03744 0311         AND D03711
1547 03745 0100         AND P00100
1548 03746 0000         AND P00000
1549 03747 7041         CIA
1550 03750 1401         TAD I P00001
1551 03751 2300         ISZ D03700
1552 03752 0000         AND P00000
1553 03753 7604         CLA OSR 
1554 03754 2324         ISZ D03724
1555 03755 1400         TAD I P00000
1556 03756 0000         AND P00000
1557 03757 7120         CLL CML 
1558 03760 0714         AND I P03714
1559 03761 1300         TAD D03700
1560 03762 0000         AND P00000
1561 03763 7204         CLA RAL 
1562 03764 2313         ISZ D03713
1563 03765 2000         ISZ P00000
1564 03766 0000         AND P00000
1565 03767 7410 D03767, 7410
1566            D03777=3777
1567            D04451=4451
1568            D04543=4543
1569            D04600=4600
1570            L05414=5414
1571            D06036=6036
1572            D06700=6700
1573            D07503=7503
1574            D07522=7522
1575            D07523=7523
1576            D07567=7567
1577            D07650=7650
1578            D07735=7735
1579            D07774=7774
1580            D07776=7776
1581            D07777=7777
1582            $
