   1            
   2            
   3                    FIELD   0
   4            
   5                    *0000
   6 00000 6046 S00000, 6046
   7 00001 6032 L00001, KCC
   8 00002 3177 L00002, DCA D00177
   9 00003 3133         DCA D00133
  10 00004 3176 L00004, DCA D00176
  11 00005 1133         TAD D00133
  12 00006 7106         CLL RTL 
  13 00007 7004 D00007, 7004
  14 00010 1175         TAD D00175
  15 00011 3012         DCA D00012
  16 00012 6201 D00012, 6201
  17 00013 1177         TAD D00177
  18 00014 7110         CLL RAR 
  19 00015 1176 D00015, 1176
  20 00016 6031 L00016, KSF 
  21 00017 5016         JMP L00016
  22 00020 6036         KRB
  23 00021 4150         JMS S00150
  24 00022 6224         RIF
  25 00023 1175         TAD D00175
  26 00024 3025         DCA D00025
  27 00025 6201 D00025, 6201
  28 00026 6036         KRB
  29 00027 1163         TAD D00163
  30 00030 7450         SNA 
  31 00031 5067         JMP L00067
  32 00032 1165         TAD D00165
  33 00033 7450         SNA 
  34 00034 5112         JMP L00112
  35 00035 1165         TAD D00165
  36 00036 7450         SNA 
  37 00037 5070         JMP L00070
  38 00040 1167         TAD D00167
  39 00041 7450         SNA 
  40 00042 5104         JMP L00104
  41 00043 1165         TAD D00165
  42 00044 7510         SPA 
  43 00045 5135         JMP L00135
  44 00046 1164         TAD D00164
  45 00047 7700         SMA CLA 
  46 00050 5135 D00050, 5135
  47 00051 1176         TAD D00176
  48 00052 7106         CLL RTL 
  49 00053 7006         RTL 
  50 00054 0166         AND D00166
  51 00055 3133         DCA D00133
  52 00056 1176         TAD D00176
  53 00057 7104         CLL RAL 
  54 00060 7104         CLL RAL 
  55 00061 7104         CLL RAL 
  56 00062 3176         DCA D00176
  57 00063 6036         KRB
  58 00064 0166         AND D00166
  59 00065 1176         TAD D00176
  60 00066 5004         JMP L00004
  61 00067 1161 L00067, TAD D00161
  62 00070 3574 L00070, DCA I P00174
  63 00071 4143         JMS S00143
  64 00072 1176         TAD D00176
  65 00073 7041         CIA
  66 00074 7450         SNA 
  67 00075 1161         TAD D00161
  68 00076 3143         DCA S00143
  69 00077 1574 L00077, TAD I P00174
  70 00100 4572         JMS I P00172
  71 00101 2143         ISZ S00143
  72 00102 5077         JMP L00077
  73 00103 5134         JMP L00134
  74 00104 1133 L00104, TAD D00133
  75 00105 3131         DCA D00131
  76 00106 1176         TAD D00176
  77 00107 3132         DCA D00132
  78 00110 7001         IAC
  79 00111 5002         JMP L00002
  80 00112 1177 L00112, TAD D00177
  81 00113 7640         SZA CLA 
  82 00114 5121         JMP L00121
  83 00115 1133         TAD D00133
  84 00116 3131         DCA D00131
  85 00117 1176         TAD D00176
  86 00120 3132         DCA D00132
  87 00121 1131 L00121, TAD D00131
  88 00122 7041         CIA
  89 00123 1133         TAD D00133
  90 00124 7710         SPA CLA 
  91 00125 5135         JMP L00135
  92 00126 4143         JMS S00143
  93 00127 1176         TAD D00176
  94 00130 4573         JMS I P00173
  95 00131 0000 D00131, 0000
  96 00132 0000 D00132, 0000
  97 00133 0000 D00133, 0000
  98 00134 4143 L00134, JMS S00143
  99 00135 7200 L00135, CLA 
 100 00136 1171         TAD D00171
 101 00137 4150         JMS S00150
 102 00140 1170         TAD D00170
 103 00141 4150         JMS S00150
 104 00142 5001         JMP L00001
 105 00143 0000 S00143, 0000
 106 00144 7604         CLA OSR 
 107 00145 7710         SPA CLA 
 108 00146 7402         HLT
 109 00147 5543         JMP I S00143
 110 00150 0000 S00150, 0000
 111 00151 3143         DCA S00143
 112 00152 7604         CLA OSR 
 113 00153 7700         SMA CLA 
 114 00154 5550 D00154, 5550
 115 00155 1143         TAD S00143
 116 00156 6041 L00156, TSF 
 117 00157 5156         JMP L00156
 118 00160 6046         TLS
 119 00161 7600 D00161, 7600
 120 00162 5550         JMP I S00150
 121 00163 7464 D00163, 7464
 122 00164 7770 D00164, 7770
 123 00165 7774 D00165, 7774
 124 00166 0007 D00166, 0007
 125 00167 0050 D00167, 0050
 126 00170 0212 D00170, 0212
 127 00171 0215 D00171, 0215
 128 00172 0354 P00172, S00354
 129 00173 0200 P00173, S00200
 130 00174 0373 P00174, P00373
 131 00175 6201 D00175, 6201
 132 00176 0000 D00176, 0000
 133 00177 0000 D00177, 0000
 134            
 135                    *0200
 136 00200 0000 S00200, 0000
 137 00201 3372         DCA D00372
 138 00202 1600         TAD I S00200
 139 00203 3367         DCA D00367
 140 00204 2200         ISZ S00200
 141 00205 1600         TAD I S00200
 142 00206 3370         DCA D00370
 143 00207 2200         ISZ S00200
 144 00210 1600         TAD I S00200
 145 00211 0312         AND D00312
 146 00212 3371         DCA D00371
 147 00213 2200         ISZ S00200
 148 00214 1367 L00214, TAD D00367
 149 00215 7041         CIA
 150 00216 1371         TAD D00371
 151 00217 7440         SZA 
 152 00220 5230         JMP L00230
 153 00221 1370         TAD D00370
 154 00222 7161         CLL CML CIA
 155 00223 1372         TAD D00372
 156 00224 7630         SZL CLA 
 157 00225 5600         JMP I S00200
 158 00226 7240         CLA CMA 
 159 00227 5232         JMP L00232
 160 00230 7710 L00230, SPA CLA 
 161 00231 5600         JMP I S00200
 162 00232 3322 L00232, DCA S00322
 163 00233 1367         TAD D00367
 164 00234 7106         CLL RTL 
 165 00235 7004         RAL 
 166 00236 3374         DCA D00374
 167 00237 1374         TAD D00374
 168 00240 1366         TAD D00366
 169 00241 3242         DCA D00242
 170 00242 6201 D00242, 6201
 171 00243 1370         TAD D00370
 172 00244 3373         DCA P00373
 173 00245 1364         TAD D00364
 174 00246 3242         DCA D00242
 175 00247 1362 L00247, TAD D00362
 176 00250 4354         JMS S00354
 177 00251 2242         ISZ D00242
 178 00252 5247         JMP L00247
 179 00253 4354         JMS S00354
 180 00254 1374         TAD D00374
 181 00255 4354         JMS S00354
 182 00256 1373         TAD P00373
 183 00257 3375         DCA D00375
 184 00260 7101         CLL IAC
 185 00261 1372         TAD D00372
 186 00262 2322         ISZ S00322
 187 00263 7320         CLA CLL CML 
 188 00264 1377         TAD D00377
 189 00265 7061         CML CIA
 190 00266 1370         TAD D00370
 191 00267 7420         SNL 
 192 00270 7200         CLA 
 193 00271 1377         TAD D00377
 194 00272 4322         JMS S00322
 195 00273 1376         TAD D00376
 196 00274 7041         CIA
 197 00275 1370         TAD D00370
 198 00276 7450         SNA 
 199 00277 2367         ISZ D00367
 200 00300 3370         DCA D00370
 201 00301 1376         TAD D00376
 202 00302 7130         CLL CML RAR 
 203 00303 3242         DCA D00242
 204 00304 1773 L00304, TAD I P00373
 205 00305 3375         DCA D00375
 206 00306 2373         ISZ P00373
 207 00307 1773         TAD I P00373
 208 00310 4322         JMS S00322
 209 00311 2373         ISZ P00373
 210 00312 0007 D00312, 0007
 211 00313 2242         ISZ D00242
 212 00314 5304         JMP L00304
 213 00315 1374         TAD D00374
 214 00316 7040         CMA 
 215 00317 3375         DCA D00375
 216 00320 4322         JMS S00322
 217 00321 5214         JMP L00214
 218 00322 0000 S00322, 0000
 219 00323 3376         DCA D00376
 220 00324 1375         TAD D00375
 221 00325 7112         CLL RTR 
 222 00326 7012         RTR 
 223 00327 4354         JMS S00354
 224 00330 1375         TAD D00375
 225 00331 0365         AND D00365
 226 00332 3354         DCA S00354
 227 00333 1376         TAD D00376
 228 00334 0365         AND D00365
 229 00335 7112         CLL RTR 
 230 00336 7012         RTR 
 231 00337 1354         TAD S00354
 232 00340 4354         JMS S00354
 233 00341 1376         TAD D00376
 234 00342 4354         JMS S00354
 235 00343 1374         TAD D00374
 236 00344 1375         TAD D00375
 237 00345 7430         SZL 
 238 00346 7101         CLL IAC
 239 00347 1376         TAD D00376
 240 00350 7430         SZL 
 241 00351 7101         CLL IAC
 242 00352 3374         DCA D00374
 243 00353 5722         JMP I S00322
 244 00354 0000 S00354, 0000
 245 00355 6046         TLS
 246 00356 7300         CLA CLL 
 247 00357 1373         TAD P00373
 248 00360 6041 L00360, TSF 
 249 00361 5360         JMP L00360
 250 00362 7200 D00362, 7200
 251 00363 5754         JMP I S00354
 252 00364 7774 D00364, 7774
 253 00365 7417 D00365, 7417
 254 00366 6201 D00366, 6201
 255 00367 0000 D00367, 0000
 256 00370 0000 D00370, 0000
 257 00371 0000 D00371, 0000
 258 00372 0000 D00372, 0000
 259 00373 0000 P00373, S00000
 260 00374 0000 D00374, 0000
 261 00375 0000 D00375, 0000
 262 00376 0000 D00376, 0000
 263 00377 7600 D00377, 7600
 264            $
