   1            
   2            D07200=7200
   3            D07400=7400
   4            D07554=7554
   5            D07573=7573
   6            D10000=10000
   7            D10007=10007
   8            D10050=10050
   9            L10135=10135
  10            P10150=10150
  11            D10176=10176
  12            
  13                    FIELD   1
  14            
  15                    *7200
  16 17200 6046         TLS
  17 17201 6032 L17201, KCC
  18 17202 3377 L17202, DCA D17377
  19 17203 3333         DCA D17333
  20 17204 3376 L17204, DCA D17376
  21 17205 1333         TAD D17333
  22 17206 7106         CLL RTL 
  23 17207 7004         RAL 
  24 17210 1375         TAD D17375
  25 17211 3212         DCA D17212
  26 17212 6201 D17212, 6201
  27 17213 1377         TAD D17377
  28 17214 7110         CLL RAR 
  29 17215 1176 D17215, 1176
  30 17216 6031 L17216, KSF 
  31 17217 5216         JMP L17216
  32 17220 6036         KRB
  33 17221 4350         JMS S17350
  34 17222 6224         6224
  35 17223 1375         TAD D17375
  36 17224 3225         DCA D17225
  37 17225 6201 D17225, 6201
  38 17226 6036         KRB
  39 17227 1363         TAD D17363
  40 17230 7450         SNA 
  41 17231 5267         JMP L17267
  42 17232 1365         TAD D17365
  43 17233 7450         SNA 
  44 17234 5312         JMP L17312
  45 17235 1365         TAD D17365
  46 17236 7450         SNA 
  47 17237 5270         JMP L17270
  48 17240 1367         TAD D17367
  49 17241 7450         SNA 
  50 17242 5304         JMP L17304
  51 17243 1365         TAD D17365
  52 17244 7510         SPA 
  53 17245 5335         JMP L17335
  54 17246 1364         TAD D17364
  55 17247 7700         SMA CLA 
  56 17250 5135         JMP L10135
  57 17251 1376         TAD D17376
  58 17252 7106         CLL RTL 
  59 17253 7006         RTL 
  60 17254 0366         AND D17366
  61 17255 3333         DCA D17333
  62 17256 1376         TAD D17376
  63 17257 7104         CLL RAL 
  64 17260 7104         CLL RAL 
  65 17261 7104         CLL RAL 
  66 17262 3376         DCA D17376
  67 17263 6036         KRB
  68 17264 0366         AND D17366
  69 17265 1376         TAD D17376
  70 17266 5204         JMP L17204
  71 17267 1361 L17267, TAD D17361
  72 17270 3774 L17270, DCA I P17374
  73 17271 4343         JMS S17343
  74 17272 1376         TAD D17376
  75 17273 7041         CIA
  76 17274 7450         SNA 
  77 17275 1361         TAD D17361
  78 17276 3343         DCA S17343
  79 17277 1774 L17277, TAD I P17374
  80 17300 4772         JMS I P17372
  81 17301 2343         ISZ S17343
  82 17302 5277         JMP L17277
  83 17303 5334         JMP L17334
  84 17304 1333 L17304, TAD D17333
  85 17305 3331         DCA D17331
  86 17306 1376         TAD D17376
  87 17307 3332         DCA D17332
  88 17310 7001         IAC
  89 17311 5202         JMP L17202
  90 17312 1377 L17312, TAD D17377
  91 17313 7640         SZA CLA 
  92 17314 5321         JMP L17321
  93 17315 1333         TAD D17333
  94 17316 3331         DCA D17331
  95 17317 1376         TAD D17376
  96 17320 3332         DCA D17332
  97 17321 1331 L17321, TAD D17331
  98 17322 7041         CIA
  99 17323 1333         TAD D17333
 100 17324 7710         SPA CLA 
 101 17325 5335         JMP L17335
 102 17326 4343         JMS S17343
 103 17327 1376         TAD D17376
 104 17330 4773         JMS I P17373
 105 17331 0000 D17331, 0000
 106 17332 0000 D17332, 0000
 107 17333 0000 D17333, 0000
 108 17334 4343 L17334, JMS S17343
 109 17335 7200 L17335, CLA 
 110 17336 1371         TAD D17371
 111 17337 4350         JMS S17350
 112 17340 1370         TAD D17370
 113 17341 4350         JMS S17350
 114 17342 5201         JMP L17201
 115 17343 0000 S17343, 0000
 116 17344 7604         CLA OSR 
 117 17345 7710         SPA CLA 
 118 17346 7402         HLT
 119 17347 5743         JMP I S17343
 120 17350 0000 S17350, 0000
 121 17351 3343         DCA S17343
 122 17352 7604         CLA OSR 
 123 17353 7700         SMA CLA 
 124 17354 5550         JMP I P10150
 125 17355 1343         TAD S17343
 126 17356 6041 L17356, TSF 
 127 17357 5356         JMP L17356
 128 17360 6046         TLS
 129 17361 7600 D17361, 7600
 130 17362 5750         JMP I S17350
 131 17363 7464 D17363, 7464
 132 17364 7770 D17364, 7770
 133 17365 7774 D17365, 7774
 134 17366 0007 D17366, 0007
 135 17367 0050 D17367, 0050
 136 17370 0212 D17370, 0212
 137 17371 0215 D17371, 0215
 138 17372 7554 P17372, D07554
 139 17373 7400 P17373, D07400
 140 17374 7573 P17374, D07573
 141 17375 6201 D17375, 6201
 142 17376 0000 D17376, 0000
 143 17377 0000 D17377, 0000
 144            
 145                    *7400
 146 17400 0000 P17400, 0000
 147 17401 3372         DCA D17572
 148 17402 1600         TAD I P17400
 149 17403 3367         DCA D17567
 150 17404 2200         ISZ P17400
 151 17405 1600         TAD I P17400
 152 17406 3370         DCA D17570
 153 17407 2200         ISZ P17400
 154 17410 1600         TAD I P17400
 155 17411 0312         AND D17512
 156 17412 3371         DCA D17571
 157 17413 2200         ISZ P17400
 158 17414 1367 L17414, TAD D17567
 159 17415 7041         CIA
 160 17416 1371         TAD D17571
 161 17417 7440         SZA 
 162 17420 5230         JMP L17430
 163 17421 1370         TAD D17570
 164 17422 7161         CLL CML CIA
 165 17423 1372         TAD D17572
 166 17424 7630         SZL CLA 
 167 17425 5600         JMP I P17400
 168 17426 7240         CLA CMA 
 169 17427 5232         JMP L17432
 170 17430 7710 L17430, SPA CLA 
 171 17431 5600         JMP I P17400
 172 17432 3322 L17432, DCA S17522
 173 17433 1367         TAD D17567
 174 17434 7106         CLL RTL 
 175 17435 7004         RAL 
 176 17436 3374         DCA D17574
 177 17437 1374         TAD D17574
 178 17440 1366         TAD D17566
 179 17441 3242         DCA D17442
 180 17442 6201 D17442, 6201
 181 17443 1370         TAD D17570
 182 17444 3373         DCA P17573
 183 17445 1364         TAD D17564
 184 17446 3242         DCA D17442
 185 17447 1362 L17447, TAD D17562
 186 17450 4354         JMS S17554
 187 17451 2242         ISZ D17442
 188 17452 5247         JMP L17447
 189 17453 4354         JMS S17554
 190 17454 1374         TAD D17574
 191 17455 4354         JMS S17554
 192 17456 1373         TAD P17573
 193 17457 3375         DCA D17575
 194 17460 7101         CLL IAC
 195 17461 1372         TAD D17572
 196 17462 2322         ISZ S17522
 197 17463 7320         CLA CLL CML 
 198 17464 1377         TAD D17577
 199 17465 7061         CML CIA
 200 17466 1370         TAD D17570
 201 17467 7420         SNL 
 202 17470 7200         CLA 
 203 17471 1377         TAD D17577
 204 17472 4322         JMS S17522
 205 17473 1376         TAD D17576
 206 17474 7041         CIA
 207 17475 1370         TAD D17570
 208 17476 7450         SNA 
 209 17477 2367         ISZ D17567
 210 17500 3370         DCA D17570
 211 17501 1376         TAD D17576
 212 17502 7130         CLL CML RAR 
 213 17503 3242         DCA D17442
 214 17504 1773 L17504, TAD I P17573
 215 17505 3375         DCA D17575
 216 17506 2373         ISZ P17573
 217 17507 1773         TAD I P17573
 218 17510 4322         JMS S17522
 219 17511 2373         ISZ P17573
 220 17512 0007 D17512, 0007
 221 17513 2242         ISZ D17442
 222 17514 5304         JMP L17504
 223 17515 1374         TAD D17574
 224 17516 7040         CMA 
 225 17517 3375         DCA D17575
 226 17520 4322         JMS S17522
 227 17521 5214         JMP L17414
 228 17522 0000 S17522, 0000
 229 17523 3376         DCA D17576
 230 17524 1375         TAD D17575
 231 17525 7112         CLL RTR 
 232 17526 7012         RTR 
 233 17527 4354         JMS S17554
 234 17530 1375         TAD D17575
 235 17531 0365         AND D17565
 236 17532 3354         DCA S17554
 237 17533 1376         TAD D17576
 238 17534 0365         AND D17565
 239 17535 7112         CLL RTR 
 240 17536 7012         RTR 
 241 17537 1354         TAD S17554
 242 17540 4354         JMS S17554
 243 17541 1376         TAD D17576
 244 17542 4354         JMS S17554
 245 17543 1374         TAD D17574
 246 17544 1375         TAD D17575
 247 17545 7430         SZL 
 248 17546 7101         CLL IAC
 249 17547 1376         TAD D17576
 250 17550 7430         SZL 
 251 17551 7101         CLL IAC
 252 17552 3374         DCA D17574
 253 17553 5722         JMP I S17522
 254 17554 0000 S17554, 0000
 255 17555 6046         TLS
 256 17556 7300         CLA CLL 
 257 17557 1373         TAD P17573
 258 17560 6041 L17560, TSF 
 259 17561 5360         JMP L17560
 260 17562 7200 D17562, 7200
 261 17563 5754         JMP I S17554
 262 17564 7774 D17564, 7774
 263 17565 7417 D17565, 7417
 264 17566 6201 D17566, 6201
 265 17567 0000 D17567, 0000
 266 17570 0000 D17570, 0000
 267 17571 0000 D17571, 0000
 268 17572 0000 D17572, 0000
 269 17573 7200 P17573, D07200
 270 17574 0000 D17574, 0000
 271 17575 0000 D17575, 0000
 272 17576 0000 D17576, 0000
 273 17577 7600 D17577, 7600
 274            $
