   1               /16     BOOT    -       OS/8 V3D        
   2               /
   3               /
   4               /
   5               /
   6               /
   7               /
   8               /
   9               /
  10               /
  11               /COPYRIGHT  (C)  1974,1975,1977 BY DIGITAL EQUIPMENT CORPORATION
  12               /
  13               /
  14               /
  15               /
  16               /
  17               /
  18               /
  19               /
  20               /
  21               /
  22               /THE INFORMATION IN THIS DOCUMENT IS SUBJECT TO CHANGE WITHOUT NOTICE
  23               /AND SHOULD NOT BE CONSTRUED AS A COMMITMENT BY DIGITAL EQUIPMENT
  24               /CORPORATION.  DIGITAL EQUIPMENT CORPORATION ASSUMES NO RESPONSIBILITY
  25               /FOR ANY ERRORS THAT MAY APPEAR IN THIS DOCUMENT.
  26               /
  27               /THE SOFTWARE DESCRIBED IN THIS DOCUMENT IS FURNISHED TO THE PURCHASER
  28               /UNDER A LICENSE FOR USE ON A SINGLE COMPUTER SYSTEM AND CAN BE COPIED
  29               /(WITH INCLUSION OF DIGITAL'S COPYRIGHT NOTICE) ONLY FOR USE IN SUCH
  30               /SYSTEM, EXCEPT AS MAY OTHERWISE BE PROVIDED IN WRITING BY DIGITAL.
  31               /
  32               /DIGITAL EQUIPMENT CORPORATION ASSUMES NO RESPONSIBILITY FOR THE USE
  33               /OR RELIABILITY OF ITS SOFTWARE ON EQUIPMENT THAT IS NOT SUPPLIED BY
  34               /DIGITAL.
  35               /
  36               /
  37               /
  38               /
  39               /
  40               /
  41               /
  42               /
  43               /
  44               /
  45                      /SR
  46               
  47               /FIXES MADE FOR MAINTENANCE RELEASE:
  48               
  49               /1.     ADDED RX01 (FLOPPY BOOTSTRAP)
  50               /2.     LEFT PATCH SPACE IN NAME TABLE
  51               
  52                       PTR=14
  53                       OLDLOC=15
  54                       NEWLOC=16
  55                       CDOIO=27
  56                       SCAN=17
  57               
  58                       *1
  59 000001  7402          HLT
  60 000002  5577          JMP I [7600
  61                       *100
  62               
  63 000100  0000  INNER,  0
  64 000101  7760  OUTR,   -20
  65 000102  0000  CODE,   0
  66 000103  0000  LENGTH, 0
  67                      *200
  68               
  69 000200  7200  START,  CLA             /ALLOW BEING CHAINED TO
  70 000201  1777          TAD I (7600
  71 000202  7710          SPA CLA
  72 000203  5311          JMP OS8IN
  73 000204  2100          ISZ INNER
  74 000205  5204          JMP .-1
  75 000206  2101          ISZ OUTR
  76 000207  5204          JMP .-3
  77 000210  4776          JMS I (TESTRK
  78 000211  1775  COSIN,  TAD I (7776
  79 000212  7041  COMN,   CIA
  80 000213  3102          DCA CODE
  81 000214  1374          TAD (TABLE-1
  82 000215  3014          DCA PTR
  83 000216  1414  LOOP,   TAD I PTR
  84 000217  7450          SNA
  85 000220  5256          JMP OS8
  86 000221  1102          TAD CODE
  87 000222  7640          SZA CLA
  88 000223  5252          JMP NXT
  89 000224  6002          IOF
  90 000225  7240          STA
  91 000226  1414          TAD I PTR
  92 000227  3015          DCA OLDLOC
  93 000230  7240          STA
  94 000231  1414          TAD I PTR
  95 000232  3016          DCA NEWLOC
  96 000233  1414          TAD I PTR
  97 000234  7041          CIA
  98 000235  3103          DCA LENGTH
  99 000236  1415          TAD I OLDLOC
 100 000237  3416          DCA I NEWLOC
 101 000240  2103          ISZ LENGTH
 102 000241  5236          JMP .-3
 103 000242  1414          TAD I PTR
 104 000243  3352          DCA TEMP
 105 000244  1251          TAD HLTSWT
 106 000245  7650          SNA CLA
 107 000246  7402          HLT
 108 000247  7100          CLL
 109 000250  5752          JMP I TEMP
 110 000251  0001  HLTSWT, 1
 111               
 112 000252  1014  NXT,    TAD PTR
 113 000253  1373          TAD (4
 114 000254  3014          DCA PTR
 115 000255  5216          JMP LOOP
 116 000256  1372  OS8,   TAD ("N
 117 000257  4771          JMS I (PUT
 118 000260  1370          TAD ("O
 119 000261  4771          JMS I (PUT
 120 000262  7201          CLA IAC
 121 000263  3251          DCA HLTSWT
 122 000264  4767  RETRY,  JMS I (CRLF
 123 000265  1366          TAD ("/
 124 000266  4771          JMS I (PUT
 125 000267  4765          JMS I (GET
 126 000270  7410          SKP
 127 000271  5264          JMP RETRY
 128 000272  7106          CLL RTL
 129 000273  7006          RTL
 130 000274  7006          RTL
 131 000275  3352          DCA TEMP
 132 000276  4765          JMS I (GET
 133 000277  7410          SKP
 134 000300  5264          JMP RETRY
 135 000301  1352          TAD TEMP
 136 000302  3352          DCA TEMP
 137 000303  4765          JMS I (GET
 138 000304  5303          JMP .-1
 139 000305  7200          CLA
 140 000306  4767          JMS I (CRLF
 141 000307  1352          TAD TEMP
 142 000310  5212          JMP COMN
 143 000311  1777  OS8IN, TAD I (7600
 144 000312  1364          TAD (-4207
 145 000313  7640          SZA CLA
 146 000314  5264          JMP RETRY
 147 000315  1763          TAD I (1000
 148 000316  1362          TAD (777
 149 000317  7650          SNA CLA
 150 000320  1361          TAD (600
 151 000321  1362          TAD (1000-1
 152 000322  3017          DCA SCAN
 153 000323  1417  SKAN,   TAD I SCAN
 154 000324  7450          SNA
 155 000325  5264          JMP RETRY
 156 000326  0360          AND (177
 157 000327  1357          TAD (-"/!7600
 158 000330  7640          SZA CLA
 159 000331  5323          JMP SKAN
 160 000332  1417          TAD I SCAN
 161 000333  0356          AND (77
 162 000334  7106          CLL RTL
 163 000335  7006          RTL
 164 000336  7006          RTL
 165 000337  3352          DCA TEMP
 166 000340  1417          TAD I SCAN
 167 000341  0356          AND (77
 168 000342  1352          TAD TEMP
 169 000343  3352          DCA TEMP
 170 000344  1417          TAD I SCAN
 171 000345  0360          AND (177
 172 000346  1355          TAD (-".!7600
 173 000347  3251          DCA HLTSWT
 174 000350  1352          TAD TEMP
 175 000351  5212          JMP COMN
 176               
 177 000352  0000  TEMP,   0
 178 000355  7722          PAGE
     000356  0077  
     000357  7721  
     000360  0177  
     000361  0600  
     000362  0777  
     000363  1000  
     000364  3571  
     000365  2477  
     000366  0257  
     000367  2461  
     000370  0317  
     000371  2471  
     000372  0316  
     000373  0004  
     000374  0377  
     000375  7776  
     000376  2523  
     000377  7600  
 179 000400  2403  TABLE, 2403    /TC
 180 000401  0552          DECTAP
 181 000402  7554          7554
 182 000403  0025          25
 183 000404  7554          7554
 184               
 185 000405  2213          2213    /RK
 186 000406  0576  RKADR,  RK8
 187 000407  0021          21
 188 000410  0011          11
 189 000411  0021          21
 190               
 191 000412  2404          2404    /TD
 192 000413  0620          TD8E
 193 000414  7277          7277
 194 000415  0034          34
 195 000416  7277          7277
 196               
 197 000417  1424          1424    /LT
 198 000420  0654          LINCTP
 199 000421  4400          4400
 200 000422  0007          7
 201 000423  4400          4400
 202               
 203 000424  2206          2206    /RF
 204 000425  0663          RF08
 205 000426  7746          7746
 206 000427  0007          7
 207 000430  7746          7746
 208               
 209 000431  2024          2024    /PT
 210 000432  2000          BINLDR
 211 000433  7626          7626
 212 000434  0152          152
 213 000435  7700          7700
 214               
 215 000436  3205          3205    /ZE
 216 000437  2152          ZERO
 217 000440  0004          4
 218 000441  0006          6
 219 000442  0004          4
 220               
 221 000443  2431          2431    /TY
 222 000444  2166          TYPSET
 223 000445  7730          7730
 224 000446  0042          42
 225 000447  7730          7730
 226               
 227 000450  0414          0414    /DL
 228 000451  2160          DIAL
 229 000452  4012          4012
 230 000453  0006          6
 231 000454  4012          4012
 232               
 233 000455  0301          0301    /CA
 234 000456  2261          CAS
 235 000457  4000          4000
 236 000460  0040          40
 237 000461  4000          4000
 238               
 239 000462  0415          0415    /DM
 240 000463  2243          DSKMON
 241 000464  0171          171
 242 000465  0016          16
 243 000466  0174          174
 244               
 245 000467  2605          2605    /VE
 246 000470  2233          VERS
 247 000471  2233          VERS
 248 000472  0001          1
 249 000473  2233          VERS
 250               
 251 000474  0424          0424    /DT
 252 000475  2424          TAPE
 253 000476  2424          TAPE
 254 000477  0001          1
 255 000500  2424          TAPE
 256               
 257 000501  0413          0413    /DK
 258 000502  2401          DISK
 259 000503  2401          DISK
 260 000504  0001          1
 261 000505  2401          DISK
 262               
 263 000506  2205          2205    /RE
 264 000507  0607          RK8E
 265 000510  0021          21
 266 000511  0011          11
 267 000512  0021          21
 268               
 269 000513  2523          2523    /US
 270 000514  0001          1
 271 000515  0001          1
 272 000516  0001          1
 273 000517  0264          RETRY
 274               
 275 000520  2230          2230    /RX
 276 000521  2321          RX01
 277 000522  0024          RX8E
 278 000523  0036          36
 279 000524  0033          RXSTRT
 280               
 281 000525  0000          ZBLOCK 4^5      /PATCH SPACE
     000526  0000  
     000527  0000  
     000530  0000  
     000531  0000  
     000532  0000  
     000533  0000  
     000534  0000  
     000535  0000  
     000536  0000  
     000537  0000  
     000540  0000  
     000541  0000  
     000542  0000  
     000543  0000  
     000544  0000  
     000545  0000  
     000546  0000  
     000547  0000  
     000550  0000  
 282               
 283 000551  0000          0
 284               
 285               /FORMAT:
 286               
 287               /SIXBIT OF 2-CHARACTER NAME
 288               /ADDRESS OF BOOTSTRAP CODE IN BOOT
 289               /ADDRESS WHERE BOOTSTRAP CODE IS TO BE MOVED TO
 290               /LENGTH OF BOOTSTRAP IN WORDS
 291               /STARTING ADDRESS OF BOOTSTRAP
 292 000552  7600  DECTAP,        7600
 293 000553  6774          6774
 294 000554  1374          1374
 295 000555  6766          6766
 296 000556  6771          6771
 297 000557  5360          5360
 298 000560  7240          7240
 299 000561  1354          1354
 300 000562  3773          3773
 301 000563  1354          1354
 302 000564  3772          3772
 303 000565  1375          1375
 304 000566  6766          6766
 305 000567  5376          5376
 306 000570  7754          7754
 307 000571  7755          7755
 308 000572  0600          0600
 309 000573  0220          0220
 310 000574  6771          6771
 311 000575  5376          5376
 312 000576  6732  RK8,   6732
 313 000577  6751          6751
 314 000600  6745          6745
 315 000601  5023          5023
 316 000602  6742          6742
 317 000603  6753          6753
 318 000604  6755          6755
 319 000605  6733          6733
 320 000606  5031          5031
 321               
 322 000607  7000  RK8E,   7000
 323 000610  7000          7000
 324 000611  7000          7000
 325 000612  7000          7000
 326 000613  7201          7201
 327 000614  6742          6742
 328 000615  6742          6742
 329 000616  6743          6743
 330 000617  5031          5031
 331 000620  6007  TD8E,  6007
 332 000621  1312          1312
 333 000622  4312          4312
 334 000623  4312          4312
 335 000624  6773          6773
 336 000625  5303          5303
 337 000626  6777          6777
 338 000627  3726          3726
 339 000630  2326          2326
 340 000631  5303          5303
 341 000632  5732          5732
 342 000633  2000          2000
 343 000634  1300          1300
 344 000635  6774          6774
 345 000636  6771          6771
 346 000637  5315          5315
 347 000640  6776          6776
 348 000641  0331          0331
 349 000642  1327          1327
 350 000643  7640          7640
 351 000644  5315          5315
 352 000645  2321          2321
 353 000646  5712          5712
 354 000647  7354          7354
 355 000650  7756          7756
 356 000651  7747          7747
 357 000652  0077          0077
 358 000653  7400          7400
 359 000654  6141  LINCTP,        6141
 360 000655  1020          1020
 361 000656  0020          0020
 362 000657  0004          0004
 363 000660  0700          0700
 364 000661  0000          0000
 365 000662  6020          6020
 366 000663  6643  RF08,  6643
 367 000664  6615          6615
 368 000665  7600          7600
 369 000666  6603          6603
 370 000667  6622          6622
 371 000670  5352          5352
 372 000671  5752          5752
 373               /      1000 IS OS/8 LINE BUUFFER
 374               /       1600 IS PS/8 LINE BUFFERE
 375               
 376                       *2000
 377               
 378 002000  0000  BINLDR, 0000
 379 002001  3212          3212
 380 002002  4260          4260
 381 002003  1300          1300
 382 002004  7750          7750
 383 002005  5237          5237
 384 002006  2212          2212
 385 002007  7040          7040
 386 002010  5227          5227
 387 002011  1212          1212
 388 002012  7640          7640
 389 002013  5230          5230
 390 002014  1214          1214
 391 002015  0274          0274
 392 002016  1341          1341
 393 002017  7510          7510
 394 002020  2226          2226
 395 002021  7750          7750
 396 002022  5626          5626
 397 002023  1214          1214
 398 002024  0256          0256
 399 002025  1257          1257
 400 002026  3213          3213
 401 002027  5230          5230
 402 002030  0070          0070
 403 002031  6201          6201
 404 002032  0000          0000
 405 002033  0000          0000
 406 002034  6031          6031
 407 002035  5262          5262
 408 002036  6036          6036
 409 002037  3214          3214
 410 002040  1214          1214
 411 002041  5660          5660
 412 002042  6011          6011
 413 002043  5270          5270
 414 002044  6016          6016
 415 002045  5265          5265
 416 002046  0300          0300
 417 002047  4343          4343
 418 002050  7041          7041
 419 002051  1215          1215
 420 002052  7402          7402
 421 002053  6032          6032
 422 002054  6014          6014
 423 002055  6214          6214
 424 002056  1257          1257
 425 002057  3213          3213
 426 002060  7604          7604
 427 002061  7700          7700
 428 002062  1353          1353
 429 002063  1352          1352
 430 002064  3261          3261
 431 002065  4226          4226
 432 002066  5313          5313
 433 002067  3215          3215
 434 002070  1213          1213
 435 002071  3336          3336
 436 002072  1214          1214
 437 002073  3376          3376
 438 002074  4260          4260
 439 002075  3355          3355
 440 002076  4226          4226
 441 002077  5275          5275
 442 002100  4343          4343
 443 002101  7420          7420
 444 002102  5336          5336
 445 002103  3216          3216
 446 002104  1376          1376
 447 002105  1355          1355
 448 002106  1215          1215
 449 002107  5315          5315
 450 002110  0000          0000
 451 002111  3616          3616
 452 002112  2216          2216
 453 002113  7600          7600
 454 002114  5332          5332
 455 002115  0000          0000
 456 002116  1376          1376
 457 002117  7106          7106
 458 002120  7006          7006
 459 002121  7006          7006
 460 002122  1355          1355
 461 002123  5743          5743
 462 002124  5262          5262
 463 002125  0006          0006
 464 002126  0000          0000
 465 002127  0000          0000
 466 002130  6014          6014
 467 002131  6011          6011
 468 002132  5357          5357
 469 002133  6016          6016
 470 002134  7106          7106
 471 002135  7006          7006
 472 002136  7510          7510
 473 002137  5374          5374
 474 002140  7006          7006
 475 002141  6011          6011
 476 002142  5367          5367
 477 002143  6016          6016
 478 002144  7420          7420
 479 002145  3776          3776
 480 002146  3376          3376
 481 002147  5357          5357
 482 002150  0000          0000
 483 002151  5301          5301
 484 002152  1005  ZERO,  1005
 485 002153  3410          3410
 486 002154  5004          5004
 487 002155  5404          5404
 488 002156  0011          0011
 489 002157  2010          2010
 490 002160  6141  DIAL,  6141
 491 002161  1020          1020
 492 002162  0020          0020
 493 002163  0004          0004
 494 002164  0701          0701
 495 002165  7300          7300
 496               /      7300
 497               /       6002
 498               /       6042
 499               /       6022
 500               /       6012
 501               /       6032
 502               /       6601
 503               /       6764
 504               /       1221
 505               /       3010
 506               /       1622
 507               /       2222
 508               /       7450
 509               /       5620
 510               /       3410
 511               /       5212
 512               /       7730
 513               /       7727
 514               /       0223
 515 002166  6774  TYPSET, 6774
 516 002167  1347          1347
 517 002170  4341          4341
 518 002171  7240          7240
 519 002172  1353          1353
 520 002173  3355          3355
 521 002174  1352          1352
 522 002175  4341          4341
 523 002176  5753          5753
 524 002177  7777          7777
 525 002200  6766          6766
 526 002201  3354          3354
 527 002202  6771          6771
 528 002203  5344          5344
 529 002204  5741          5741
 530 002205  4600          4600
 531 002206  7777          7777
 532 002207  7777          7777
 533 002210  4220          4220
 534 002211  7400          7400
 535 002212  7777          7777
 536 002213  7777          7777
 537 002214  7777          7777
 538 002215  6014          6014
 539 002216  6011          6011
 540 002217  5360          5360
 541 002220  7106          7106
 542 002221  6012          6012
 543 002222  7420          7420
 544 002223  5357          5357
 545 002224  5756          5756
 546 002225  4356          4356
 547 002226  3373          3373
 548 002227  4356          4356
 549 002230  0301  PTCLEV,        "A
 550 002231  0264  L3,     "4
 551 002232  0326  LV,     "V
 552 002233  1232  VERS,   TAD LV
 553 002234  4777          JMS I (PUT
 554 002235  1231          TAD L3
 555 002236  4777          JMS I (PUT
 556 002237  1230          TAD PTCLEV
 557 002240  4777          JMS I (PUT
 558 002241  5642          JMP I PRETRY
 559 002242  0264  PRETRY, RETRY
 560 002243  7577  DSKMON,        7577
 561 002244  7750          7750
 562 002245  7751          7751
 563 002246  1171          1171
 564 002247  3572          3572
 565 002250  1172          1172
 566 002251  3573          3573
 567 002252  6643          6643
 568 002253  6615          6615
 569 002254  6603          6603
 570 002255  6602          6602
 571 002256  5203          5203
 572 002257  5606          5606
 573 002260  7600          7600
 574 002261  1237  CAS,   1237
 575 002262  1206          1206
 576 002263  6704          6704
 577 002264  6706          6706
 578 002265  6703          6703
 579 002266  5204          5204
 580 002267  7264          7264
 581 002270  6702          6702
 582 002271  7610          7610
 583 002272  3211          3211
 584 002273  3636          3636
 585 002274  1205          1205
 586 002275  6704          6704
 587 002276  6706          6706
 588 002277  6701          6701
 589 002300  5216          5216
 590 002301  7002          7002
 591 002302  7430          7430
 592 002303  1636          1636
 593 002304  7022          7022
 594 002305  3636          3636
 595 002306  7420          7420
 596 002307  2236          2236
 597 002310  2235          2235
 598 002311  5215          5215
 599 002312  7346          7346
 600 002313  7002          7002
 601 002314  3235          3235
 602 002315  5201          5201
 603 002316  7737          7737
 604 002317  3557          3557
 605 002320  7730          7730
 606                      LCD=6751
 607                       SDN=6755
 608                       SER=6754
 609                       STR=6753
 610                       XDR=6752
 611               
 612               RX01,   RELOC 24
 613               
 614 000024* 7126  RX8E,   STL RTL
 615 000025* 1060          TAD     UNIT    /GET A READ COMMAND ON THE PROPER
 616 000026* 6751          LCD             /UNIT AND LOAD IT INTO THE COMMAND REGISTER
 617 000027* 7201          CLA IAC
 618 000030* 4053          JMS     LOAD    /READ SECTOR ONE
 619 000031* 4053          JMS     LOAD    /OF TRACK ONE.
 620 000032* 7104          CLL RAL         /SET AC = 2 AS FLAG SAYING WE READ TRACK 1
 621               
 622               RXSTRT,                 /** BOOTSTRAP START ADDR **
 623 000033* 6755  HANGGG, SDN             /DO A FIGURE-8 SKIP -
 624 000034* 5054          JMP     LOAD+1  /ONLY THE DONE FLAG WILL COME UP
 625 000035* 6754          SER             /ANY ERRORS?
 626 000036* 7450          SNA             /OR IS THIS THE INITIAL DUMMY WAIT?
 627 000037* 7610          SKP CLA         /IF EITHER ONE, TRY OTHER DRIVE
 628 000040* 5046          JMP     GOODRD  /IF ALL IS WELL, GO READ THE SECTOR BUFFER
 629 000041* 1060          TAD     UNIT    /COME HERE ON READ ERRORS -
 630 000042* 7041          CIA             /FLIP THE UNIT NUMBER
 631 000043* 1061          TAD     X6030   /IN "UNIT"
 632 000044* 3060          DCA     UNIT
 633 000045* 5024          JMP     RX8E
 634 000046* 6751  GOODRD, LCD             /LOAD THE EMPTY SECTOR BUFFER COMMAND ( A CONVENIENT 2)
 635 000047* 4053  LP,     JMS     LOAD    /GET A WORD FROM THE SECTOR BUFFER
 636 000050* 3002          DCA     2       /SECONDARY BOOT LOADS INTO LOCATIONS 2-51
 637 000051* 2050          ISZ     .-1     /BUMP STORE ADDRESS
 638 000052* 5047          JMP     LP
 639               
 640 000053* 0000  LOAD,   0
 641 000054* 6753          STR             /DO A FIGURE-8 LOOP WAITING FOR THE TRANSFER
 642 000055* 5033          JMP     HANGGG  /OR DONE FLAGS TO COME UP.
 643 000056* 6752          XDR             /TRANSFER FLAG CAME UP - TRANSFER A WORD
 644 000057* 5453          JMP I   LOAD
 645               
 646 000060* 7024  UNIT,   7024            /7004 = DRIVE 0,   7024 = DRIVE 1
 647 000061* 6030  X6030,  6030            /CONSTANT NEEDED TO FLIP UNIT - 7004+7024.
 648               
 649                       RELOC
 650 002377  2471          PAGE
 651 002400  2213  L2213, 2213
 652                       DIML=6615
 653 002401  7201  DISK,   CLA IAC
 654 002402  6615          DIML
 655 002403  7650          SNA CLA
 656 002404  5216          JMP GOTRF
 657 002405  1377          TAD (70
 658 002406  6732          6732
 659 002407  7650          SNA CLA
 660 002410  5221          JMP GOTRK8
 661 002411  7201          CLA IAC
 662 002412  6744          6744
 663 002413  7640          SZA CLA
 664 002414  5623          JMP I PRETR
 665 002415  7240          STA             /RE
 666 002416  1220  GOTRF,  TAD L2206       /RF
 667 002417  5657          JMP I PCOMN
 668 002420  2206  L2206,  2206
 669 002421  1200  GOTRK8, TAD L2213       /RK
 670 002422  5657          JMP I PCOMN
 671 002423  0264  PRETR,  RETRY
 672 002424  6141  TAPE,  6141            /LINC
 673 002425  0017          17              /COMPL AC
 674 002426  0002          2               /PDP
 675 002427  7001          IAC
 676 002430  7650          SNA CLA
 677 002431  5253          JMP GOTLTA
 678 002432  1377          TAD (70
 679 002433  6774          6774
 680 002434  7200          CLA
 681 002435  6772          6772
 682 002436  7000          NOP
 683 002437  1260          TAD M70
 684 002440  7650          SNA CLA
 685 002441  5251          JMP GOTTC
 686 002442  7330          STL CLA RAR
 687 002443  6774          6774
 688 002444  7200          CLA
 689 002445  6776          6776
 690 002446  7700          SMA CLA
 691 002447  5623          JMP I PRETR
 692 002450  7201  GOTTD,  CLA IAC
 693 002451  1256  GOTTC,  TAD L2403       /TC
 694 002452  5657          JMP I PCOMN
 695 002453  1255  GOTLTA, TAD L1424       /LT
 696 002454  5657          JMP I PCOMN
 697 002455  1424  L1424,  1424
 698 002456  2403  L2403,  2403
 699 002457  0212  PCOMN,  COMN
 700 002460  7710  M70,    -70
 701               /       0000
 702 002461  0000  CRLF,  0
 703 002462  1267          TAD L215
 704 002463  4271          JMS PUT
 705 002464  1270          TAD L212
 706 002465  4271          JMS PUT
 707 002466  5661          JMP I CRLF
 708               
 709 002467  0215  L215,   215
 710 002470  0212  L212,   212
 711               
 712 002471  0000  PUT,    0
 713 002472  6046          TLS
 714 002473  6041          TSF
 715 002474  5273          JMP .-1
 716 002475  7200          CLA
 717 002476  5671          JMP I PUT
 718               
 719 002477  0000  GET,    0
 720 002500  6031          KSF
 721 002501  5300          JMP .-1
 722 002502  6036          KRB
 723 002503  0376          AND (177
 724 002504  6046          TLS
 725 002505  6041          TSF
 726 002506  5305          JMP .-1
 727 002507  1375          TAD (-003
 728 002510  7450          SNA
 729 002511  5774          JMP I (7605
 730 002512  1373          TAD (003-177
 731 002513  7450          SNA
 732 002514  5772          JMP I (RETRY
 733 002515  1371          TAD (177-015
 734 002516  7450          SNA
 735 002517  2277          ISZ GET
 736 002520  1370          TAD (015
 737 002521  0367          AND (77
 738 002522  5677          JMP I GET
 739               
 740 002523  0000  TESTRK, 0
 741 002524  1377          TAD (70
 742 002525  6732          6732
 743 002526  7650          SNA CLA
 744 002527  5723          JMP I TESTRK
 745 002530  1366  RK05,   TAD (RK8E
 746 002531  3765          DCA I (RKADR
 747 002532  5723          JMP I TESTRK
 748               
 749 002565  0406          FIELD 0
     002566  0607  
     002567  0077  
     002570  0015  
     002571  0162  
     002572  0264  
     002573  7604  
     002574  7605  
     002575  7775  
     002576  0177  
     002577  0070  
     000177  7600  
 750                       *200
 751                       $

BINLDR  2000
CAS     2261
CDOIO   0027 unreferenced
CODE    0102
COMN    0212
COSIN   0211 unreferenced
CRLF    2461
DECTAP  0552
DIAL    2160
DIML    6615
DISK    2401
DSKMON  2243
GET     2477
GOODRD  0046
GOTLTA  2453
GOTRF   2416
GOTRK8  2421
GOTTC   2451
GOTTD   2450 unreferenced
HANGGG  0033
HLTSWT  0251
INNER   0100
L1424   2455
L212    2470
L215    2467
L2206   2420
L2213   2400
L2403   2456
L3      2231
LCD     6751
LENGTH  0103
LINCTP  0654
LOAD    0053
LOOP    0216
LP      0047
LV      2232
M70     2460
NEWLOC  0016
NXT     0252
OLDLOC  0015
OS8     0256
OS8IN   0311
OUTR    0101
PCOMN   2457
PRETR   2423
PRETRY  2242
PTCLEV  2230
PTR     0014
PUT     2471
RETRY   0264
RF08    0663
RK05    2530 unreferenced
RK8     0576
RK8E    0607
RKADR   0406
RX01    2321
RX8E    0024
RXSTRT  0033
SCAN    0017
SDN     6755
SER     6754
SKAN    0323
START   0200 unreferenced
STR     6753
TABLE   0400
TAPE    2424
TD8E    0620
TEMP    0352
TESTRK  2523
TYPSET  2166
UNIT    0060
VERS    2233
X6030   0061
XDR     6752
ZERO    2152
