   1               /SECONDARY BOOTSTRAP V5A
   2               /
   3               /
   4               /
   5               /
   6               /
   7               /
   8               /
   9               /
  10               /
  11               /COPYRIGHT  (C)  1973,1974 BY DIGITAL EQUIPMENT CORPORATION
  12               /
  13               /
  14               /
  15               /
  16               /
  17               /
  18               /
  19               /
  20               /
  21               /
  22               /THE INFORMATION IN THIS DOCUMENT IS SUBJECT TO CHANGE WITHOUT NOTICE
  23               /AND SHOULD NOT BE CONSTRUED AS A COMMITMENT BY DIGITAL EQUIPMENT
  24               /CORPORATION.  DIGITAL EQUIPMENT CORPORATION ASSUMES NO RESPONSIBILITY
  25               /FOR ANY ERRORS THAT MAY APPEAR IN THIS DOCUMENT.
  26               /
  27               /THE SOFTWARE DESCRIBED IN THIS DOCUMENT IS FURNISHED TO THE PURCHASER
  28               /UNDER A LICENSE FOR USE ON A SINGLE COMPUTER SYSTEM AND CAN BE COPIED
  29               /(WITH INCLUSION OF DIGITAL'S COPYRIGHT NOTICE) ONLY FOR USE IN SUCH
  30               /SYSTEM, EXCEPT AS MAY OTHERWISE BE PROVIDED IN WRITING BY DIGITAL.
  31               /
  32               /DIGITAL EQUIPMENT CORPORATION ASSUMES NO RESPONSIBILITY FOR THE USE
  33               /OR RELIABILITY OF ITS SOFTWARE ON EQUIPMENT THAT IS NOT SUPPLIED BY
  34               /DIGITAL.
  35               /
  36               /
  37               /
  38               /
  39               /
  40               /
  41               /
  42               /
  43               /
  44               /
  45               
  46               /       DEC-8E-OC2BA-A-LA
  47               /       COPYRIGHT 1972
  48               /       DIGITAL EQUIPMENT CORPORATION
  49               /       MAYNARD, MASS.  01754
  50               
  51               /       S.R.
  52               
  53                       VERSON= 5       /5= VERSION 5, ETC
  54                       SUBVER= 01      /01=A, ETC
  55               
  56                       BSW=7002
  57                       KSDR=6701
  58                       KSDF=6701
  59                       KSBF=6703
  60                       KLSA=6704
  61                       KGOA=6706
  62                       KRSB=6707
  63                       NOPUNCH
  64                       *3602
  65                       ENPUNCH
  66               
  67 003602  7240  BIN,    STA
  68 003603  3317          DCA GRKNT
  69 003604  1233  ITSFLD, TAD CDF0
  70 003605  3230          DCA FLD
  71 003606  3305  ITSORG, DCA ORG         /ASSUMES ORIGIN ALWAYS APPEARS
  72                                       /AFTER FIELD SETTING
  73 003607  7240  BINLDR, STA
  74 003610  3307          DCA ORGSW
  75 003611  4243          JMS GETBYT
  76 003612  7002  FOOL,   BSW
  77 003613  7112          CLL RTR
  78 003614  7430          SZL
  79 003615  5235          JMP SPEC        /BIT 4=1
  80 003616  7510          SPA             /BIT 4=0 (TWO WORD COMMAND)
  81 003617  2307          ISZ ORGSW       /IS ORIGIN
  82 003620  7000  N7000,  NOP
  83 003621  7004          RAL
  84 003622  7104          CLL RAL
  85 003623  3306          DCA TEM
  86 003624  4243          JMS GETBYT
  87 003625  1306          TAD TEM         /COMBINE
  88 003626  2307          ISZ ORGSW
  89 003627  5206          JMP ITSORG      /ORIGIN
  90 003630  7402  FLD,    HLT
  91 003631  3705          DCA I ORG
  92 003632  2305          ISZ ORG
  93 003633  6201  CDF0,   CDF 0
  94 003634  5207          JMP BINLDR
  95 003635  7500  SPEC,   SMA
  96 003636  5302          JMP     MON
  97 003637  7006          RTL
  98 003640  0220          AND N7000
  99 003641  7002          BSW
 100 003642  5204          JMP ITSFLD
 101 003643  0000  GETBYT,        0
 102 003644  2317          ISZ     GRKNT
 103 003645  5274          JMP     RDBYTE
 104 003646  1311          TAD     X260
 105 003647  6704          KLSA
 106 003650  6706          KGOA
 107 003651  6703          KSBF
 108 003652  5251          JMP     .-1
 109 003653  6707          KRSB
 110 003654  0320          AND     X7774
 111 003655  7640          SZA CLA
 112 003656  7402          HLT
 113 003657  2321          ISZ     FIRST
 114 003660  5265          JMP     NOTFST
 115 003661  4323          JMS RESET
 116 003662  1312          TAD     X270
 117 003663  7120          STL
 118 003664  5716          JMP I   X4002
 119 003665  1322  NOTFST, TAD     X7600
 120 003666  3317          DCA     GRKNT
 121 003667  1310          TAD     X200
 122 003670  6704          KLSA
 123 003671  6706          KGOA
 124 003672  6701          KSDF
 125 003673  5272          JMP     .-1
 126 003674  6706  RDBYTE, KGOA
 127 003675  6701          KSDF
 128 003676  5275          JMP     .-1
 129 003677  5643          JMP I   GETBYT
 130               
 131 003700  0000          ZBLOCK 3701-.   /LOCATION 3701 IS SKIPPED BY PRIMARY LOADER
 132               
 133               
 134                       NOPUNCH
 135 003701  0000          0
 136                       ENPUNCH
 137 003702  6213  MON,   CDF CIF 10
 138 003703  5704          JMP I   .+1
 139 003704  5200          5200
 140               
 141 003705  0000  ORG,    0
 142 003706  0000  TEM,    0
 143 003707  0000  ORGSW,  0
 144               
 145 003710  0200  X200,   200
 146 003711  0260  X260,   260
 147 003712  0270  X270,   270
 148 003713  7737  X7737,  7737
 149 003714  4035  XKNT,   4035
 150 003715  4036  XPTR,   4036
 151 003716  4002  X4002,  4002
 152 003717  0000  GRKNT,  0
 153 003720  7774  X7774,  7774
 154 003721  7777  FIRST,  -1
 155 003722  7600  X7600,  7600
 156 003723  0000  RESET,  0               /SET UP PRIMARY BOOTSTRAP FOR REUSE
 157 003724  1313          TAD     X7737
 158 003725  3714          DCA I   XKNT
 159 003726  3715          DCA I   XPTR
 160 003727  1332          TAD X3211       /A "DCA ." FOR LOCATION 4011
 161 003730  3733          DCA I X4011
 162 003731  5723          JMP I RESET
 163 003732  3211  X3211,  3211
 164 003733  4011  X4011,  4011
 165 003734  0000          ZBLOCK 4000-.
     003735  0000  
     003736  0000  
     003737  0000  
     003740  0000  
     003741  0000  
     003742  0000  
     003743  0000  
     003744  0000  
     003745  0000  
     003746  0000  
     003747  0000  
     003750  0000  
     003751  0000  
     003752  0000  
     003753  0000  
     003754  0000  
     003755  0000  
     003756  0000  
     003757  0000  
     003760  0000  
     003761  0000  
     003762  0000  
     003763  0000  
     003764  0000  
     003765  0000  
     003766  0000  
     003767  0000  
     003770  0000  
     003771  0000  
     003772  0000  
     003773  0000  
     003774  0000  
     003775  0000  
     003776  0000  
     003777  0000  
 166 004000  3602          BIN
 167 004001  5600          JMP I .-1       /MUST END IN OCTAL 00
 168                       $

BIN     3602
BINLDR  3607
BSW     7002
CDF0    3633
FIRST   3721
FLD     3630
FOOL    3612 unreferenced
GETBYT  3643
GRKNT   3717
ITSFLD  3604
ITSORG  3606
KGOA    6706
KLSA    6704
KRSB    6707
KSBF    6703
KSDF    6701
KSDR    6701 unreferenced
MON     3702
N7000   3620
NOTFST  3665
ORG     3705
ORGSW   3707
RDBYTE  3674
RESET   3723
SPEC    3635
SUBVER  0001 unreferenced
TEM     3706
VERSON  0005 unreferenced
X200    3710
X260    3711
X270    3712
X3211   3732
X4002   3716
X4011   3733
X7600   3722
X7737   3713
X7774   3720
XKNT    3714
XPTR    3715
