   1               /FOCAL-8 REPLACE
   2               /DEC-08-LFRRA-A-LA1
   3               
   4               /OCTOBER 1971                   RM/SM
   5               
   6               /COPYRIGHT 1971 DIGITAL EQUIPMENT CORPORATION
   7               /       MAYNARD, MASSACHUSETTS 01754
   8               
   9               /FOCAL IS A REGISTERED TRADEMARK OF
  10               /DIGITAL EQUIPMENT CORPORATION
  11               
  12               
  13               /ASSEMBLY INSTRUCTIONS:
  14               /.R PAL8 OR .R PAL10
  15               /*REPLACE,REPLACE_REPLACE
  16               
  17               
  18               NOPUNCH
  90               XLIST
  91               ENPUNCH
  92               /*****************************************************************
  93               *35
  94 000035  4617  BOTTOM, FEXP-1  /*********
  95               /****************************************************************
  96               NOPUNCH
 410               XLIST
 411               ENPUNCH
 412               *402
 413               /*******************************************************************
 414 000402  5000          ARTN    /FATN   -ARCTANGENT
 415 000403  4620          FEXP    /FEXP   -E^X
 416 000404  5040          FLOG    /FLOG   -LN(X)
 417 000405  5205          FSIN    /FSIN   -SINE
 418 000406  5200          FCOS    /FCOS   -COSINE
 419               /****************************************************************
 420               NOPUNCH
2379               XLIST
2380               ENPUNCH
2381               /**********************************************************************
2382               /FLOATING POINT PACKAGE - EXPONENTIAL
2383               
2384               GETSGN=TAD FLAC+1
2385               RETURN=JMP I EFUN3I
2386               
2387               *4600+20
2388               
2389 004620  1045  FEXP,   GETSGN                  /TAKE ABSOLUTE VALUE
2390 004621  7710          SPA CLA
2391 004622  4724          JMS I NEGP
2392 004623  3033          DCA T3          /C(SIGN)=-1 IF I X2<0
2393 004624  4407          FINT
2394 004625  4313          FMUL LG2E
2395 004626  6675          FPUT I X2
2396 004627  0000          FEXT
2397 004630  4453          JMS I INTEGER   /TAKE INTEGER PART
2398 004631  3325          DCA FLAG2       /SAVE LOW ORDER DATA
2399 004632  4407          FINT
2400 004633  7000          FNOR
2401 004634  6676          FPUT I XSQ2
2402 004635  0675          FGET I X2
2403 004636  2676          FSUB I XSQ2
2404 004637  6675          FPUT I X2
2405 004640  4675          FMUL I X2
2406 004641  6676          FPUT I XSQ2
2407 004642  1310          FADD DF
2408 004643  6326          FPUT TEMP
2409 004644  0305          FGET CF
2410 004645  3326          FDIV TEMP
2411 004646  2675          FSUB I X2
2412 004647  1277          FADD AF
2413 004650  6326          FPUT TEMP
2414 004651  0302          FGET BF
2415 004652  4676          FMUL I XSQ2
2416 004653  1326          FADD TEMP
2417 004654  6326          FPUT TEMP
2418 004655  0675          FGET I X2
2419 004656  3326          FDIV TEMP
2420 004657  4321          FMUL TWO
2421 004660  1316          FADD ONE
2422 004661  0000          FEXT
2423 004662  1325          TAD FLAG2
2424 004663  1044          TAD FLAC
2425 004664  3044          DCA FLAC
2426 004665  2033          ISZ T3
2427 004666  5536          RETURN
2428 004667  4407          FINT
2429 004670  6675          FPUT I X2
2430 004671  0316          FGET ONE
2431 004672  3675          FDIV I X2
2432 004673  0000          FEXT
2433 004674  5536          RETURN
2434               
2435               /CONSTANTS FOR FEXP
2436               
2437 004675  5322  X2,     X
2438 004676  5326  XSQ2,   XSQR
2439 004677  0004  AF,     0004
2440 004700  2372          2372
2441 004701  1402          1402
2442 004702  7774  BF,     7774
2443 004703  2157          2157
2444 004704  5157          5157
2445 004705  0012  CF,     0012
2446 004706  5454          5454
2447 004707  0343          0343
2448 004710  0007  DF,     0007
2449 004711  2566          2566
2450 004712  5341          5341
2451 004713  0001  LG2E,   0001
2452 004714  2705          2705
2453 004715  2435          2435
2454 004716  0001  ONE,    0001
2455 004717  2000          2000
2456 004720  0000          0000
2457 004721  0002  TWO,    0002
2458 004722  2000          2000
2459 004723  0000          0000
2460 004724  5163  NEGP,   FNEG
2461               
2462 004725  0000  FLAG2,  0
2463 004726  0000  TEMP,   0
2464 004727  0000          0
2465 004730  0000          0
2466 004731  0000          0
2467               
2468               
2469               
2470               /MAIN ALGORITHM FOR ARCTANGENT
2471               
2472 004732  4407  ARCALG, FINT
2473 004733  0675          FGET I X2
2474 004734  4675          FMUL I X2
2475 004735  6676          FPUT I XSQ2
2476 004736  4374          FMUL BET2
2477 004737  1371          FADD BET1
2478 004740  4676          FMUL I XSQ2
2479 004741  1366          FADD BETZ
2480 004742  6326          FPUT TEMP
2481 004743  0363          FGET ALF2
2482 004744  4676          FMUL I XSQ2
2483 004745  1360          FADD ALF1
2484 004746  4676          FMUL I XSQ2
2485 004747  1355          FADD ALFZ
2486 004750  4675          FMUL I X2
2487 004751  3326          FDIV TEMP
2488 004752  0000          FEXT
2489 004753  5754          JMP I .+1
2490 004754  5024          ARCRTN
2491               
2492               
2493               
2494               /CONSTANTS - FLOATING ARC TANGENT
2495 004755  0000  ALFZ,   0000
2496 004756  2437          2437
2497 004757  1643          1643
2498 004760  7777  ALF1,   7777
2499 004761  3304          3304
2500 004762  4434          4434
2501 004763  7773  ALF2,   7773
2502 004764  3306          3306
2503 004765  5454          5454
2504 004766  0000  BETZ,   0000
2505 004767  2437          2437
2506 004770  1646          1646
2507 004771  0000  BET1,   0000
2508 004772  2427          2427
2509 004773  2323          2323
2510 004774  7775  BET2,   7775
2511 004775  3427          3427
2512 004776  7052          7052
2513               
2514               
2515               
2516               /------------------------------------------------------------
2517               /------------------------------------------------------------
2518               /FLOATING POINT ARC TANGENT
2519               
2520               *5000
2521               
2522 005000  1045  ARTN,   GETSGN          /TAKE ABSOLUTE VALUE
2523 005001  7710          SPA CLA
2524 005002  4363          JMS FNEG
2525 005003  3033          DCA T3
2526 005004  4407          FINT
2527 005005  6635          FPUT I X1
2528 005006  2637          FSUB I CON1
2529 005007  0000          FEXT
2530 005010  1045          GETSGN
2531 005011  7710          SPA CLA
2532 005012  5221          JMP GO          /LESS THAN ONE
2533 005013  4407          FINT
2534 005014  0637          FGET I CON1
2535 005015  3635          FDIV I X1
2536 005016  6635          FPUT I X1
2537 005017  0000          FEXT
2538 005020  7240          CLA CMA
2539 005021  3362  GO,     DCA FLAG1       /SIGN FLAG OF RESULT
2540 005022  5623          JMP I .+1       /CALL ALGORITHM
2541 005023  4732          ARCALG
2542 005024  2362  ARCRTN, ISZ FLAG1       /RETURN HERE
2543 005025  5634          JMP I EXIT1
2544 005026  4407          FINT
2545 005027  6635          FPUT I X1
2546 005030  0636          FGET I PI2
2547 005031  2635          FSUB I X1
2548 005032  0000          FEXT
2549 005033  5634          JMP I .+1
2550 005034  5302  EXIT1,  EXIT2
2551               
2552               /CONSTANTS FOR ARCTANGENT
2553 005035  5322  X1,     X
2554 005036  5316  PI2,    PIOT
2555 005037  4716  CON1,   ONE
2556               
2557               
2558 005040  1045  FLOG,   GETSGN          /FLOATING LOGARITHM
2559 005041  7450          SNA
2560 005042  4566          ERROR3          /ZERO ARGUEMENT FOR LOG
2561 005043  7710          SPA CLA
2562 005044  4566          ERROR3          /NEGATIVE ARGUMENT
2563 005045  4407          FINT
2564 005046  6756          FPUT I TEM
2565 005047  2637          FSUB I CON1
2566 005050  0000          FEXT
2567 005051  1045          GETSGN
2568 005052  7450          SNA
2569 005053  5536          RETURN
2570 005054  7700          SMA CLA
2571 005055  5264          JMP STARTL
2572 005056  4407          FINT
2573 005057  0637          FGET I CON1
2574 005060  3756          FDIV I TEM
2575 005061  6756          FPUT I TEM
2576 005062  0000          FEXT
2577 005063  7240          CLA CMA
2578 005064  3033  STARTL, DCA T3
2579 005065  1005          TAD P13
2580 005066  3044          DCA FLAC
2581 005067  7040          CMA
2582 005070  1756          TAD I TEM
2583 005071  3045          DCA FLAC+1
2584 005072  3046          DCA FLAC+2
2585 005073  3047          DCA FLAC+3
2586 005074  7001          IAC
2587 005075  3756          DCA I TEM
2588 005076  4407          FINT
2589 005077  4357          FMUL LOG2
2590 005100  6635          FPUT I X1
2591 005101  0756          FGET I TEM
2592 005102  2637          FSUB I CON1
2593 005103  6756          FPUT I TEM
2594 005104  4353          FMUL LOG8
2595 005105  1350          FADD LOG7
2596 005106  4756          FMUL I TEM
2597 005107  1345          FADD LOG6
2598 005110  4756          FMUL I TEM
2599 005111  1342          FADD LOG5
2600 005112  4756          FMUL I TEM
2601 005113  1337          FADD L4
2602 005114  4756          FMUL I TEM
2603 005115  1334          FADD L3
2604 005116  4756          FMUL I TEM
2605 005117  1331          FADD L2
2606 005120  4756          FMUL I TEM
2607 005121  1326          FADD L1
2608 005122  4756          FMUL I TEM
2609 005123  1635          FADD I X1
2610 005124  0000          FEXT
2611 005125  5634          JMP I EXIT1
2612               
2613               
2614 005126  0000  L1,     0000
2615 005127  3777          3777
2616 005130  7742          7742
2617 005131  7777  L2,     7777
2618 005132  4000          4000
2619 005133  4100          4100
2620 005134  7777  L3,     7777
2621 005135  2517          2517
2622 005136  0310          0310
2623 005137  7776  L4,     7776
2624 005140  4113          4113
2625 005141  7211          7211
2626               
2627               /LOGARITHM CONSTANTS
2628               
2629 005142  7776  LOG5,   7776
2630 005143  2535          2535
2631 005144  3301          3301
2632 005145  7775  LOG6,   7775
2633 005146  4746          4746
2634 005147  0771          0771
2635 005150  7774  LOG7,   7774
2636 005151  2236          2236
2637 005152  4304          4304
2638 005153  7771  LOG8,   7771
2639 005154  4544          4544
2640 005155  1735          1735
2641               
2642 005156  4726  TEM,    TEMP
2643 005157  0000  LOG2,   0
2644 005160  2613          2613
2645 005161  4414          4414
2646 005162  0000  FLAG1,  0
2647               
2648               
2649               
2650               
2651 005163  0000  FNEG,   0
2652 005164  4451          JMS I MINSKI
2653 005165  7240          CLA CMA
2654 005166  5763          JMP I FNEG
2655               
2656               
2657               /------------------------------------------------------------
2658               /------------------------------------------------------------
2659               /FLOATING POINT SINE AND COSINE
2660               
2661               *5200
2662               
2663 005200  4407  FCOS,   FINT            /COS(X)=SIN(PI/2-X)
2664 005201  6322          FPUT X
2665 005202  0316          FGET PIOT
2666 005203  2322          FSUB X
2667 005204  0000          FEXT
2668 005205  1045  FSIN,   GETSGN
2669 005206  7740          SMA SZA CLA
2670 005207  5215          JMP MOD
2671 005210  1045          GETSGN
2672 005211  7700          SMA CLA
2673 005212  5536          RETURN          /YES SIN(0)=0
2674 005213  4451          JMS I MINSKI
2675 005214  7040          CMA             /NO:SIN(-X)=-SIN(X)
2676 005215  3033  MOD,    DCA T3
2677                       /REDUCE X MODULO 2 PI
2678 005216  4407          FINT
2679 005217  3306          FDIV TWOPI
2680 005220  6326          FPUT XSQR
2681 005221  0000          FEXT
2682 005222  4453          JMS I INTEGER
2683 005223  4407          FINT
2684 005224  7000          FNOR
2685 005225  6322          FPUT X
2686 005226  0326          FGET XSQR
2687 005227  2322          FSUB X
2688 005230  4306          FMUL TWOPI
2689 005231  6322          FPUT X
2690 005232  2312          FSUB PI         /X<PI?
2691 005233  0000          FEXT
2692 005234  1045          GETSGN
2693 005235  7710          SPA CLA
2694 005236  5245          JMP PCHECK      /YES
2695 005237  4407          FINT            /NO, SIN(X-PI)=-SIN(X)
2696 005240  6322          FPUT X
2697 005241  0000          FEXT
2698 005242  1033          TAD T3          /INVERT THE SIGN
2699 005243  7040          CMA
2700 005244  3033          DCA T3
2701               
2702 005245  4407  PCHECK, FINT            /X<PI/2?
2703 005246  0322          FGET X
2704 005247  2316          FSUB PIOT
2705 005250  0000          FEXT
2706 005251  1045          GETSGN
2707 005252  7710          SPA CLA
2708 005253  5261          JMP PALG        /YES
2709 005254  4407          FINT            /NO
2710 005255  0312          FGET PI         /SIN(X)=SIN(PI-X)
2711 005256  2322          FSUB X
2712 005257  6322          FPUT X
2713 005260  0000          FEXT
2714               
2715 005261  4407  PALG,   FINT
2716 005262  0322          FGET X
2717 005263  3316          FDIV PIOT
2718 005264  6322          FPUT X
2719 005265  4322          FMUL X
2720 005266  6326          FPUT XSQR
2721 005267  0332          FGET C9
2722 005270  4326          FMUL XSQR
2723 005271  1336          FADD C7
2724 005272  4326          FMUL XSQR
2725 005273  1342          FADD C5
2726 005274  4326          FMUL XSQR
2727 005275  1346          FADD C3
2728 005276  4326          FMUL XSQR
2729 005277  1316          FADD PIOT
2730 005300  4322          FMUL X
2731 005301  0000          FEXT
2732 005302  2033  EXIT2,  ISZ T3
2733 005303  5536          RETURN
2734 005304  4451          JMS I MINSKI
2735 005305  5536          RETURN
2736               
2737               /CONSTANTS AND POINTERS
2738               
2739               
2740               
2741 005306  0003  TWOPI,  0003
2742 005307  3110          3110
2743 005310  3756          3756    /(3755) - FOR 4-WORD
2744 005311  3235          3235
2745               
2746 005312  0002  PI,     0002
2747 005313  3110          3110
2748 005314  3756          3756
2749 005315  3235          3235
2750               
2751 005316  0001  PIOT,   0001            /USED BY SINE AND COSINE
2752 005317  3110          3110
2753 005320  3756          3756
2754 005321  3235          3235
2755               
2756 005322  0000  X,      0000
2757 005323  0000          0000
2758 005324  0000          0000
2759 005325  0000          0000
2760               
2761 005326  0000  XSQR,   0000
2762 005327  0000          0000
2763 005330  0000          0000
2764 005331  0000          0000
2765               
2766               /SINE CONSTANTS
2767               
2768 005332  7764  C9,     7764
2769 005333  2501          2501
2770 005334  7015          7015
2771 005335  1042          1042
2772 005336  7771  C7,     7771
2773 005337  5464          5464
2774 005340  5514          5514
2775 005341  6150          6150
2776 005342  7775  C5,     7775
2777 005343  2431          2431
2778 005344  5361          5361
2779 005345  4736          4736
2780 005346  0000  C3,     0000
2781 005347  5325          5325
2782 005350  0414          0414
2783 005351  3167          3167
2784               
2785               /END OF EXTENDED FUNCTIONS.
2786               
2787               /***********************************************************************
2788               NOPUNCH

A       0045
ABSOL   6751
ABSOL2  6153
ABSOL3  7375
ABSOLV  5571
AC1H    0041
AC1L    0042
ACMINS  6603
ADD     0061
ADDR    0040
ADONE   6673
AF      4677
ALF1    4760
ALF2    4763
ALFZ    4755
ALGN    6570
ALIGN   6623
ALIST   1372
AMOUNT  6722
ARCALG  4732
ARCRTN  5024
ARGNXT  1723
ARTN    5000
ASHFT   6665
ASK     1202
ATEI    4465
ATES    4513
ATLIST  1570
ATSW    0056
AXIN    0010
AXOUT   0017
B       0046
BACK    5503
BEGIN   4371
BET1    4771
BET2    4774
BETZ    4766
BF      4702
BFX     4557
BFXX    4556
BOTTOM  0035
BUFBEG  3217
BUFFER  7470
BUFR    0060
BUFST   5531
C       0047
C100    0006
C140    2554
C144    6140
C200    0123
C260    0113
C3      5346
C5      5342
C7      5336
C9      5332
CCR     0077
CEX1    6504
CEXP    6503
CF      4705
CFRS    0133
CFRSX   0137
CHAR    0066
CHIN    2155
CHRT    6133
CLCU    7427
CLF     0076
CNTR    0057
COL     1255
COMBOT  0226
COMBUF  0132
COMEIN  3140
COMEOU  3206
COMGO   1163
COMLST  0774
COMMEN  0614
CON1    5037
CSTAR   0225
D       0041
DATUM   7102
DATUMA  7252
DCONP   6303
DCONT   0471
DCOUNT  6143
DDTJR   0004
DEBGSW  0026
DECON   5627
DECONV  5600
DECP    5533
DECR    5521
DELETE  4565
DF      4710
DGRP    0425
DGRP1   0441 unreferenced
DIG     5543
DIGIT   5713
DIGITS  0006
DIV1    5754
DIV2    6757
DIVIDE  7150
DMDONE  7063
DMPSW   0100
DMULT   7004
DMULT4  7036
DNORM   7335
DNUMBR  5714
DO      0420
DOK     2111
DONE    2127
DOONE   0463
DOUBLE  0127
DPCVPT  6302
DPN     6305
DPT     6145
DSAVE   5640
DTST    5647
DUBDIV  7261
DUBLAD  5733
DV3     7267
E       0042
ECALL   1601
ECHOLS  1624
EFOP    0056
EFUN    1743
EFUN2   1754
EFUN3   2017
EFUN3I  0136
ELPAR   1763
END     0134
ENDFI   6243
ENDLN   4556
ENDT    0135
ENUM    1732
EPAR    1710
EPAR2   1765
ER5     4555
ERASE   2204
ERG     2225
ERL     2222
ERR2    2726
ERROR2  4566
ERROR3  4566
ERROR4  4566
ERROR5  2725
ERT     2214
ERV     2217
ERVX    2237
ESCA    2532
ETERM   1647
ETERM1  1627
ETERM2  1655
ETERMN  1644
EVAL    1613
EX1     0040
EXIT    2646
EXIT1   5034
EXIT2   5302
EXIT3   7363
EXITJ   2661
EXP     0044
EXTR    2313
F       0043
FADD    11000
FCONT   1101
FCOS    5200
FCOUNT  5535
FDIV    13000
FEND3   2267
FEXP    4620
FEXT    0000
FGET    10000
FGO2    6011
FGO3    6027
FGO4    6034
FGO5    6070
FIGO1   6221
FIGO4   6261
FINCR   1065
FINDLN  4555
FINDN   2246
FINFIN  1137
FINKP   1133
FINPUT  0131
FINT    4407
FISW    0052
FIX     6724
FIXM    6753
FLAC    0044
FLAD    6506
FLAG1   5162
FLAG2   4725
FLARG   2030
FLARGP  0125
FLDV    7107
FLEX    6525
FLGT    6467
FLIMIT  1075
FLINTP  6200
FLIST1  0577
FLIST2  0574
FLMY    6563
FLOG    5040
FLOP    1674
FLOUT   5556
FLOUTP  6000
FLPT    6465
FLSU    6505
FLTONE  2405
FLTXR   0014
FLTXR2  0015
FLTZER  2407
FM12    6142
FMUL    14000
FNEG    5163
FNOR    7000
FNPT    4554
FNTABF  0374
FNTABL  2165
FOR     1041
FOUTPU  0130
FPAC1   7474
FPNT    6400
FPOW    15000 unreferenced
FPRNT   5465
FPUT    16000
FRST    3206
FRSTX   3215
FSIN    5205
FSUB    12000
FXIT    0000
G8L     4466
GECALL  1460
GEND    2334
GERR    0340
GET1    2330
GET3    2345
GETARG  1403
GETC    4545
GETLN   4554
GETSGN  1045
GETVAR  1407
GEXIT   0352
GFND1   1505
GINC    0070
GLIST   1377
GO      5021
GONE    0232
GOTO    0603
GRPTST  0744
GS1     1437
GS2     1461
GS3     1441
GS4     1454
GSERCH  1426
GTEM    0021
GZERR   0362
HINBUF  0037
HORD    0045
HREAD   6321
HREAD2  6324
HSGO    6364
HSPSW   6375
HSPX    6361
HSWITC  6343
HTST    6376
I33     2414
IBAR    0212
IECALL  1037
IF      1013
IF1     1035
IF3     1025
IGNOR   0217
ILIST   0771
IN      5513
INBUF   0034
INDEV   0064
INDRCT  6463
INFIX   2401
INLIST  0570
INORM   6307
INPUT   0756
INPUTX  0271
INSUB   0036
INTEGE  0053
INTRPT  2603
IOBUF   3120
IPART   1040
IRETN   0227
ITABLE  6573
ITER1   7470
JUMP    6462
K4      5525
KCF     6030
KINT    2625
L1      5126
L2      5131
L3      5134
L4      5137
L8A     4550 unreferenced
L8AX    4553
L8AY    4552
L8B     4551 unreferenced
LASTLN  0025
LASTOP  0055
LASTV   0031
LCON    0371
LG2E    4713
LIBRAR  7503
LINENO  0067
LIST3   0077
LIST6   0072
LIST7   0074
LISTGO  1370
LOG2    5157
LOG5    5142
LOG6    5145
LOG7    5150
LOG8    5153
LOOKUP  4571
LOOP01  6431
LORD    0046
LP7     7556
LPRTST  2035
M100    0101
M10PT   6147
M11     0121
M12     2413
M137    2357
M140    2556
M144    6137
M2      0111
M20     0105
M240    0114
M260    1526
M271    1527
M4      6141
M40     2356
M5      0120
M77     0103
MBREAK  2602
MCOM    1136 unreferenced
MCR     0116
MD      5526
MEQ     1135
MF      0602
MFLT    0117
MIF     7260
MINE    5662
MINSKI  0051
MINUS2  7153
MINUSA  0112
MINUSE  6301
MINUSZ  5663
MOD     5215
MODIFY  1256
MP1     7254
MP2     7256
MP3     7255
MP4     7200
MP5     7253
MP6     7210
MPER    0115
MPLUS   5664
MSPACE  5665
MULDIV  7101
MULT    6566
MULT10  5667
MULT2   5715
MULTY   4752
NAGSW   0065
NEGP    4724
NORF    6513
NORM    6567
NORMF   7147
NOX     6675
NOX1    6711
NOX2    6704
O1      4370
O2      4561
O4      4412 unreferenced
O5      4563
O6      4564
OM12    5530
ONE     4716
OOUT    4544
OP      3115
OPMINS  6565
OPNEXT  1622
OPTABL  1731
OPTR0   2663
OPTRI   2665
OPTRO   2664
OPUT    5532
OUT     2465
OUTA    5536
OUTCR   2476
OUTDEV  0063
OUTDG   6154
OUTL    1354
OUTX    2475
OVER1   0043
OVER2   0047
P13     0005
P17     0107
P177    0106
P2      4566
P2000   0373
P27     6750
P277    0110
P3      2034
P337    0075
P377    2553
P40     2552
P4000   0124
P43     6310
P7      4565
P7600   0104
P77     0122
P7700   0101
P7740   0372
PA1     2524
PACBUF  2502
PACKC   4546
PACKST  0027
PACX    2530
PALG    5261
PARTES  2047
PC      0022
PC1     0614
PCHECK  5245
PCHK    0510
PCK1    2535
PD2     0534
PD3     0554
PDLXR   0013
PDP     4562
PDP5    4570
PDP5X   4463
PDP8I   4567
PEQ     6135
PER     0102
PI      5312
PI2     5036
PIOT    5316
PLCE    5536
POPA    1413
POPF    4544
POPJ    5541
PPTEN   6144
PRINTC  4551
PRINTD  7550
PRNT    2442
PRNT2   3114
PRNT8   7527
PRNTI   6132
PRNTLN  4553
PROC    0611
PROCES  0610
PSIN    0165
PT1     0030
PTCH    0126
PTEN    6275
PTEST   1457
PUSHA   4542
PUSHF   4543
PUSHJ   4540
R6      5441
RANO    1530
RAR1    6571
RAR2    6572
RDIV    0152
READC   4552
RECOVR  2740
RECOVX  2761
REMAIN  5712
REPT    6146
RESOL   6752
RESOL3  7376
RESOL5  6304
RESOLV  7173
RESTR   6377
RET     5452
RETRN   1563
RETURN  5536
REVIT   7146
RND2    5527
ROOTGO  7461
ROT     2557
ROUND   6151
RTL6    4557
RUB1    3004
RUB2    3042
RUB3    3030
RUB4    3037
RUB5    3041
RUBIT   2555
SADR    6150
SAVAC   2600
SAVE    3751
SAVLK   2601
SBAR    1302
SCHAR   1273
SCONT   1270
SCOUNT  5534
SET     1041
SEX     1340
SEXC    0740
SFOUND  1306
SGOT    1312
SIGN    7124
SIGNF   0050
SIN     2662
SMIN    6136
SMSP    6134
SORTB   1314
SORTC   4550
SORTCN  0054
SORTJ   4547
SPECIA  6777
SPLAT   3051
SPNOR   4560
SQCON1  7467
SQEND   7465
SRETN   0261
SRNLST  1363
START   0177
STARTL  5064
STARTV  0060
SUBS    1517
T       0000
T1      0032
T12     4426
T2      0071
T3      0033
TABLE   6464
TAG1    6723
TASK    1204
TASK4   1252
TCRLF   1250
TCRLF2  1245
TDUMP   3052
TELSW   0016
TEM     5156
TEMP    4726
TEN     6271
TENPT   6152
TERMS   1770
TEST2   6736
TEST4   7366
TESTA   0322
TESTC   4564
TESTN   4561
TEXTP   0017
TGO     5400
THIR    7257
THISLN  0023
THISOP  0024
TINTR   1240
TLIST   1400
TLIST2  1404
TLIST3  2377
TQUOT   1231
TRAD    6573
TSTGRP  4563
TSTLPR  4562
TWO     4721
TWOPI   5306
TYPE    1203
TYPE2   1225
UTE     2276
UTQ     2305
UTRA    2274
UTX     2316
VAL     0032
WALL    0664
WORDS   0003
WRITE   0635
WTEST2  0653
WTESTG  0667
WX      0673
X       5322
X1      5035
X2      4675
XABS    2014
XADC    1343
XCT     0020
XCTIN   0062
XDELET  2062
XDYS    1142 unreferenced
XENDLN  2360
XF      4560
XFIND   2242
XGETLN  0302
XI33    2666
XIN     6306
XINPUT  5666
XINT    1160
XOUTL   2676
XPOPJ   1565
XPRNT   2425
XPUSHA  0477
XPUSHJ  0521
XRAN    1553
XRAR2   7365
XRT     0011
XRT2    0012
XRTL6   0413
XSGN    2010
XSORTC  0721
XSPNOR  1517
XSQ2    4676
XSQR    5326
XSQRT   7400
XT3     0717
XTESTC  0700
XTESTN  1533
XYZ     2451
ZERO    6520
