   1               /FOCAL-8 REMOVE
   2               /DEC-08-LFRRA-A-LA2
   3               
   4               /OCTOBER 1971                           SM
   5               
   6               /COPYRIGHT 1971 DIGITAL EQUIPMENT CORPORATION
   7               /       MAYNARD,MASSACHUSETTS 01754
   8               
   9               /ASSEMBLY INSTRUCTIONS:
  10               /.R PAL8 OR .R PAL10
  11               /*REMOVE,REMOVE_REMOVE
  12               
  13               
  14               ERROR5=2725
  15               
  16               *35
  17 000035  5377          5377            /NEW UPPER LIMIT OF BUFFER
  18               
  19               *402
  20 000402  2725          ERROR5
  21 000403  2725          ERROR5
  22 000404  2725          ERROR5
  23 000405  2725          ERROR5
  24 000406  2725          ERROR5
  25               
  26               $

ERROR5  2725
