
umd02_MAINDEC-12-D7AC-U0.dsk
DIAL Name	TBLK	TLEN	BBLK	BLEN
---------	----	----	----	----
PIP     	 604	   1	 251	  17
MARK12  	 603	   1	 470	   7
RIMLDR  	 605	   1	 477	   3
BINLDR  	 606	   1	 502	   3
CBL     	 607	   1	 505	   3
CBH     	 104	   1	 245	   4
ADDRSLO 	 612	   1	 510	   3
ADDRSHI 	 103	   1	 241	   4
ADDRS12 	 611	   1	 513	   2
RANISZ  	 101	   1	 515	   5
RANJMP  	 102	   1	 235	   4
JMPJMS  	 100	   1	 522	   4
JMPSELF 	 610	   1	 233	   2
MEMDATA 	 613	   1	 231	   2
INST1   	 614	   1	 526	  13
INST2   	  77	   1	 217	  12
INST2A  	 726	   1	 203	  14
INST2B  	 602	   1	 541	   6
LPEXTM  	 202	   1	 547	  15
PRINTEC 	 174	   1	 123	   6
CPTST1  	 712	   1	 564	   4
CPTST2  	 713	   1	 146	  21
CPTST3  	 725	   1	 131	  15
TTY1    	 714	   1	 570	   7
TTY2    	 715	   1	 615	  13
..12F   	    	    	    	    
..12A   	    	    	    	    
..RFAIL 	    	    	    	    
EXTMC   	 717	   1	 113	   6
EXTAT   	 720	   1	 644	  10
EXTCB   	 721	   1	 654	  11
EXTMC12 	   1	   1	  74	   3
..RBAGE 	    	    	    	    
TC12 I  	 770	   1	  41	  21
TC12 II 	 771	   1	 727	  15
TAPEDATA	 767	   1	 107	   4
ADTST   	 761	   1	  34	   5
RELAYTST	 762	   1	 706	   4
DISPTST 	 763	   1	  30	   4
KW12A   	 772	   1	   6	  21
..12BC  	    	    	    	    
ONOFF   	 765	   1	 722	   3
..LCOMP 	    	    	    	    
CB12    	 773	   1	   3	   3
TAPEXER 	 173	   1	 665	  10
..EXTM  	    	    	    	    
SNSDIS  	 701	   4	 675	   4
